Using pre-set license
Built from '2022.3/staging' branch; Version is '2022.3.2f1 (d74737c6db50) revision 14108471'; Using compiler version '192829333'; Build Type 'Release'
OS: 'Windows 11  (10.0.22631) 64bit Core' Language: 'en' Physical Memory: 16087 MB
BatchMode: 1, IsHumanControllingUs: 0, StartBugReporterOnCrash: 0, Is64bit: 1, IsPro: 1

COMMAND LINE ARGUMENTS:
C:\Program Files\Unity\Hub\Editor\2022.3.2f1\Editor\Unity.exe
-adb2
-batchMode
-noUpm
-name
AssetImportWorker4
-projectPath
C:/Users/Lolita/Desktop/Crawling3dd
-logFile
Logs/AssetImportWorker4.log
-srvPort
55411
Successfully changed project path to: C:/Users/Lolita/Desktop/Crawling3dd
C:/Users/Lolita/Desktop/Crawling3dd
[UnityMemory] Configuration Parameters - Can be set up in boot.config
    "memorysetup-bucket-allocator-granularity=16"
    "memorysetup-bucket-allocator-bucket-count=8"
    "memorysetup-bucket-allocator-block-size=33554432"
    "memorysetup-bucket-allocator-block-count=8"
    "memorysetup-main-allocator-block-size=16777216"
    "memorysetup-thread-allocator-block-size=16777216"
    "memorysetup-gfx-main-allocator-block-size=16777216"
    "memorysetup-gfx-thread-allocator-block-size=16777216"
    "memorysetup-cache-allocator-block-size=4194304"
    "memorysetup-typetree-allocator-block-size=2097152"
    "memorysetup-profiler-bucket-allocator-granularity=16"
    "memorysetup-profiler-bucket-allocator-bucket-count=8"
    "memorysetup-profiler-bucket-allocator-block-size=33554432"
    "memorysetup-profiler-bucket-allocator-block-count=8"
    "memorysetup-profiler-allocator-block-size=16777216"
    "memorysetup-profiler-editor-allocator-block-size=1048576"
    "memorysetup-temp-allocator-size-main=16777216"
    "memorysetup-job-temp-allocator-block-size=2097152"
    "memorysetup-job-temp-allocator-block-size-background=1048576"
    "memorysetup-job-temp-allocator-reduction-small-platforms=262144"
    "memorysetup-allocator-temp-initial-block-size-main=262144"
    "memorysetup-allocator-temp-initial-block-size-worker=262144"
    "memorysetup-temp-allocator-size-background-worker=32768"
    "memorysetup-temp-allocator-size-job-worker=262144"
    "memorysetup-temp-allocator-size-preload-manager=33554432"
    "memorysetup-temp-allocator-size-nav-mesh-worker=65536"
    "memorysetup-temp-allocator-size-audio-worker=65536"
    "memorysetup-temp-allocator-size-cloud-worker=32768"
    "memorysetup-temp-allocator-size-gi-baking-worker=262144"
    "memorysetup-temp-allocator-size-gfx=262144"
Player connection [20836] Host "[IP] 192.168.56.1 [Port] 0 [Flags] 2 [Guid] 3091265614 [EditorId] 3091265614 [Version] 1048832 [Id] WindowsEditor(7,MSI) [Debug] 1 [PackageName] WindowsEditor [ProjectName] Editor" joined multi-casting on [225.0.0.222:54997]...

Player connection [20836] Host "[IP] 192.168.56.1 [Port] 0 [Flags] 2 [Guid] 3091265614 [EditorId] 3091265614 [Version] 1048832 [Id] WindowsEditor(7,MSI) [Debug] 1 [PackageName] WindowsEditor [ProjectName] Editor" joined alternative multi-casting on [225.0.0.222:34997]...

Refreshing native plugins compatible for Editor in 4.38 ms, found 3 plugins.
Preloading 0 native plugins for Editor in 0.00 ms.
Initialize engine version: 2022.3.2f1 (d74737c6db50)
[Subsystems] Discovering subsystems at path C:/Program Files/Unity/Hub/Editor/2022.3.2f1/Editor/Data/Resources/UnitySubsystems
[Subsystems] Discovering subsystems at path C:/Users/Lolita/Desktop/Crawling3dd/Assets
GfxDevice: creating device client; threaded=0; jobified=0
Direct3D:
    Version:  Direct3D 11.0 [level 11.1]
    Renderer: NVIDIA GeForce RTX 4070 Laptop GPU (ID=0x2820)
    Vendor:   NVIDIA
    VRAM:     7948 MB
    Driver:   32.0.15.6636
Initialize mono
Mono path[0] = 'C:/Program Files/Unity/Hub/Editor/2022.3.2f1/Editor/Data/Managed'
Mono path[1] = 'C:/Program Files/Unity/Hub/Editor/2022.3.2f1/Editor/Data/MonoBleedingEdge/lib/mono/unityjit-win32'
Mono config path = 'C:/Program Files/Unity/Hub/Editor/2022.3.2f1/Editor/Data/MonoBleedingEdge/etc'
Using monoOptions --debugger-agent=transport=dt_socket,embedding=1,server=y,suspend=n,address=127.0.0.1:56412
Begin MonoManager ReloadAssembly
Registering precompiled unity dll's ...
Register platform support module: C:/Program Files/Unity/Hub/Editor/2022.3.2f1/Editor/Data/PlaybackEngines/WindowsStandaloneSupport/UnityEditor.WindowsStandalone.Extensions.dll
Registered in 0.291776 seconds.
- Loaded All Assemblies, in  3.522 seconds
Native extension for WindowsStandalone target not found
Mono: successfully reloaded assembly
- Finished resetting the current domain, in  0.202 seconds
Domain Reload Profiling: 3723ms
	BeginReloadAssembly (66ms)
		ExecutionOrderSort (0ms)
		DisableScriptedObjects (0ms)
		BackupInstance (0ms)
		ReleaseScriptingObjects (0ms)
		CreateAndSetChildDomain (0ms)
	RebuildCommonClasses (22ms)
	RebuildNativeTypeToScriptingClass (7ms)
	initialDomainReloadingComplete (333ms)
	LoadAllAssembliesAndSetupDomain (3093ms)
		LoadAssemblies (64ms)
		RebuildTransferFunctionScriptingTraits (0ms)
		AnalyzeDomain (3089ms)
			TypeCache.Refresh (3088ms)
				TypeCache.ScanAssembly (2197ms)
			ScanForSourceGeneratedMonoScriptInfo (0ms)
			ResolveRequiredComponents (1ms)
	FinalizeReload (203ms)
		ReleaseScriptCaches (0ms)
		RebuildScriptCaches (0ms)
		SetupLoadedEditorAssemblies (159ms)
			LogAssemblyErrors (0ms)
			InitializePlatformSupportModulesInManaged (6ms)
			SetLoadedEditorAssemblies (6ms)
			RefreshPlugins (0ms)
			BeforeProcessingInitializeOnLoad (2ms)
			ProcessInitializeOnLoadAttributes (100ms)
			ProcessInitializeOnLoadMethodAttributes (45ms)
			AfterProcessingInitializeOnLoad (0ms)
			EditorAssembliesLoaded (0ms)
		ExecutionOrderSort2 (0ms)
		AwakeInstancesAfterBackupRestoration (0ms)
========================================================================
Worker process is ready to serve import requests
Begin MonoManager ReloadAssembly
Symbol file LoadedFromMemory doesn't match image C:\Users\Lolita\Desktop\Crawling3dd\Library\PackageCache\com.unity.visualscripting@1.8.0\Editor\VisualScripting.Core\Dependencies\YamlDotNet\Unity.VisualScripting.YamlDotNet.dll
Symbol file LoadedFromMemory doesn't match image C:\Users\Lolita\Desktop\Crawling3dd\Library\PackageCache\com.unity.visualscripting@1.8.0\Editor\VisualScripting.Core\Dependencies\DotNetZip\Unity.VisualScripting.IonicZip.dll
- Loaded All Assemblies, in 14.270 seconds
Refreshing native plugins compatible for Editor in 1.84 ms, found 3 plugins.
Native extension for WindowsStandalone target not found
Mono: successfully reloaded assembly
- Finished resetting the current domain, in  0.696 seconds
Domain Reload Profiling: 14958ms
	BeginReloadAssembly (106ms)
		ExecutionOrderSort (0ms)
		DisableScriptedObjects (4ms)
		BackupInstance (0ms)
		ReleaseScriptingObjects (0ms)
		CreateAndSetChildDomain (18ms)
	RebuildCommonClasses (27ms)
	RebuildNativeTypeToScriptingClass (7ms)
	initialDomainReloadingComplete (34ms)
	LoadAllAssembliesAndSetupDomain (14087ms)
		LoadAssemblies (13075ms)
		RebuildTransferFunctionScriptingTraits (0ms)
		AnalyzeDomain (1066ms)
			TypeCache.Refresh (1052ms)
				TypeCache.ScanAssembly (955ms)
			ScanForSourceGeneratedMonoScriptInfo (10ms)
			ResolveRequiredComponents (3ms)
	FinalizeReload (696ms)
		ReleaseScriptCaches (0ms)
		RebuildScriptCaches (0ms)
		SetupLoadedEditorAssemblies (573ms)
			LogAssemblyErrors (0ms)
			InitializePlatformSupportModulesInManaged (5ms)
			SetLoadedEditorAssemblies (3ms)
			RefreshPlugins (0ms)
			BeforeProcessingInitializeOnLoad (49ms)
			ProcessInitializeOnLoadAttributes (494ms)
			ProcessInitializeOnLoadMethodAttributes (15ms)
			AfterProcessingInitializeOnLoad (6ms)
			EditorAssembliesLoaded (0ms)
		ExecutionOrderSort2 (0ms)
		AwakeInstancesAfterBackupRestoration (7ms)
Launched and connected shader compiler UnityShaderCompiler.exe after 0.10 seconds
Refreshing native plugins compatible for Editor in 2.75 ms, found 3 plugins.
Preloading 0 native plugins for Editor in 0.00 ms.
Unloading 3174 Unused Serialized files (Serialized files now loaded: 0)
Unloading 29 unused Assets / (56.3 KB). Loaded Objects now: 3638.
Memory consumption went from 117.8 MB to 117.7 MB.
Total: 3.930500 ms (FindLiveObjects: 0.305700 ms CreateObjectMapping: 0.088400 ms MarkObjects: 3.418200 ms  DeleteObjects: 0.116600 ms)

AssetImportParameters requested are different than current active one (requested -> active):
  custom:container-demuxer-ogg: 62fdf1f143b41e24485cea50d1cbac27 -> 
  custom:video-codec-MediaFoundation-h265: 746d11721c4dcdbdad8f713fa42b33f4 -> 
  custom:video-decoder-ogg-theora: a1e56fd34408186e4bbccfd4996cb3dc -> 
  custom:framework-win-MediaFoundation: 216162199b28c13a410421893ffa2e32 -> 
  custom:container-demuxer-webm: 4f35f7cbe854078d1ac9338744f61a02 -> 
  custom:container-muxer-webm: aa71ff27fc2769a1b78a27578f13a17b -> 
  custom:video-decoder-webm-vp8: 9c59270c3fd7afecdb556c50c9e8de78 -> 
  custom:AudioImporter_EditorPlatform: d09bf68614088b80899f8185d706f6e7 -> 
  custom:video-encoder-webm-vp8: eb34c28f22e8b96e1ab97ce403110664 -> 
  custom:audio-decoder-ogg-vorbis: bf7c407c2cedff20999df2af8eb42d56 -> 
  custom:audio-encoder-webm-vorbis: bf7c407c2cedff20999df2af8eb42d56 -> 
========================================================================
Received Prepare
Refreshing native plugins compatible for Editor in 2.33 ms, found 3 plugins.
Preloading 0 native plugins for Editor in 0.00 ms.
Unloading 1 Unused Serialized files (Serialized files now loaded: 0)
Unloading 1 unused Assets / (3.0 KB). Loaded Objects now: 3638.
Memory consumption went from 68.0 MB to 68.0 MB.
Total: 3.216800 ms (FindLiveObjects: 0.210300 ms CreateObjectMapping: 0.145200 ms MarkObjects: 2.832500 ms  DeleteObjects: 0.027800 ms)

Prepare: number of updated asset objects reloaded= 0
AssetImportParameters requested are different than current active one (requested -> active):
  custom:container-demuxer-ogg: 62fdf1f143b41e24485cea50d1cbac27 -> 
  custom:video-codec-MediaFoundation-h265: 746d11721c4dcdbdad8f713fa42b33f4 -> 
  custom:video-decoder-ogg-theora: a1e56fd34408186e4bbccfd4996cb3dc -> 
  custom:framework-win-MediaFoundation: 216162199b28c13a410421893ffa2e32 -> 
  custom:container-demuxer-webm: 4f35f7cbe854078d1ac9338744f61a02 -> 
  custom:container-muxer-webm: aa71ff27fc2769a1b78a27578f13a17b -> 
  custom:video-decoder-webm-vp8: 9c59270c3fd7afecdb556c50c9e8de78 -> 
  custom:SearchIndexIgnoredProperties: e643bd26f0fe6173181afceb89e7c659 -> 
  custom:AudioImporter_EditorPlatform: d09bf68614088b80899f8185d706f6e7 -> 
  custom:video-encoder-webm-vp8: eb34c28f22e8b96e1ab97ce403110664 -> 
  custom:audio-decoder-ogg-vorbis: bf7c407c2cedff20999df2af8eb42d56 -> 
  custom:audio-encoder-webm-vorbis: bf7c407c2cedff20999df2af8eb42d56 -> 
========================================================================
Received Import Request.
  Time since last request: 268431.636952 seconds.
  path: Assets/KinematicCharacterController/Core/Editor/ReadOnlyPropertyDrawer.cs
  artifactKey: Guid(0d4351ab88853824b85a8f458928d825) Importer(2089858483,0ecaa5967403d082aa24f35e1b516d23)
Start importing Assets/KinematicCharacterController/Core/Editor/ReadOnlyPropertyDrawer.cs using Guid(0d4351ab88853824b85a8f458928d825) Importer(2089858483,0ecaa5967403d082aa24f35e1b516d23) Generated GUIDs only implemented for interfaces!
 -> (artifact id: 'df3d9ef4f5b961bc4fd025727ed2b443') in 0.095287 seconds
Number of updated asset objects reloaded before import = 0
Number of asset objects unloaded after import = 1
========================================================================
Received Import Request.
  Time since last request: 0.000014 seconds.
  path: Assets/KinematicCharacterController/Examples/Models/StepTest2.fbx
  artifactKey: Guid(528aba6b065f6b24f85b2da0c3a616c9) Importer(2089858483,0ecaa5967403d082aa24f35e1b516d23)
Start importing Assets/KinematicCharacterController/Examples/Models/StepTest2.fbx using Guid(528aba6b065f6b24f85b2da0c3a616c9) Importer(2089858483,0ecaa5967403d082aa24f35e1b516d23) Generated GUIDs only implemented for interfaces!
 -> (artifact id: '0f14dd1732ac62aae4d97ee1da9e403b') in 0.086273 seconds
Number of updated asset objects reloaded before import = 0
Number of asset objects unloaded after import = 9
========================================================================
Received Import Request.
  Time since last request: 0.000018 seconds.
  path: Assets/KinematicCharacterController/Examples/Materials/Grid200.mat
  artifactKey: Guid(a6501adaf78814c43b95d27ec855fc02) Importer(2089858483,0ecaa5967403d082aa24f35e1b516d23)
Start importing Assets/KinematicCharacterController/Examples/Materials/Grid200.mat using Guid(a6501adaf78814c43b95d27ec855fc02) Importer(2089858483,0ecaa5967403d082aa24f35e1b516d23) Generated GUIDs only implemented for interfaces!
 -> (artifact id: '13583207249ede6c283670758411ddb7') in 0.055912 seconds
Number of updated asset objects reloaded before import = 0
Number of asset objects unloaded after import = 2
========================================================================
Received Import Request.
  Time since last request: 0.000026 seconds.
  path: Assets/KinematicCharacterController/Core/Editor/KinematicCharacterMotorEditor.cs
  artifactKey: Guid(7db3ed6d74cbf2b489cab5e1586bed7a) Importer(2089858483,0ecaa5967403d082aa24f35e1b516d23)
Start importing Assets/KinematicCharacterController/Core/Editor/KinematicCharacterMotorEditor.cs using Guid(7db3ed6d74cbf2b489cab5e1586bed7a) Importer(2089858483,0ecaa5967403d082aa24f35e1b516d23) Generated GUIDs only implemented for interfaces!
 -> (artifact id: 'b12ff6810ab7c40dedc4679a534e7c10') in 0.016412 seconds
Number of updated asset objects reloaded before import = 0
Number of asset objects unloaded after import = 1
========================================================================
Received Import Request.
  Time since last request: 0.000031 seconds.
  path: Assets/KinematicCharacterController/Examples/Scripts/PlanetManager.cs
  artifactKey: Guid(e89f443ce54ba1e469d5dd7141034d04) Importer(2089858483,0ecaa5967403d082aa24f35e1b516d23)
Start importing Assets/KinematicCharacterController/Examples/Scripts/PlanetManager.cs using Guid(e89f443ce54ba1e469d5dd7141034d04) Importer(2089858483,0ecaa5967403d082aa24f35e1b516d23) Generated GUIDs only implemented for interfaces!
 -> (artifact id: '355dd77116e5a2d89f3fb9c56e1e1c68') in 0.010114 seconds
Number of updated asset objects reloaded before import = 0
Number of asset objects unloaded after import = 1
========================================================================
Received Import Request.
  Time since last request: 0.000015 seconds.
  path: Assets/Scripts/Players/Monsters/FireElemental.cs
  artifactKey: Guid(a71395f5f64bba54bae31f7ba257be5e) Importer(2089858483,0ecaa5967403d082aa24f35e1b516d23)
Start importing Assets/Scripts/Players/Monsters/FireElemental.cs using Guid(a71395f5f64bba54bae31f7ba257be5e) Importer(2089858483,0ecaa5967403d082aa24f35e1b516d23) Generated GUIDs only implemented for interfaces!
 -> (artifact id: 'd83603a440cb067a6e1c4107f407af26') in 0.017520 seconds
Number of updated asset objects reloaded before import = 0
Number of asset objects unloaded after import = 1
========================================================================
Received Import Request.
  Time since last request: 0.000039 seconds.
  path: Assets/KinematicCharacterController/Examples/Materials/GhostRed.mat
  artifactKey: Guid(e74834ba16a1b134194339ebb525adf0) Importer(2089858483,0ecaa5967403d082aa24f35e1b516d23)
Start importing Assets/KinematicCharacterController/Examples/Materials/GhostRed.mat using Guid(e74834ba16a1b134194339ebb525adf0) Importer(2089858483,0ecaa5967403d082aa24f35e1b516d23) Generated GUIDs only implemented for interfaces!
 -> (artifact id: 'bffb45d2137748c9b6827e1ced602d7f') in 0.056261 seconds
Number of updated asset objects reloaded before import = 0
Number of asset objects unloaded after import = 1
========================================================================
Received Import Request.
  Time since last request: 0.000017 seconds.
  path: Assets/KinematicCharacterController/Examples/Materials/Grid20.mat
  artifactKey: Guid(362a6030a4cf94047aea778b2ee3f1ea) Importer(2089858483,0ecaa5967403d082aa24f35e1b516d23)
Start importing Assets/KinematicCharacterController/Examples/Materials/Grid20.mat using Guid(362a6030a4cf94047aea778b2ee3f1ea) Importer(2089858483,0ecaa5967403d082aa24f35e1b516d23) Generated GUIDs only implemented for interfaces!
 -> (artifact id: 'af07d51c879cd5febe4f00dc672ce769') in 0.039148 seconds
Number of updated asset objects reloaded before import = 0
Number of asset objects unloaded after import = 2
========================================================================
Received Import Request.
  Time since last request: 0.000015 seconds.
  path: Assets/KinematicCharacterController/APIReference.zip
  artifactKey: Guid(aadf824e76564404c8d43d99803c60a1) Importer(2089858483,0ecaa5967403d082aa24f35e1b516d23)
Start importing Assets/KinematicCharacterController/APIReference.zip using Guid(aadf824e76564404c8d43d99803c60a1) Importer(2089858483,0ecaa5967403d082aa24f35e1b516d23) Generated GUIDs only implemented for interfaces!
 -> (artifact id: 'e649a9383587b7a2c4a386a094c1d028') in 0.023893 seconds
Number of updated asset objects reloaded before import = 0
Number of asset objects unloaded after import = 1
========================================================================
Received Import Request.
  Time since last request: 0.000021 seconds.
  path: Assets/Scripts/Players/Weapons/Weapon.cs
  artifactKey: Guid(3c3b287d3d5695f4895445bb65257121) Importer(2089858483,0ecaa5967403d082aa24f35e1b516d23)
Start importing Assets/Scripts/Players/Weapons/Weapon.cs using Guid(3c3b287d3d5695f4895445bb65257121) Importer(2089858483,0ecaa5967403d082aa24f35e1b516d23) Generated GUIDs only implemented for interfaces!
 -> (artifact id: 'f3121e232239f915f95c830d589e697c') in 0.016183 seconds
Number of updated asset objects reloaded before import = 0
Number of asset objects unloaded after import = 1
========================================================================
Received Import Request.
  Time since last request: 0.000018 seconds.
  path: Assets/KinematicCharacterController/Examples/Scenes/StressTest.unity
  artifactKey: Guid(e7e6427a6e574f24797a36b087c19a17) Importer(2089858483,0ecaa5967403d082aa24f35e1b516d23)
Start importing Assets/KinematicCharacterController/Examples/Scenes/StressTest.unity using Guid(e7e6427a6e574f24797a36b087c19a17) Importer(2089858483,0ecaa5967403d082aa24f35e1b516d23) Generated GUIDs only implemented for interfaces!
 -> (artifact id: '4d79d1b3cc0e674725b59959ef10174e') in 0.016518 seconds
Number of updated asset objects reloaded before import = 0
Number of asset objects unloaded after import = 1
========================================================================
Received Import Request.
  Time since last request: 0.000041 seconds.
  path: Assets/KinematicCharacterController/Examples/Scripts/ExampleMovingPlatform.cs
  artifactKey: Guid(b7edc6957dab9ac4797c1c0912ce3839) Importer(2089858483,0ecaa5967403d082aa24f35e1b516d23)
Start importing Assets/KinematicCharacterController/Examples/Scripts/ExampleMovingPlatform.cs using Guid(b7edc6957dab9ac4797c1c0912ce3839) Importer(2089858483,0ecaa5967403d082aa24f35e1b516d23) Generated GUIDs only implemented for interfaces!
 -> (artifact id: '35729987f033f9733fd80e419e433c71') in 0.017493 seconds
Number of updated asset objects reloaded before import = 0
Number of asset objects unloaded after import = 1
========================================================================
Received Import Request.
  Time since last request: 0.000027 seconds.
  path: Assets/Scripts/Players/Weapons/ShieldSpell.cs
  artifactKey: Guid(9e586bf02dd9cb04bbec5dd5fcd69071) Importer(2089858483,0ecaa5967403d082aa24f35e1b516d23)
Start importing Assets/Scripts/Players/Weapons/ShieldSpell.cs using Guid(9e586bf02dd9cb04bbec5dd5fcd69071) Importer(2089858483,0ecaa5967403d082aa24f35e1b516d23) Generated GUIDs only implemented for interfaces!
 -> (artifact id: '708e08cf3c52f710ad14eb4cc1c1be1a') in 0.020382 seconds
Number of updated asset objects reloaded before import = 0
Number of asset objects unloaded after import = 1
========================================================================
Received Import Request.
  Time since last request: 0.000014 seconds.
  path: Assets/KinematicCharacterController/Walkthrough/10- Multiple movement states setup/Scripts/MyPlayer.cs
  artifactKey: Guid(7bad51a62556c6f4692fd8537d6e2c20) Importer(2089858483,0ecaa5967403d082aa24f35e1b516d23)
Start importing Assets/KinematicCharacterController/Walkthrough/10- Multiple movement states setup/Scripts/MyPlayer.cs using Guid(7bad51a62556c6f4692fd8537d6e2c20) Importer(2089858483,0ecaa5967403d082aa24f35e1b516d23) Generated GUIDs only implemented for interfaces!
 -> (artifact id: '7603e5262b694ecbc981eac0797c5f48') in 0.024101 seconds
Number of updated asset objects reloaded before import = 0
Number of asset objects unloaded after import = 1
========================================================================
Received Import Request.
  Time since last request: 0.000029 seconds.
  path: Assets/KinematicCharacterController/Walkthrough/1- Player Camera Character Setup/Scene/WalkthroughScene1.unity
  artifactKey: Guid(51116ce509f204c439bf161c3492f5f2) Importer(2089858483,0ecaa5967403d082aa24f35e1b516d23)
Start importing Assets/KinematicCharacterController/Walkthrough/1- Player Camera Character Setup/Scene/WalkthroughScene1.unity using Guid(51116ce509f204c439bf161c3492f5f2) Importer(2089858483,0ecaa5967403d082aa24f35e1b516d23) Generated GUIDs only implemented for interfaces!
 -> (artifact id: '628a45ac4b7d7012a570d5486c4ce288') in 0.026194 seconds
Number of updated asset objects reloaded before import = 0
Number of asset objects unloaded after import = 1
========================================================================
Received Import Request.
  Time since last request: 0.000015 seconds.
  path: Assets/KinematicCharacterController/Walkthrough/16- FramePerfect Rotation/Scripts/MyPlayer.cs
  artifactKey: Guid(0d329db918ea3e246adc0bfc1079c749) Importer(2089858483,0ecaa5967403d082aa24f35e1b516d23)
Start importing Assets/KinematicCharacterController/Walkthrough/16- FramePerfect Rotation/Scripts/MyPlayer.cs using Guid(0d329db918ea3e246adc0bfc1079c749) Importer(2089858483,0ecaa5967403d082aa24f35e1b516d23) Generated GUIDs only implemented for interfaces!
 -> (artifact id: '3818a1210c42a3a0968fed7c01945e82') in 0.019335 seconds
Number of updated asset objects reloaded before import = 0
Number of asset objects unloaded after import = 1
========================================================================
Received Import Request.
  Time since last request: 0.000019 seconds.
  path: Assets/KinematicCharacterController/Examples/Models/Materials/No Name.mat
  artifactKey: Guid(6c6572d67b2ed4140a21a7617df3d874) Importer(2089858483,0ecaa5967403d082aa24f35e1b516d23)
Start importing Assets/KinematicCharacterController/Examples/Models/Materials/No Name.mat using Guid(6c6572d67b2ed4140a21a7617df3d874) Importer(2089858483,0ecaa5967403d082aa24f35e1b516d23) Generated GUIDs only implemented for interfaces!
 -> (artifact id: '2690d7c77e20592844951cfb5bace53c') in 0.048218 seconds
Number of updated asset objects reloaded before import = 0
Number of asset objects unloaded after import = 1
========================================================================
Received Import Request.
  Time since last request: 0.000018 seconds.
  path: Assets/KinematicCharacterController/Examples/Scenes/CharacterPlayground/ReflectionProbe-0.exr
  artifactKey: Guid(2a3d4f1397ca4a347b0e11d1bd922a58) Importer(2089858483,0ecaa5967403d082aa24f35e1b516d23)
Start importing Assets/KinematicCharacterController/Examples/Scenes/CharacterPlayground/ReflectionProbe-0.exr using Guid(2a3d4f1397ca4a347b0e11d1bd922a58) Importer(2089858483,0ecaa5967403d082aa24f35e1b516d23) Generated GUIDs only implemented for interfaces!
 -> (artifact id: '43321bc68e3855d7f2a11cdd3922cad0') in 0.061045 seconds
Number of updated asset objects reloaded before import = 0
Number of asset objects unloaded after import = 1
========================================================================
Received Import Request.
  Time since last request: 0.000014 seconds.
  path: Assets/Scripts/Players/Character.cs
  artifactKey: Guid(9e50bfb1a90355a4ea7053eb4005869d) Importer(2089858483,0ecaa5967403d082aa24f35e1b516d23)
Start importing Assets/Scripts/Players/Character.cs using Guid(9e50bfb1a90355a4ea7053eb4005869d) Importer(2089858483,0ecaa5967403d082aa24f35e1b516d23) Generated GUIDs only implemented for interfaces!
 -> (artifact id: '366cfda3f95322d5054f8881663210c6') in 0.022374 seconds
Number of updated asset objects reloaded before import = 0
Number of asset objects unloaded after import = 1
========================================================================
Received Import Request.
  Time since last request: 0.000020 seconds.
  path: Assets/KinematicCharacterController/Walkthrough/15- Root motion example/Scripts/MyCharacterController.cs
  artifactKey: Guid(e96594aad710a0b43a67031fa15f8a06) Importer(2089858483,0ecaa5967403d082aa24f35e1b516d23)
Start importing Assets/KinematicCharacterController/Walkthrough/15- Root motion example/Scripts/MyCharacterController.cs using Guid(e96594aad710a0b43a67031fa15f8a06) Importer(2089858483,0ecaa5967403d082aa24f35e1b516d23) Generated GUIDs only implemented for interfaces!
 -> (artifact id: 'a24e9ed47816d4ea6150a51354a471cc') in 0.017818 seconds
Number of updated asset objects reloaded before import = 0
Number of asset objects unloaded after import = 1
========================================================================
Received Import Request.
  Time since last request: 0.000023 seconds.
  path: Assets/Scripts/Players/Ghost.cs
  artifactKey: Guid(c0126637cc764d4458dac0fdb9525870) Importer(2089858483,0ecaa5967403d082aa24f35e1b516d23)
Start importing Assets/Scripts/Players/Ghost.cs using Guid(c0126637cc764d4458dac0fdb9525870) Importer(2089858483,0ecaa5967403d082aa24f35e1b516d23) Generated GUIDs only implemented for interfaces!
 -> (artifact id: '0a61fcfa9b17e0bfc95cafbb47066b21') in 0.019250 seconds
Number of updated asset objects reloaded before import = 0
Number of asset objects unloaded after import = 1
========================================================================
Received Import Request.
  Time since last request: 0.000051 seconds.
  path: Assets/Scripts/Objects/SawTrap.cs
  artifactKey: Guid(f33e12b62fed6f841b4e6da8e838a5fb) Importer(2089858483,0ecaa5967403d082aa24f35e1b516d23)
Start importing Assets/Scripts/Objects/SawTrap.cs using Guid(f33e12b62fed6f841b4e6da8e838a5fb) Importer(2089858483,0ecaa5967403d082aa24f35e1b516d23) Generated GUIDs only implemented for interfaces!
 -> (artifact id: 'd2e3ebd2b49c2ccd8471eea09de9cce7') in 0.024748 seconds
Number of updated asset objects reloaded before import = 0
Number of asset objects unloaded after import = 1
========================================================================
Received Import Request.
  Time since last request: 0.000019 seconds.
  path: Assets/KinematicCharacterController/UpgradeGuide.pdf
  artifactKey: Guid(bf7d84d269b2ecf4db54490aa12a2044) Importer(2089858483,0ecaa5967403d082aa24f35e1b516d23)
Start importing Assets/KinematicCharacterController/UpgradeGuide.pdf using Guid(bf7d84d269b2ecf4db54490aa12a2044) Importer(2089858483,0ecaa5967403d082aa24f35e1b516d23) Generated GUIDs only implemented for interfaces!
 -> (artifact id: '09a26bd0a082598734274ec32196e70c') in 0.039853 seconds
Number of updated asset objects reloaded before import = 0
Number of asset objects unloaded after import = 1
========================================================================
Received Import Request.
  Time since last request: 0.000066 seconds.
  path: Assets/KinematicCharacterController/Examples/Models/StepTest1.fbx
  artifactKey: Guid(1e5829d00378bbb488aff5a4a8bfbadb) Importer(2089858483,0ecaa5967403d082aa24f35e1b516d23)
Start importing Assets/KinematicCharacterController/Examples/Models/StepTest1.fbx using Guid(1e5829d00378bbb488aff5a4a8bfbadb) Importer(2089858483,0ecaa5967403d082aa24f35e1b516d23) Generated GUIDs only implemented for interfaces!
 -> (artifact id: 'ffb2dae8dd5fe42f6a2dd45cd9547c3a') in 0.043661 seconds
Number of updated asset objects reloaded before import = 0
Number of asset objects unloaded after import = 9
========================================================================
Received Import Request.
  Time since last request: 0.000017 seconds.
  path: Assets/KinematicCharacterController/Core/ReadOnlyAttribute.cs
  artifactKey: Guid(63e8828991cf67f42bfeb498686aad0b) Importer(2089858483,0ecaa5967403d082aa24f35e1b516d23)
Start importing Assets/KinematicCharacterController/Core/ReadOnlyAttribute.cs using Guid(63e8828991cf67f42bfeb498686aad0b) Importer(2089858483,0ecaa5967403d082aa24f35e1b516d23) Generated GUIDs only implemented for interfaces!
 -> (artifact id: '1ba9f35e81345d5262b062bb288de1b1') in 0.016203 seconds
Number of updated asset objects reloaded before import = 0
Number of asset objects unloaded after import = 1
========================================================================
Received Import Request.
  Time since last request: 0.000018 seconds.
  path: Assets/Scripts/Players/Weapons/Bow.cs
  artifactKey: Guid(5deb5017f0af9cf4aaf53dd6080bf325) Importer(2089858483,0ecaa5967403d082aa24f35e1b516d23)
Start importing Assets/Scripts/Players/Weapons/Bow.cs using Guid(5deb5017f0af9cf4aaf53dd6080bf325) Importer(2089858483,0ecaa5967403d082aa24f35e1b516d23) Generated GUIDs only implemented for interfaces!
 -> (artifact id: '0dc57fe3c472d8718fad697fc1b92371') in 0.017594 seconds
Number of updated asset objects reloaded before import = 0
Number of asset objects unloaded after import = 1
========================================================================
Received Import Request.
  Time since last request: 0.000012 seconds.
  path: Assets/KinematicCharacterController/Examples/Models/TriSlope2.fbx
  artifactKey: Guid(af0439a59cb6f5d4a864c8702e0978ac) Importer(2089858483,0ecaa5967403d082aa24f35e1b516d23)
Start importing Assets/KinematicCharacterController/Examples/Models/TriSlope2.fbx using Guid(af0439a59cb6f5d4a864c8702e0978ac) Importer(2089858483,0ecaa5967403d082aa24f35e1b516d23) Generated GUIDs only implemented for interfaces!
 -> (artifact id: 'b94a7972c7598dec1a6f04b0c211f766') in 0.039573 seconds
Number of updated asset objects reloaded before import = 0
Number of asset objects unloaded after import = 8
========================================================================
Received Import Request.
  Time since last request: 0.000017 seconds.
  path: Assets/KinematicCharacterController/Examples/Materials/Orange.mat
  artifactKey: Guid(cdd98aff9e51e5b4c9f98f2d337d0fb1) Importer(2089858483,0ecaa5967403d082aa24f35e1b516d23)
Start importing Assets/KinematicCharacterController/Examples/Materials/Orange.mat using Guid(cdd98aff9e51e5b4c9f98f2d337d0fb1) Importer(2089858483,0ecaa5967403d082aa24f35e1b516d23) Generated GUIDs only implemented for interfaces!
 -> (artifact id: '3d75980d5758f96cdda7444c5369286f') in 0.046762 seconds
Number of updated asset objects reloaded before import = 0
Number of asset objects unloaded after import = 1
========================================================================
Received Import Request.
  Time since last request: 0.000016 seconds.
  path: Assets/KinematicCharacterController/Walkthrough/2- Basic Movement and Gravity/Scene/WalkthroughScene2.unity
  artifactKey: Guid(b93d989c225d3c141837b9502077ea4d) Importer(2089858483,0ecaa5967403d082aa24f35e1b516d23)
Start importing Assets/KinematicCharacterController/Walkthrough/2- Basic Movement and Gravity/Scene/WalkthroughScene2.unity using Guid(b93d989c225d3c141837b9502077ea4d) Importer(2089858483,0ecaa5967403d082aa24f35e1b516d23) Generated GUIDs only implemented for interfaces!
 -> (artifact id: '1af3306f2236c6d3e0b0dbc8929cc0db') in 0.020655 seconds
Number of updated asset objects reloaded before import = 0
Number of asset objects unloaded after import = 1
========================================================================
Received Import Request.
  Time since last request: 0.000040 seconds.
  path: Assets/Scripts/Players/Monsters/BruteMonster.cs
  artifactKey: Guid(f31392c3acb674d42830cba3eddbdfe9) Importer(2089858483,0ecaa5967403d082aa24f35e1b516d23)
Start importing Assets/Scripts/Players/Monsters/BruteMonster.cs using Guid(f31392c3acb674d42830cba3eddbdfe9) Importer(2089858483,0ecaa5967403d082aa24f35e1b516d23) Generated GUIDs only implemented for interfaces!
 -> (artifact id: '5908a27bceb1c4457938b4a33e656210') in 0.019112 seconds
Number of updated asset objects reloaded before import = 0
Number of asset objects unloaded after import = 1
========================================================================
Received Import Request.
  Time since last request: 0.000014 seconds.
  path: Assets/KinematicCharacterController/Walkthrough/8- Creating a moving platform/Scene/WalkthroughScene8/LightingData.asset
  artifactKey: Guid(dff83820bab62f04cbb9f2b036ffaeea) Importer(2089858483,0ecaa5967403d082aa24f35e1b516d23)
Start importing Assets/KinematicCharacterController/Walkthrough/8- Creating a moving platform/Scene/WalkthroughScene8/LightingData.asset using Guid(dff83820bab62f04cbb9f2b036ffaeea) Importer(2089858483,0ecaa5967403d082aa24f35e1b516d23) Generated GUIDs only implemented for interfaces!
 -> (artifact id: 'ea813a62c7a5d11664a2fc2781372219') in 0.049070 seconds
Number of updated asset objects reloaded before import = 0
Number of asset objects unloaded after import = 2
========================================================================
Received Import Request.
  Time since last request: 0.000014 seconds.
  path: Assets/KinematicCharacterController/Walkthrough/8- Creating a moving platform/Scripts/MyPlayer.cs
  artifactKey: Guid(e655bfd11ef2b5f4785511618a4d6e48) Importer(2089858483,0ecaa5967403d082aa24f35e1b516d23)
Start importing Assets/KinematicCharacterController/Walkthrough/8- Creating a moving platform/Scripts/MyPlayer.cs using Guid(e655bfd11ef2b5f4785511618a4d6e48) Importer(2089858483,0ecaa5967403d082aa24f35e1b516d23) Generated GUIDs only implemented for interfaces!
 -> (artifact id: '14e58603c1fb08d4011db31cc56341ae') in 0.020339 seconds
Number of updated asset objects reloaded before import = 0
Number of asset objects unloaded after import = 1
========================================================================
Received Import Request.
  Time since last request: 0.000030 seconds.
  path: Assets/KinematicCharacterController/Walkthrough/15- Root motion example/EthanCharacter/Models/Ethan.fbx
  artifactKey: Guid(b235179bd2a63d1468dd430670338c55) Importer(2089858483,0ecaa5967403d082aa24f35e1b516d23)
Start importing Assets/KinematicCharacterController/Walkthrough/15- Root motion example/EthanCharacter/Models/Ethan.fbx using Guid(b235179bd2a63d1468dd430670338c55) Importer(2089858483,0ecaa5967403d082aa24f35e1b516d23) Generated GUIDs only implemented for interfaces!
 -> (artifact id: '6aea6b00696c27cbf738af412d993722') in 0.043790 seconds
Number of updated asset objects reloaded before import = 0
Number of asset objects unloaded after import = 176
========================================================================
Received Import Request.
  Time since last request: 0.000013 seconds.
  path: Assets/KinematicCharacterController/Walkthrough/15- Root motion example/EthanCharacter/Animation/HumanoidRun.fbx
  artifactKey: Guid(1cb8ed3cbba15f0479fbae54e0a963df) Importer(2089858483,0ecaa5967403d082aa24f35e1b516d23)
Start importing Assets/KinematicCharacterController/Walkthrough/15- Root motion example/EthanCharacter/Animation/HumanoidRun.fbx using Guid(1cb8ed3cbba15f0479fbae54e0a963df) Importer(2089858483,0ecaa5967403d082aa24f35e1b516d23) Generated GUIDs only implemented for interfaces!
 -> (artifact id: 'dc545c9f5bc11d58052574bcea9afe42') in 0.067667 seconds
Number of updated asset objects reloaded before import = 0
Number of asset objects unloaded after import = 157
========================================================================
Received Import Request.
  Time since last request: 0.000015 seconds.
  path: Assets/KinematicCharacterController/Walkthrough/15- Root motion example/EthanCharacter/Animation/HumanoidIdle.fbx
  artifactKey: Guid(dffa50cfe77e0434bbfa71245b3dd529) Importer(2089858483,0ecaa5967403d082aa24f35e1b516d23)
Start importing Assets/KinematicCharacterController/Walkthrough/15- Root motion example/EthanCharacter/Animation/HumanoidIdle.fbx using Guid(dffa50cfe77e0434bbfa71245b3dd529) Importer(2089858483,0ecaa5967403d082aa24f35e1b516d23) Generated GUIDs only implemented for interfaces!
 -> (artifact id: '7e90dab5e1fe196f0c1335570375e9dc') in 0.044655 seconds
Number of updated asset objects reloaded before import = 0
Number of asset objects unloaded after import = 157
========================================================================
Received Import Request.
  Time since last request: 0.000045 seconds.
  path: Assets/KinematicCharacterController/Walkthrough/15- Root motion example/EthanCharacter/Animator/ThirdPersonAnimatorController.controller
  artifactKey: Guid(e2cf68ff4b1ffda45a77f7307dd789b9) Importer(2089858483,0ecaa5967403d082aa24f35e1b516d23)
Start importing Assets/KinematicCharacterController/Walkthrough/15- Root motion example/EthanCharacter/Animator/ThirdPersonAnimatorController.controller using Guid(e2cf68ff4b1ffda45a77f7307dd789b9) Importer(2089858483,0ecaa5967403d082aa24f35e1b516d23) Generated GUIDs only implemented for interfaces!
 -> (artifact id: '48b8a8182e37f636ee4458a6b546cf93') in 0.034991 seconds
Number of updated asset objects reloaded before import = 0
Number of asset objects unloaded after import = 23
========================================================================
Received Import Request.
  Time since last request: 0.000016 seconds.
  path: Assets/KinematicCharacterController/Walkthrough/5- Adding velocities and impulses/Scene/WalkthroughScene5/ReflectionProbe-0.exr
  artifactKey: Guid(1dfc857d18091d2499c13b7d33440527) Importer(2089858483,0ecaa5967403d082aa24f35e1b516d23)
Start importing Assets/KinematicCharacterController/Walkthrough/5- Adding velocities and impulses/Scene/WalkthroughScene5/ReflectionProbe-0.exr using Guid(1dfc857d18091d2499c13b7d33440527) Importer(2089858483,0ecaa5967403d082aa24f35e1b516d23) Generated GUIDs only implemented for interfaces!
 -> (artifact id: '8e9def291fc818c88ac8d93c9d1078c6') in 0.021991 seconds
Number of updated asset objects reloaded before import = 0
Number of asset objects unloaded after import = 1
========================================================================
Received Import Request.
  Time since last request: 0.000071 seconds.
  path: Assets/KinematicCharacterController/Walkthrough/2- Basic Movement and Gravity/Scene/WalkthroughScene2/LightingData.asset
  artifactKey: Guid(a65e3f16c38320a4bba2126c16e91a2d) Importer(2089858483,0ecaa5967403d082aa24f35e1b516d23)
Start importing Assets/KinematicCharacterController/Walkthrough/2- Basic Movement and Gravity/Scene/WalkthroughScene2/LightingData.asset using Guid(a65e3f16c38320a4bba2126c16e91a2d) Importer(2089858483,0ecaa5967403d082aa24f35e1b516d23) Generated GUIDs only implemented for interfaces!
 -> (artifact id: '1d22cbe54460f07fdd5359e00a5aaa93') in 0.023881 seconds
Number of updated asset objects reloaded before import = 0
Number of asset objects unloaded after import = 2
========================================================================
Received Import Request.
  Time since last request: 0.000018 seconds.
  path: Assets/KinematicCharacterController/Walkthrough/11- Charging state/Scene/WalkthroughScene11/LightingData.asset
  artifactKey: Guid(9ca75fae4cd9a2d478cc927f4e81d91b) Importer(2089858483,0ecaa5967403d082aa24f35e1b516d23)
Start importing Assets/KinematicCharacterController/Walkthrough/11- Charging state/Scene/WalkthroughScene11/LightingData.asset using Guid(9ca75fae4cd9a2d478cc927f4e81d91b) Importer(2089858483,0ecaa5967403d082aa24f35e1b516d23) Generated GUIDs only implemented for interfaces!
 -> (artifact id: 'e5b34addb12c6441944abd392cf0a9d4') in 0.026429 seconds
Number of updated asset objects reloaded before import = 0
Number of asset objects unloaded after import = 2
========================================================================
Received Import Request.
  Time since last request: 0.000015 seconds.
  path: Assets/KinematicCharacterController/Walkthrough/4- Landing and leaving ground/Scene/WalkthroughScene4/ReflectionProbe-0.exr
  artifactKey: Guid(c916f04b5ec49544ab0b750b55657ac3) Importer(2089858483,0ecaa5967403d082aa24f35e1b516d23)
Start importing Assets/KinematicCharacterController/Walkthrough/4- Landing and leaving ground/Scene/WalkthroughScene4/ReflectionProbe-0.exr using Guid(c916f04b5ec49544ab0b750b55657ac3) Importer(2089858483,0ecaa5967403d082aa24f35e1b516d23) Generated GUIDs only implemented for interfaces!
 -> (artifact id: 'fc94b3768784cb2a5b96ede785185385') in 0.017585 seconds
Number of updated asset objects reloaded before import = 0
Number of asset objects unloaded after import = 1
========================================================================
Received Import Request.
  Time since last request: 0.000082 seconds.
  path: Assets/KinematicCharacterController/Walkthrough/15- Root motion example/EthanCharacter/Animation/HumanoidCrouch.fbx
  artifactKey: Guid(d89ea37480b6d75458aa38843e9688dc) Importer(2089858483,0ecaa5967403d082aa24f35e1b516d23)
Start importing Assets/KinematicCharacterController/Walkthrough/15- Root motion example/EthanCharacter/Animation/HumanoidCrouch.fbx using Guid(d89ea37480b6d75458aa38843e9688dc) Importer(2089858483,0ecaa5967403d082aa24f35e1b516d23) Generated GUIDs only implemented for interfaces!
 -> (artifact id: '7068aa4133b150695bc303e58a7b2fe3') in 0.091672 seconds
Number of updated asset objects reloaded before import = 0
Number of asset objects unloaded after import = 163
========================================================================
Received Import Request.
  Time since last request: 0.000018 seconds.
  path: Assets/KinematicCharacterController/Walkthrough/14- Climbing Ladders/Scene/WalkthroughScene14/LightingData.asset
  artifactKey: Guid(bd0fdcc34d728ac4db527844b498d09b) Importer(2089858483,0ecaa5967403d082aa24f35e1b516d23)
Start importing Assets/KinematicCharacterController/Walkthrough/14- Climbing Ladders/Scene/WalkthroughScene14/LightingData.asset using Guid(bd0fdcc34d728ac4db527844b498d09b) Importer(2089858483,0ecaa5967403d082aa24f35e1b516d23) Generated GUIDs only implemented for interfaces!
 -> (artifact id: '7583460fde173d68faab52ab537c847c') in 0.027096 seconds
Number of updated asset objects reloaded before import = 0
Number of asset objects unloaded after import = 2
========================================================================
Received Import Request.
  Time since last request: 0.000021 seconds.
  path: Assets/KinematicCharacterController/Walkthrough/15- Root motion example/Scene/WalkthroughScene15/LightingData.asset
  artifactKey: Guid(4ed290e0c46385647a16a389e80c5b29) Importer(2089858483,0ecaa5967403d082aa24f35e1b516d23)
Start importing Assets/KinematicCharacterController/Walkthrough/15- Root motion example/Scene/WalkthroughScene15/LightingData.asset using Guid(4ed290e0c46385647a16a389e80c5b29) Importer(2089858483,0ecaa5967403d082aa24f35e1b516d23) Generated GUIDs only implemented for interfaces!
 -> (artifact id: 'a9992d5365a9de6462f1a8890a73cc9f') in 0.026547 seconds
Number of updated asset objects reloaded before import = 0
Number of asset objects unloaded after import = 2
========================================================================
Received Import Request.
  Time since last request: 0.000016 seconds.
  path: Assets/KinematicCharacterController/Walkthrough/15- Root motion example/Scene/WalkthroughScene15.unity
  artifactKey: Guid(f8deea874bdd53049918db3ce04e295a) Importer(2089858483,0ecaa5967403d082aa24f35e1b516d23)
Start importing Assets/KinematicCharacterController/Walkthrough/15- Root motion example/Scene/WalkthroughScene15.unity using Guid(f8deea874bdd53049918db3ce04e295a) Importer(2089858483,0ecaa5967403d082aa24f35e1b516d23) Generated GUIDs only implemented for interfaces!
 -> (artifact id: '72e5babe9ba14d74511990a7d3604fce') in 0.020181 seconds
Number of updated asset objects reloaded before import = 0
Number of asset objects unloaded after import = 1
========================================================================
Received Import Request.
  Time since last request: 0.000031 seconds.
  path: Assets/KinematicCharacterController/Examples/PhysicsMaterials/TestCube.physicMaterial
  artifactKey: Guid(f0505dac8956a604486b9c9cfed32c96) Importer(2089858483,0ecaa5967403d082aa24f35e1b516d23)
Start importing Assets/KinematicCharacterController/Examples/PhysicsMaterials/TestCube.physicMaterial using Guid(f0505dac8956a604486b9c9cfed32c96) Importer(2089858483,0ecaa5967403d082aa24f35e1b516d23) Generated GUIDs only implemented for interfaces!
 -> (artifact id: '00a629f33b3a198108a387fce67d4bdc') in 0.035423 seconds
Number of updated asset objects reloaded before import = 0
Number of asset objects unloaded after import = 1
========================================================================
Received Import Request.
  Time since last request: 0.000016 seconds.
  path: Assets/KinematicCharacterController/Examples/Materials/Light.mat
  artifactKey: Guid(3c9ad66f585bfb341b5f346a1ebd06b7) Importer(2089858483,0ecaa5967403d082aa24f35e1b516d23)
Start importing Assets/KinematicCharacterController/Examples/Materials/Light.mat using Guid(3c9ad66f585bfb341b5f346a1ebd06b7) Importer(2089858483,0ecaa5967403d082aa24f35e1b516d23) Generated GUIDs only implemented for interfaces!
 -> (artifact id: 'fd9a434435b751b8f52249a32ec25923') in 0.032527 seconds
Number of updated asset objects reloaded before import = 0
Number of asset objects unloaded after import = 1
========================================================================
Received Import Request.
  Time since last request: 0.000017 seconds.
  path: Assets/KinematicCharacterController/Examples/Scripts/ExampleAIController.cs
  artifactKey: Guid(f3414c4d01b68ef43aa3339915fd4001) Importer(2089858483,0ecaa5967403d082aa24f35e1b516d23)
Start importing Assets/KinematicCharacterController/Examples/Scripts/ExampleAIController.cs using Guid(f3414c4d01b68ef43aa3339915fd4001) Importer(2089858483,0ecaa5967403d082aa24f35e1b516d23) Generated GUIDs only implemented for interfaces!
 -> (artifact id: 'f7d25adc37e156d210282bba83d62945') in 0.018411 seconds
Number of updated asset objects reloaded before import = 0
Number of asset objects unloaded after import = 1
========================================================================
Received Import Request.
  Time since last request: 0.000016 seconds.
  path: Assets/KinematicCharacterController/Walkthrough/3- Jumping/Scripts/a- Simple Jumping/MyPlayer.cs
  artifactKey: Guid(c2f934d74d9c62e409691089041cc749) Importer(2089858483,0ecaa5967403d082aa24f35e1b516d23)
Start importing Assets/KinematicCharacterController/Walkthrough/3- Jumping/Scripts/a- Simple Jumping/MyPlayer.cs using Guid(c2f934d74d9c62e409691089041cc749) Importer(2089858483,0ecaa5967403d082aa24f35e1b516d23) Generated GUIDs only implemented for interfaces!
 -> (artifact id: '57c26145a91636784bd5bfb8d0d6376a') in 0.017054 seconds
Number of updated asset objects reloaded before import = 0
Number of asset objects unloaded after import = 1
========================================================================
Received Import Request.
  Time since last request: 0.000012 seconds.
  path: Assets/KinematicCharacterController/Walkthrough/11- Charging state/Scripts/MyCharacterController.cs
  artifactKey: Guid(235082069226ea94baef1f813ba0f943) Importer(2089858483,0ecaa5967403d082aa24f35e1b516d23)
Start importing Assets/KinematicCharacterController/Walkthrough/11- Charging state/Scripts/MyCharacterController.cs using Guid(235082069226ea94baef1f813ba0f943) Importer(2089858483,0ecaa5967403d082aa24f35e1b516d23) Generated GUIDs only implemented for interfaces!
 -> (artifact id: 'cc4fcb5d961a00214e5ca8674fa77144') in 0.017286 seconds
Number of updated asset objects reloaded before import = 0
Number of asset objects unloaded after import = 1
========================================================================
Received Import Request.
  Time since last request: 0.000017 seconds.
  path: Assets/KinematicCharacterController/Walkthrough/3- Jumping/Scripts/a- Simple Jumping/MyCharacterController.cs
  artifactKey: Guid(9f052f48e80bba64c8fd341e19240cd1) Importer(2089858483,0ecaa5967403d082aa24f35e1b516d23)
Start importing Assets/KinematicCharacterController/Walkthrough/3- Jumping/Scripts/a- Simple Jumping/MyCharacterController.cs using Guid(9f052f48e80bba64c8fd341e19240cd1) Importer(2089858483,0ecaa5967403d082aa24f35e1b516d23) Generated GUIDs only implemented for interfaces!
 -> (artifact id: '5fa8be3ee3c1a3f06350edc114679552') in 0.019404 seconds
Number of updated asset objects reloaded before import = 0
Number of asset objects unloaded after import = 1
========================================================================
Received Import Request.
  Time since last request: 0.000099 seconds.
  path: Assets/KinematicCharacterController/Walkthrough/13- Swimming state/Scripts/MyCharacterController.cs
  artifactKey: Guid(e0ea9886d276c4240a64a52df00bff13) Importer(2089858483,0ecaa5967403d082aa24f35e1b516d23)
Start importing Assets/KinematicCharacterController/Walkthrough/13- Swimming state/Scripts/MyCharacterController.cs using Guid(e0ea9886d276c4240a64a52df00bff13) Importer(2089858483,0ecaa5967403d082aa24f35e1b516d23) Generated GUIDs only implemented for interfaces!
 -> (artifact id: 'a123603fabf8d46e53dab716ee785ad5') in 0.018217 seconds
Number of updated asset objects reloaded before import = 0
Number of asset objects unloaded after import = 1
========================================================================
Received Import Request.
  Time since last request: 0.000046 seconds.
  path: Assets/KinematicCharacterController/Walkthrough/12- NoClip state/Scene/WalkthroughScene12.unity
  artifactKey: Guid(4c51b3a6a6cbf9e478da8e6dc6e68697) Importer(2089858483,0ecaa5967403d082aa24f35e1b516d23)
Start importing Assets/KinematicCharacterController/Walkthrough/12- NoClip state/Scene/WalkthroughScene12.unity using Guid(4c51b3a6a6cbf9e478da8e6dc6e68697) Importer(2089858483,0ecaa5967403d082aa24f35e1b516d23) Generated GUIDs only implemented for interfaces!
 -> (artifact id: 'efd90c5a149b176ce932a1fef2fa8b10') in 0.014891 seconds
Number of updated asset objects reloaded before import = 0
Number of asset objects unloaded after import = 1
========================================================================
Received Import Request.
  Time since last request: 0.000052 seconds.
  path: Assets/KinematicCharacterController/Walkthrough/15- Root motion example/EthanCharacter/Animation/HumanoidWalk.fbx
  artifactKey: Guid(b1a5e04ae51004842aba06704a6c2903) Importer(2089858483,0ecaa5967403d082aa24f35e1b516d23)
Start importing Assets/KinematicCharacterController/Walkthrough/15- Root motion example/EthanCharacter/Animation/HumanoidWalk.fbx using Guid(b1a5e04ae51004842aba06704a6c2903) Importer(2089858483,0ecaa5967403d082aa24f35e1b516d23) Generated GUIDs only implemented for interfaces!
 -> (artifact id: '4423c8dc45d79c2bd3cfafb14df1cef8') in 0.045073 seconds
Number of updated asset objects reloaded before import = 0
Number of asset objects unloaded after import = 157
========================================================================
Received Import Request.
  Time since last request: 0.000033 seconds.
  path: Assets/KinematicCharacterController/Core/KCCSettings.cs
  artifactKey: Guid(2b43d8459fe4812488b2c47ac60e41c3) Importer(2089858483,0ecaa5967403d082aa24f35e1b516d23)
Start importing Assets/KinematicCharacterController/Core/KCCSettings.cs using Guid(2b43d8459fe4812488b2c47ac60e41c3) Importer(2089858483,0ecaa5967403d082aa24f35e1b516d23) Generated GUIDs only implemented for interfaces!
 -> (artifact id: '65d38dca50373d15b18a46f3bc24167a') in 0.019192 seconds
Number of updated asset objects reloaded before import = 0
Number of asset objects unloaded after import = 1
========================================================================
Received Import Request.
  Time since last request: 0.000020 seconds.
  path: Assets/KinematicCharacterController/Walkthrough/8- Creating a moving platform/MovingPlatformTimeline.playable
  artifactKey: Guid(4c496c870871c1a4faf9ac8d4540bcc1) Importer(2089858483,0ecaa5967403d082aa24f35e1b516d23)
Start importing Assets/KinematicCharacterController/Walkthrough/8- Creating a moving platform/MovingPlatformTimeline.playable using Guid(4c496c870871c1a4faf9ac8d4540bcc1) Importer(2089858483,0ecaa5967403d082aa24f35e1b516d23) Generated GUIDs only implemented for interfaces!
 -> (artifact id: '4dc5da6028b0f2b0c0a54493c8d72429') in 0.068062 seconds
Number of updated asset objects reloaded before import = 0
Number of asset objects unloaded after import = 4
========================================================================
Received Import Request.
  Time since last request: 0.000020 seconds.
  path: Assets/KinematicCharacterController/Walkthrough/3- Jumping/Scripts/b- Double Jumping/MyCharacterController.cs
  artifactKey: Guid(2d04975d64d6f73489b29b0d953c1701) Importer(2089858483,0ecaa5967403d082aa24f35e1b516d23)
Start importing Assets/KinematicCharacterController/Walkthrough/3- Jumping/Scripts/b- Double Jumping/MyCharacterController.cs using Guid(2d04975d64d6f73489b29b0d953c1701) Importer(2089858483,0ecaa5967403d082aa24f35e1b516d23) Generated GUIDs only implemented for interfaces!
 -> (artifact id: 'aaf3f546aa62219fabfcb681c6f16586') in 0.019786 seconds
Number of updated asset objects reloaded before import = 0
Number of asset objects unloaded after import = 1
========================================================================
Received Import Request.
  Time since last request: 0.000040 seconds.
  path: Assets/KinematicCharacterController/Examples/Prefabs/FramerateDebugPanel.prefab
  artifactKey: Guid(6babfe004051e72409d5321118266db5) Importer(2089858483,0ecaa5967403d082aa24f35e1b516d23)
Start importing Assets/KinematicCharacterController/Examples/Prefabs/FramerateDebugPanel.prefab using Guid(6babfe004051e72409d5321118266db5) Importer(2089858483,0ecaa5967403d082aa24f35e1b516d23) Generated GUIDs only implemented for interfaces!
 -> (artifact id: '76a31c86f33fddd91f43cfaee6c15e5c') in 0.056159 seconds
Number of updated asset objects reloaded before import = 0
Number of asset objects unloaded after import = 51
========================================================================
Received Prepare
Begin MonoManager ReloadAssembly
Symbol file LoadedFromMemory doesn't match image C:\Users\Lolita\Desktop\Crawling3dd\Library\PackageCache\com.unity.visualscripting@1.8.0\Editor\VisualScripting.Core\Dependencies\YamlDotNet\Unity.VisualScripting.YamlDotNet.dll
Symbol file LoadedFromMemory doesn't match image C:\Users\Lolita\Desktop\Crawling3dd\Library\PackageCache\com.unity.visualscripting@1.8.0\Editor\VisualScripting.Core\Dependencies\DotNetZip\Unity.VisualScripting.IonicZip.dll
- Loaded All Assemblies, in  0.536 seconds
Refreshing native plugins compatible for Editor in 2.89 ms, found 3 plugins.
Native extension for WindowsStandalone target not found
Mono: successfully reloaded assembly
- Finished resetting the current domain, in  0.859 seconds
Domain Reload Profiling: 1393ms
	BeginReloadAssembly (109ms)
		ExecutionOrderSort (0ms)
		DisableScriptedObjects (3ms)
		BackupInstance (0ms)
		ReleaseScriptingObjects (0ms)
		CreateAndSetChildDomain (31ms)
	RebuildCommonClasses (28ms)
	RebuildNativeTypeToScriptingClass (8ms)
	initialDomainReloadingComplete (27ms)
	LoadAllAssembliesAndSetupDomain (361ms)
		LoadAssemblies (184ms)
		RebuildTransferFunctionScriptingTraits (0ms)
		AnalyzeDomain (222ms)
			TypeCache.Refresh (217ms)
				TypeCache.ScanAssembly (205ms)
			ScanForSourceGeneratedMonoScriptInfo (0ms)
			ResolveRequiredComponents (5ms)
	FinalizeReload (859ms)
		ReleaseScriptCaches (0ms)
		RebuildScriptCaches (0ms)
		SetupLoadedEditorAssemblies (515ms)
			LogAssemblyErrors (0ms)
			InitializePlatformSupportModulesInManaged (6ms)
			SetLoadedEditorAssemblies (5ms)
			RefreshPlugins (0ms)
			BeforeProcessingInitializeOnLoad (56ms)
			ProcessInitializeOnLoadAttributes (429ms)
			ProcessInitializeOnLoadMethodAttributes (14ms)
			AfterProcessingInitializeOnLoad (7ms)
			EditorAssembliesLoaded (0ms)
		ExecutionOrderSort2 (0ms)
		AwakeInstancesAfterBackupRestoration (6ms)
Refreshing native plugins compatible for Editor in 1.74 ms, found 3 plugins.
Preloading 0 native plugins for Editor in 0.00 ms.
Unloading 3166 Unused Serialized files (Serialized files now loaded: 0)
Unloading 20 unused Assets / (30.5 KB). Loaded Objects now: 3643.
Memory consumption went from 116.8 MB to 116.8 MB.
Total: 2.141700 ms (FindLiveObjects: 0.137900 ms CreateObjectMapping: 0.060100 ms MarkObjects: 1.905600 ms  DeleteObjects: 0.037400 ms)

Prepare: number of updated asset objects reloaded= 0
AssetImportParameters requested are different than current active one (requested -> active):
  custom:container-demuxer-ogg: 62fdf1f143b41e24485cea50d1cbac27 -> 
  custom:video-codec-MediaFoundation-h265: 746d11721c4dcdbdad8f713fa42b33f4 -> 
  custom:video-decoder-ogg-theora: a1e56fd34408186e4bbccfd4996cb3dc -> 
  custom:framework-win-MediaFoundation: 216162199b28c13a410421893ffa2e32 -> 
  custom:container-demuxer-webm: 4f35f7cbe854078d1ac9338744f61a02 -> 
  custom:container-muxer-webm: aa71ff27fc2769a1b78a27578f13a17b -> 
  custom:video-decoder-webm-vp8: 9c59270c3fd7afecdb556c50c9e8de78 -> 
  custom:SearchIndexIgnoredProperties: e643bd26f0fe6173181afceb89e7c659 -> 
  custom:AudioImporter_EditorPlatform: d09bf68614088b80899f8185d706f6e7 -> 
  custom:video-encoder-webm-vp8: eb34c28f22e8b96e1ab97ce403110664 -> 
  custom:audio-decoder-ogg-vorbis: bf7c407c2cedff20999df2af8eb42d56 -> 
  custom:audio-encoder-webm-vorbis: bf7c407c2cedff20999df2af8eb42d56 -> 
