Using pre-set license
Built from '2022.3/staging' branch; Version is '2022.3.2f1 (d74737c6db50) revision 14108471'; Using compiler version '192829333'; Build Type 'Release'
OS: 'Windows 11  (10.0.22631) 64bit Core' Language: 'en' Physical Memory: 16087 MB
BatchMode: 1, IsHumanControllingUs: 0, StartBugReporterOnCrash: 0, Is64bit: 1, IsPro: 1

COMMAND LINE ARGUMENTS:
C:\Program Files\Unity\Hub\Editor\2022.3.2f1\Editor\Unity.exe
-adb2
-batchMode
-noUpm
-name
AssetImportWorker7
-projectPath
C:/Users/Lolita/Desktop/Crawling3dd
-logFile
Logs/AssetImportWorker7.log
-srvPort
55411
Successfully changed project path to: C:/Users/Lolita/Desktop/Crawling3dd
C:/Users/Lolita/Desktop/Crawling3dd
[UnityMemory] Configuration Parameters - Can be set up in boot.config
    "memorysetup-bucket-allocator-granularity=16"
    "memorysetup-bucket-allocator-bucket-count=8"
    "memorysetup-bucket-allocator-block-size=33554432"
    "memorysetup-bucket-allocator-block-count=8"
    "memorysetup-main-allocator-block-size=16777216"
    "memorysetup-thread-allocator-block-size=16777216"
    "memorysetup-gfx-main-allocator-block-size=16777216"
    "memorysetup-gfx-thread-allocator-block-size=16777216"
    "memorysetup-cache-allocator-block-size=4194304"
    "memorysetup-typetree-allocator-block-size=2097152"
    "memorysetup-profiler-bucket-allocator-granularity=16"
    "memorysetup-profiler-bucket-allocator-bucket-count=8"
    "memorysetup-profiler-bucket-allocator-block-size=33554432"
    "memorysetup-profiler-bucket-allocator-block-count=8"
    "memorysetup-profiler-allocator-block-size=16777216"
    "memorysetup-profiler-editor-allocator-block-size=1048576"
    "memorysetup-temp-allocator-size-main=16777216"
    "memorysetup-job-temp-allocator-block-size=2097152"
    "memorysetup-job-temp-allocator-block-size-background=1048576"
    "memorysetup-job-temp-allocator-reduction-small-platforms=262144"
    "memorysetup-allocator-temp-initial-block-size-main=262144"
    "memorysetup-allocator-temp-initial-block-size-worker=262144"
    "memorysetup-temp-allocator-size-background-worker=32768"
    "memorysetup-temp-allocator-size-job-worker=262144"
    "memorysetup-temp-allocator-size-preload-manager=33554432"
    "memorysetup-temp-allocator-size-nav-mesh-worker=65536"
    "memorysetup-temp-allocator-size-audio-worker=65536"
    "memorysetup-temp-allocator-size-cloud-worker=32768"
    "memorysetup-temp-allocator-size-gi-baking-worker=262144"
    "memorysetup-temp-allocator-size-gfx=262144"
Player connection [15432] Host "[IP] 192.168.56.1 [Port] 0 [Flags] 2 [Guid] 2500358738 [EditorId] 2500358738 [Version] 1048832 [Id] WindowsEditor(7,MSI) [Debug] 1 [PackageName] WindowsEditor [ProjectName] Editor" joined multi-casting on [225.0.0.222:54997]...

Player connection [15432] Host "[IP] 192.168.56.1 [Port] 0 [Flags] 2 [Guid] 2500358738 [EditorId] 2500358738 [Version] 1048832 [Id] WindowsEditor(7,MSI) [Debug] 1 [PackageName] WindowsEditor [ProjectName] Editor" joined alternative multi-casting on [225.0.0.222:34997]...

Refreshing native plugins compatible for Editor in 6.05 ms, found 3 plugins.
Preloading 0 native plugins for Editor in 0.00 ms.
Initialize engine version: 2022.3.2f1 (d74737c6db50)
[Subsystems] Discovering subsystems at path C:/Program Files/Unity/Hub/Editor/2022.3.2f1/Editor/Data/Resources/UnitySubsystems
[Subsystems] Discovering subsystems at path C:/Users/Lolita/Desktop/Crawling3dd/Assets
GfxDevice: creating device client; threaded=0; jobified=0
Direct3D:
    Version:  Direct3D 11.0 [level 11.1]
    Renderer: NVIDIA GeForce RTX 4070 Laptop GPU (ID=0x2820)
    Vendor:   NVIDIA
    VRAM:     7948 MB
    Driver:   32.0.15.6636
Initialize mono
Mono path[0] = 'C:/Program Files/Unity/Hub/Editor/2022.3.2f1/Editor/Data/Managed'
Mono path[1] = 'C:/Program Files/Unity/Hub/Editor/2022.3.2f1/Editor/Data/MonoBleedingEdge/lib/mono/unityjit-win32'
Mono config path = 'C:/Program Files/Unity/Hub/Editor/2022.3.2f1/Editor/Data/MonoBleedingEdge/etc'
Using monoOptions --debugger-agent=transport=dt_socket,embedding=1,server=y,suspend=n,address=127.0.0.1:56948
Begin MonoManager ReloadAssembly
Registering precompiled unity dll's ...
Register platform support module: C:/Program Files/Unity/Hub/Editor/2022.3.2f1/Editor/Data/PlaybackEngines/WindowsStandaloneSupport/UnityEditor.WindowsStandalone.Extensions.dll
Registered in 0.387269 seconds.
- Loaded All Assemblies, in  3.617 seconds
Native extension for WindowsStandalone target not found
Mono: successfully reloaded assembly
- Finished resetting the current domain, in  0.201 seconds
Domain Reload Profiling: 3817ms
	BeginReloadAssembly (62ms)
		ExecutionOrderSort (0ms)
		DisableScriptedObjects (0ms)
		BackupInstance (0ms)
		ReleaseScriptingObjects (0ms)
		CreateAndSetChildDomain (1ms)
	RebuildCommonClasses (24ms)
	RebuildNativeTypeToScriptingClass (7ms)
	initialDomainReloadingComplete (430ms)
	LoadAllAssembliesAndSetupDomain (3093ms)
		LoadAssemblies (61ms)
		RebuildTransferFunctionScriptingTraits (0ms)
		AnalyzeDomain (3089ms)
			TypeCache.Refresh (3088ms)
				TypeCache.ScanAssembly (2197ms)
			ScanForSourceGeneratedMonoScriptInfo (0ms)
			ResolveRequiredComponents (1ms)
	FinalizeReload (202ms)
		ReleaseScriptCaches (0ms)
		RebuildScriptCaches (0ms)
		SetupLoadedEditorAssemblies (157ms)
			LogAssemblyErrors (0ms)
			InitializePlatformSupportModulesInManaged (6ms)
			SetLoadedEditorAssemblies (5ms)
			RefreshPlugins (0ms)
			BeforeProcessingInitializeOnLoad (2ms)
			ProcessInitializeOnLoadAttributes (93ms)
			ProcessInitializeOnLoadMethodAttributes (51ms)
			AfterProcessingInitializeOnLoad (0ms)
			EditorAssembliesLoaded (0ms)
		ExecutionOrderSort2 (0ms)
		AwakeInstancesAfterBackupRestoration (0ms)
========================================================================
Worker process is ready to serve import requests
Begin MonoManager ReloadAssembly
Symbol file LoadedFromMemory doesn't match image C:\Users\Lolita\Desktop\Crawling3dd\Library\PackageCache\com.unity.visualscripting@1.8.0\Editor\VisualScripting.Core\Dependencies\YamlDotNet\Unity.VisualScripting.YamlDotNet.dll
Symbol file LoadedFromMemory doesn't match image C:\Users\Lolita\Desktop\Crawling3dd\Library\PackageCache\com.unity.visualscripting@1.8.0\Editor\VisualScripting.Core\Dependencies\DotNetZip\Unity.VisualScripting.IonicZip.dll
- Loaded All Assemblies, in 14.272 seconds
Refreshing native plugins compatible for Editor in 1.77 ms, found 3 plugins.
Native extension for WindowsStandalone target not found
Mono: successfully reloaded assembly
- Finished resetting the current domain, in  0.697 seconds
Domain Reload Profiling: 14963ms
	BeginReloadAssembly (104ms)
		ExecutionOrderSort (0ms)
		DisableScriptedObjects (3ms)
		BackupInstance (0ms)
		ReleaseScriptingObjects (0ms)
		CreateAndSetChildDomain (18ms)
	RebuildCommonClasses (29ms)
	RebuildNativeTypeToScriptingClass (7ms)
	initialDomainReloadingComplete (36ms)
	LoadAllAssembliesAndSetupDomain (14089ms)
		LoadAssemblies (13074ms)
		RebuildTransferFunctionScriptingTraits (0ms)
		AnalyzeDomain (1067ms)
			TypeCache.Refresh (1053ms)
				TypeCache.ScanAssembly (953ms)
			ScanForSourceGeneratedMonoScriptInfo (11ms)
			ResolveRequiredComponents (3ms)
	FinalizeReload (698ms)
		ReleaseScriptCaches (0ms)
		RebuildScriptCaches (0ms)
		SetupLoadedEditorAssemblies (580ms)
			LogAssemblyErrors (0ms)
			InitializePlatformSupportModulesInManaged (6ms)
			SetLoadedEditorAssemblies (4ms)
			RefreshPlugins (0ms)
			BeforeProcessingInitializeOnLoad (47ms)
			ProcessInitializeOnLoadAttributes (500ms)
			ProcessInitializeOnLoadMethodAttributes (17ms)
			AfterProcessingInitializeOnLoad (7ms)
			EditorAssembliesLoaded (0ms)
		ExecutionOrderSort2 (0ms)
		AwakeInstancesAfterBackupRestoration (5ms)
Launched and connected shader compiler UnityShaderCompiler.exe after 0.09 seconds
Refreshing native plugins compatible for Editor in 2.68 ms, found 3 plugins.
Preloading 0 native plugins for Editor in 0.00 ms.
Unloading 3174 Unused Serialized files (Serialized files now loaded: 0)
Unloading 29 unused Assets / (56.3 KB). Loaded Objects now: 3638.
Memory consumption went from 117.8 MB to 117.7 MB.
Total: 3.198500 ms (FindLiveObjects: 0.177300 ms CreateObjectMapping: 0.119200 ms MarkObjects: 2.742900 ms  DeleteObjects: 0.158100 ms)

AssetImportParameters requested are different than current active one (requested -> active):
  custom:container-demuxer-ogg: 62fdf1f143b41e24485cea50d1cbac27 -> 
  custom:video-codec-MediaFoundation-h265: 746d11721c4dcdbdad8f713fa42b33f4 -> 
  custom:video-decoder-ogg-theora: a1e56fd34408186e4bbccfd4996cb3dc -> 
  custom:framework-win-MediaFoundation: 216162199b28c13a410421893ffa2e32 -> 
  custom:container-demuxer-webm: 4f35f7cbe854078d1ac9338744f61a02 -> 
  custom:container-muxer-webm: aa71ff27fc2769a1b78a27578f13a17b -> 
  custom:video-decoder-webm-vp8: 9c59270c3fd7afecdb556c50c9e8de78 -> 
  custom:AudioImporter_EditorPlatform: d09bf68614088b80899f8185d706f6e7 -> 
  custom:video-encoder-webm-vp8: eb34c28f22e8b96e1ab97ce403110664 -> 
  custom:audio-decoder-ogg-vorbis: bf7c407c2cedff20999df2af8eb42d56 -> 
  custom:audio-encoder-webm-vorbis: bf7c407c2cedff20999df2af8eb42d56 -> 
========================================================================
Received Prepare
Refreshing native plugins compatible for Editor in 3.40 ms, found 3 plugins.
Preloading 0 native plugins for Editor in 0.00 ms.
Unloading 1 Unused Serialized files (Serialized files now loaded: 0)
Unloading 1 unused Assets / (3.0 KB). Loaded Objects now: 3638.
Memory consumption went from 68.0 MB to 68.0 MB.
Total: 2.992000 ms (FindLiveObjects: 0.219000 ms CreateObjectMapping: 0.125700 ms MarkObjects: 2.621600 ms  DeleteObjects: 0.024800 ms)

Prepare: number of updated asset objects reloaded= 0
AssetImportParameters requested are different than current active one (requested -> active):
  custom:container-demuxer-ogg: 62fdf1f143b41e24485cea50d1cbac27 -> 
  custom:video-codec-MediaFoundation-h265: 746d11721c4dcdbdad8f713fa42b33f4 -> 
  custom:video-decoder-ogg-theora: a1e56fd34408186e4bbccfd4996cb3dc -> 
  custom:framework-win-MediaFoundation: 216162199b28c13a410421893ffa2e32 -> 
  custom:container-demuxer-webm: 4f35f7cbe854078d1ac9338744f61a02 -> 
  custom:container-muxer-webm: aa71ff27fc2769a1b78a27578f13a17b -> 
  custom:video-decoder-webm-vp8: 9c59270c3fd7afecdb556c50c9e8de78 -> 
  custom:SearchIndexIgnoredProperties: e643bd26f0fe6173181afceb89e7c659 -> 
  custom:AudioImporter_EditorPlatform: d09bf68614088b80899f8185d706f6e7 -> 
  custom:video-encoder-webm-vp8: eb34c28f22e8b96e1ab97ce403110664 -> 
  custom:audio-decoder-ogg-vorbis: bf7c407c2cedff20999df2af8eb42d56 -> 
  custom:audio-encoder-webm-vorbis: bf7c407c2cedff20999df2af8eb42d56 -> 
========================================================================
Received Import Request.
  Time since last request: 268431.646457 seconds.
  path: Assets/KinematicCharacterController/ExampleCharacter/Scripts/ExampleCharacterCamera.cs
  artifactKey: Guid(24092a40b02616e479baeb940325e339) Importer(2089858483,0ecaa5967403d082aa24f35e1b516d23)
Start importing Assets/KinematicCharacterController/ExampleCharacter/Scripts/ExampleCharacterCamera.cs using Guid(24092a40b02616e479baeb940325e339) Importer(2089858483,0ecaa5967403d082aa24f35e1b516d23) Generated GUIDs only implemented for interfaces!
 -> (artifact id: 'c2d432d7ae3f20b8dc270ac80c3028d7') in 0.091833 seconds
Number of updated asset objects reloaded before import = 0
Number of asset objects unloaded after import = 1
========================================================================
Received Import Request.
  Time since last request: 0.000019 seconds.
  path: Assets/KinematicCharacterController/Walkthrough.pdf
  artifactKey: Guid(1523509a877e6cc41b0578ebaf09994b) Importer(2089858483,0ecaa5967403d082aa24f35e1b516d23)
Start importing Assets/KinematicCharacterController/Walkthrough.pdf using Guid(1523509a877e6cc41b0578ebaf09994b) Importer(2089858483,0ecaa5967403d082aa24f35e1b516d23) Generated GUIDs only implemented for interfaces!
 -> (artifact id: 'e649b812add01af52b8464421397d8a4') in 0.021507 seconds
Number of updated asset objects reloaded before import = 0
Number of asset objects unloaded after import = 1
========================================================================
Received Import Request.
  Time since last request: 0.000042 seconds.
  path: Assets/KinematicCharacterController/ExampleCharacter/Scripts/ExampleCharacterController.cs
  artifactKey: Guid(76020eee813ed7844bcea94c5d5ce76a) Importer(2089858483,0ecaa5967403d082aa24f35e1b516d23)
Start importing Assets/KinematicCharacterController/ExampleCharacter/Scripts/ExampleCharacterController.cs using Guid(76020eee813ed7844bcea94c5d5ce76a) Importer(2089858483,0ecaa5967403d082aa24f35e1b516d23) Generated GUIDs only implemented for interfaces!
 -> (artifact id: '8de9944be45a14fd2b053db0e57116cc') in 0.025958 seconds
Number of updated asset objects reloaded before import = 0
Number of asset objects unloaded after import = 1
========================================================================
Received Import Request.
  Time since last request: 0.000017 seconds.
  path: Assets/Scripts/Objects/SummonCircle.cs
  artifactKey: Guid(7a07f3f2fce35e74b876cb7faf4e6d8d) Importer(2089858483,0ecaa5967403d082aa24f35e1b516d23)
Start importing Assets/Scripts/Objects/SummonCircle.cs using Guid(7a07f3f2fce35e74b876cb7faf4e6d8d) Importer(2089858483,0ecaa5967403d082aa24f35e1b516d23) Generated GUIDs only implemented for interfaces!
 -> (artifact id: '92317b3c316399b963f6dd7b9dde04fe') in 0.018893 seconds
Number of updated asset objects reloaded before import = 0
Number of asset objects unloaded after import = 1
========================================================================
Received Import Request.
  Time since last request: 0.000016 seconds.
  path: Assets/KinematicCharacterController/Examples/Materials/Dark.mat
  artifactKey: Guid(ac0fa2f3d7139704ba1ad516325833cc) Importer(2089858483,0ecaa5967403d082aa24f35e1b516d23)
Start importing Assets/KinematicCharacterController/Examples/Materials/Dark.mat using Guid(ac0fa2f3d7139704ba1ad516325833cc) Importer(2089858483,0ecaa5967403d082aa24f35e1b516d23) Generated GUIDs only implemented for interfaces!
 -> (artifact id: 'f58df4fc2dd95c12575a69dc0174009a') in 0.058468 seconds
Number of updated asset objects reloaded before import = 0
Number of asset objects unloaded after import = 1
========================================================================
Received Import Request.
  Time since last request: 0.000017 seconds.
  path: Assets/Scripts/Players/Weapons/Firespell.cs
  artifactKey: Guid(f5b32ad96704322469a193877d4beee9) Importer(2089858483,0ecaa5967403d082aa24f35e1b516d23)
Start importing Assets/Scripts/Players/Weapons/Firespell.cs using Guid(f5b32ad96704322469a193877d4beee9) Importer(2089858483,0ecaa5967403d082aa24f35e1b516d23) Generated GUIDs only implemented for interfaces!
 -> (artifact id: '8b4a14303440d55a0018c1e4de213ce4') in 0.016514 seconds
Number of updated asset objects reloaded before import = 0
Number of asset objects unloaded after import = 1
========================================================================
Received Import Request.
  Time since last request: 0.000017 seconds.
  path: Assets/KinematicCharacterController/Examples/Models/TriSlope3.fbx
  artifactKey: Guid(69b8dd2a641b84e478ade36da7893ffe) Importer(2089858483,0ecaa5967403d082aa24f35e1b516d23)
Start importing Assets/KinematicCharacterController/Examples/Models/TriSlope3.fbx using Guid(69b8dd2a641b84e478ade36da7893ffe) Importer(2089858483,0ecaa5967403d082aa24f35e1b516d23) Generated GUIDs only implemented for interfaces!
 -> (artifact id: '70b11c5b8df6478069015a758d9e9117') in 0.052594 seconds
Number of updated asset objects reloaded before import = 0
Number of asset objects unloaded after import = 8
========================================================================
Received Import Request.
  Time since last request: 0.000019 seconds.
  path: Assets/Scripts/Players/Hero.cs
  artifactKey: Guid(6fc981a26e4e38d4f80b305c460410f9) Importer(2089858483,0ecaa5967403d082aa24f35e1b516d23)
Start importing Assets/Scripts/Players/Hero.cs using Guid(6fc981a26e4e38d4f80b305c460410f9) Importer(2089858483,0ecaa5967403d082aa24f35e1b516d23) Generated GUIDs only implemented for interfaces!
 -> (artifact id: 'd90d92c12e2cabccb41b0f2aa4360192') in 0.015550 seconds
Number of updated asset objects reloaded before import = 0
Number of asset objects unloaded after import = 1
========================================================================
Received Import Request.
  Time since last request: 0.000018 seconds.
  path: Assets/KinematicCharacterController/Examples/Materials/Red.mat
  artifactKey: Guid(fa7583f4941f3ec4695e3315f9ab341c) Importer(2089858483,0ecaa5967403d082aa24f35e1b516d23)
Start importing Assets/KinematicCharacterController/Examples/Materials/Red.mat using Guid(fa7583f4941f3ec4695e3315f9ab341c) Importer(2089858483,0ecaa5967403d082aa24f35e1b516d23) Generated GUIDs only implemented for interfaces!
 -> (artifact id: 'eb95d2bf7780639e54515eb8c7b9ef10') in 0.035627 seconds
Number of updated asset objects reloaded before import = 0
Number of asset objects unloaded after import = 1
========================================================================
Received Import Request.
  Time since last request: 0.000017 seconds.
  path: Assets/Scenes/SampleScene.unity
  artifactKey: Guid(9fc0d4010bbf28b4594072e72b8655ab) Importer(2089858483,0ecaa5967403d082aa24f35e1b516d23)
Start importing Assets/Scenes/SampleScene.unity using Guid(9fc0d4010bbf28b4594072e72b8655ab) Importer(2089858483,0ecaa5967403d082aa24f35e1b516d23) Generated GUIDs only implemented for interfaces!
 -> (artifact id: 'cae546e94566649ccdc86e7850a800ba') in 0.016673 seconds
Number of updated asset objects reloaded before import = 0
Number of asset objects unloaded after import = 1
========================================================================
Received Import Request.
  Time since last request: 0.000019 seconds.
  path: Assets/KinematicCharacterController/Examples/Terrain/New Terrain.asset
  artifactKey: Guid(584986c7300830640ab9700710efbd75) Importer(2089858483,0ecaa5967403d082aa24f35e1b516d23)
Start importing Assets/KinematicCharacterController/Examples/Terrain/New Terrain.asset using Guid(584986c7300830640ab9700710efbd75) Importer(2089858483,0ecaa5967403d082aa24f35e1b516d23) Generated GUIDs only implemented for interfaces!
 -> (artifact id: 'eb57e0d5c64b8602dec52abb30e98c0f') in 0.055050 seconds
Number of updated asset objects reloaded before import = 0
Number of asset objects unloaded after import = 1
========================================================================
Received Import Request.
  Time since last request: 0.000016 seconds.
  path: Assets/Scripts/Players/Monsters/AgileHunter.cs
  artifactKey: Guid(54ed441384dba5f4e8b84d5ca1e28cf5) Importer(2089858483,0ecaa5967403d082aa24f35e1b516d23)
Start importing Assets/Scripts/Players/Monsters/AgileHunter.cs using Guid(54ed441384dba5f4e8b84d5ca1e28cf5) Importer(2089858483,0ecaa5967403d082aa24f35e1b516d23) Generated GUIDs only implemented for interfaces!
 -> (artifact id: 'ddefc211ff051b2e7a4953cd3c1a4b62') in 0.019986 seconds
Number of updated asset objects reloaded before import = 0
Number of asset objects unloaded after import = 1
========================================================================
Received Import Request.
  Time since last request: 0.000034 seconds.
  path: Assets/KinematicCharacterController/Examples/Models/ConcaveCorridor.fbx
  artifactKey: Guid(2b7ce2fb71ab23245a79364c94a76c48) Importer(2089858483,0ecaa5967403d082aa24f35e1b516d23)
Start importing Assets/KinematicCharacterController/Examples/Models/ConcaveCorridor.fbx using Guid(2b7ce2fb71ab23245a79364c94a76c48) Importer(2089858483,0ecaa5967403d082aa24f35e1b516d23) Generated GUIDs only implemented for interfaces!
 -> (artifact id: '7477df063a0c8472de76bd20489da4a2') in 0.042185 seconds
Number of updated asset objects reloaded before import = 0
Number of asset objects unloaded after import = 8
========================================================================
Received Import Request.
  Time since last request: 0.000013 seconds.
  path: Assets/KinematicCharacterController/Walkthrough/1- Player Camera Character Setup/Scripts/MyPlayer.cs
  artifactKey: Guid(0659d469a6cbf3448a556b714972454c) Importer(2089858483,0ecaa5967403d082aa24f35e1b516d23)
Start importing Assets/KinematicCharacterController/Walkthrough/1- Player Camera Character Setup/Scripts/MyPlayer.cs using Guid(0659d469a6cbf3448a556b714972454c) Importer(2089858483,0ecaa5967403d082aa24f35e1b516d23) Generated GUIDs only implemented for interfaces!
 -> (artifact id: '68e74a59bec925c8ab3db2e3ecd7fd5e') in 0.022195 seconds
Number of updated asset objects reloaded before import = 0
Number of asset objects unloaded after import = 1
========================================================================
Received Import Request.
  Time since last request: 0.000029 seconds.
  path: Assets/KinematicCharacterController/Walkthrough/6- Crouching/Scene/WalkthroughScene6.unity
  artifactKey: Guid(5cf941e64de8d2f4db87a028ca727a28) Importer(2089858483,0ecaa5967403d082aa24f35e1b516d23)
Start importing Assets/KinematicCharacterController/Walkthrough/6- Crouching/Scene/WalkthroughScene6.unity using Guid(5cf941e64de8d2f4db87a028ca727a28) Importer(2089858483,0ecaa5967403d082aa24f35e1b516d23) Generated GUIDs only implemented for interfaces!
 -> (artifact id: 'c24c7eaa4dff5aa47aa2959ce24d2f06') in 0.017916 seconds
Number of updated asset objects reloaded before import = 0
Number of asset objects unloaded after import = 1
========================================================================
Received Import Request.
  Time since last request: 0.000018 seconds.
  path: Assets/KinematicCharacterController/Examples/Scenes/CharacterPlayground/LightingData.asset
  artifactKey: Guid(8d5e47f38d51cb74fa17964969eea766) Importer(2089858483,0ecaa5967403d082aa24f35e1b516d23)
Start importing Assets/KinematicCharacterController/Examples/Scenes/CharacterPlayground/LightingData.asset using Guid(8d5e47f38d51cb74fa17964969eea766) Importer(2089858483,0ecaa5967403d082aa24f35e1b516d23) Generated GUIDs only implemented for interfaces!
 -> (artifact id: '8bdd0b6b5d67858052aa79ec574c8568') in 0.057796 seconds
Number of updated asset objects reloaded before import = 0
Number of asset objects unloaded after import = 2
========================================================================
Received Import Request.
  Time since last request: 0.000018 seconds.
  path: Assets/KinematicCharacterController/Examples/Materials/GridBlue.mat
  artifactKey: Guid(b2741a1cd6e468f44b7d6494dee261a2) Importer(2089858483,0ecaa5967403d082aa24f35e1b516d23)
Start importing Assets/KinematicCharacterController/Examples/Materials/GridBlue.mat using Guid(b2741a1cd6e468f44b7d6494dee261a2) Importer(2089858483,0ecaa5967403d082aa24f35e1b516d23) Generated GUIDs only implemented for interfaces!
 -> (artifact id: '51a29dc3ad51325d00a6acfe268412d7') in 0.051690 seconds
Number of updated asset objects reloaded before import = 0
Number of asset objects unloaded after import = 2
========================================================================
Received Import Request.
  Time since last request: 0.000023 seconds.
  path: Assets/Scripts/Objects/Trap.cs
  artifactKey: Guid(67b874d6afeeaf3408cf5daa78c4cc25) Importer(2089858483,0ecaa5967403d082aa24f35e1b516d23)
Start importing Assets/Scripts/Objects/Trap.cs using Guid(67b874d6afeeaf3408cf5daa78c4cc25) Importer(2089858483,0ecaa5967403d082aa24f35e1b516d23) Generated GUIDs only implemented for interfaces!
 -> (artifact id: '7848910bec0f8b311e82dd3e2d34e5c6') in 0.023505 seconds
Number of updated asset objects reloaded before import = 0
Number of asset objects unloaded after import = 1
========================================================================
Received Import Request.
  Time since last request: 0.000093 seconds.
  path: Assets/KinematicCharacterController/Walkthrough/11- Charging state/Scene/WalkthroughScene11.unity
  artifactKey: Guid(080c10a3703549c47b115b24b77e16ea) Importer(2089858483,0ecaa5967403d082aa24f35e1b516d23)
Start importing Assets/KinematicCharacterController/Walkthrough/11- Charging state/Scene/WalkthroughScene11.unity using Guid(080c10a3703549c47b115b24b77e16ea) Importer(2089858483,0ecaa5967403d082aa24f35e1b516d23) Generated GUIDs only implemented for interfaces!
 -> (artifact id: '36ff3bf09f735b4b36eb97f13ba76e19') in 0.019968 seconds
Number of updated asset objects reloaded before import = 0
Number of asset objects unloaded after import = 1
========================================================================
Received Import Request.
  Time since last request: 0.000031 seconds.
  path: Assets/KinematicCharacterController/Examples/Textures/tile.png
  artifactKey: Guid(e2571d7568539cd489b45b0927fd895b) Importer(2089858483,0ecaa5967403d082aa24f35e1b516d23)
Start importing Assets/KinematicCharacterController/Examples/Textures/tile.png using Guid(e2571d7568539cd489b45b0927fd895b) Importer(2089858483,0ecaa5967403d082aa24f35e1b516d23) Generated GUIDs only implemented for interfaces!
 -> (artifact id: '5b82b533d329550fc1a3317655a5df0f') in 0.067294 seconds
Number of updated asset objects reloaded before import = 0
Number of asset objects unloaded after import = 1
========================================================================
Received Import Request.
  Time since last request: 0.000026 seconds.
  path: Assets/KinematicCharacterController/Examples/Animation/boatTimeline.playable
  artifactKey: Guid(4545f35d0ad75664aa686adccdeec124) Importer(2089858483,0ecaa5967403d082aa24f35e1b516d23)
Start importing Assets/KinematicCharacterController/Examples/Animation/boatTimeline.playable using Guid(4545f35d0ad75664aa686adccdeec124) Importer(2089858483,0ecaa5967403d082aa24f35e1b516d23) Generated GUIDs only implemented for interfaces!
 -> (artifact id: 'bb44684ee5c8bad0348b688babe18370') in 0.069184 seconds
Number of updated asset objects reloaded before import = 0
Number of asset objects unloaded after import = 3
========================================================================
Received Import Request.
  Time since last request: 0.000021 seconds.
  path: Assets/KinematicCharacterController/Walkthrough/10- Multiple movement states setup/Scripts/MyCharacterController.cs
  artifactKey: Guid(cdd0dd2408e42ba47b026e5583efd762) Importer(2089858483,0ecaa5967403d082aa24f35e1b516d23)
Start importing Assets/KinematicCharacterController/Walkthrough/10- Multiple movement states setup/Scripts/MyCharacterController.cs using Guid(cdd0dd2408e42ba47b026e5583efd762) Importer(2089858483,0ecaa5967403d082aa24f35e1b516d23) Generated GUIDs only implemented for interfaces!
 -> (artifact id: 'cf6f44f0e41ea4332d5fbef715051439') in 0.018684 seconds
Number of updated asset objects reloaded before import = 0
Number of asset objects unloaded after import = 1
========================================================================
Received Import Request.
  Time since last request: 0.000019 seconds.
  path: Assets/KinematicCharacterController/Core/KinematicCharacterSystem.cs
  artifactKey: Guid(dbd80c9a62d41084aad50ae44255beb9) Importer(2089858483,0ecaa5967403d082aa24f35e1b516d23)
Start importing Assets/KinematicCharacterController/Core/KinematicCharacterSystem.cs using Guid(dbd80c9a62d41084aad50ae44255beb9) Importer(2089858483,0ecaa5967403d082aa24f35e1b516d23) Generated GUIDs only implemented for interfaces!
 -> (artifact id: 'aa8bd178e629ab0c2413bf672cfce4ea') in 0.020077 seconds
Number of updated asset objects reloaded before import = 0
Number of asset objects unloaded after import = 1
========================================================================
Received Import Request.
  Time since last request: 0.000044 seconds.
  path: Assets/KinematicCharacterController/Core/ICharacterController.cs
  artifactKey: Guid(f13aa252bd3bf9943b1d65e68d93dcfb) Importer(2089858483,0ecaa5967403d082aa24f35e1b516d23)
Start importing Assets/KinematicCharacterController/Core/ICharacterController.cs using Guid(f13aa252bd3bf9943b1d65e68d93dcfb) Importer(2089858483,0ecaa5967403d082aa24f35e1b516d23) Generated GUIDs only implemented for interfaces!
 -> (artifact id: 'b59d443a7287788f02694a215aa2f267') in 0.021337 seconds
Number of updated asset objects reloaded before import = 0
Number of asset objects unloaded after import = 1
========================================================================
Received Import Request.
  Time since last request: 0.000015 seconds.
  path: Assets/KinematicCharacterController/Examples/Scenes/CharacterPlayground.unity
  artifactKey: Guid(49c21577d8fcba049bf2f94ab33e2dc2) Importer(2089858483,0ecaa5967403d082aa24f35e1b516d23)
Start importing Assets/KinematicCharacterController/Examples/Scenes/CharacterPlayground.unity using Guid(49c21577d8fcba049bf2f94ab33e2dc2) Importer(2089858483,0ecaa5967403d082aa24f35e1b516d23) Generated GUIDs only implemented for interfaces!
 -> (artifact id: '4e01624f61a97d84fae7f88b1d8d4fea') in 0.018101 seconds
Number of updated asset objects reloaded before import = 0
Number of asset objects unloaded after import = 1
========================================================================
Received Import Request.
  Time since last request: 0.000016 seconds.
  path: Assets/KinematicCharacterController/Examples/Prefabs/AICharacter.prefab
  artifactKey: Guid(1dbbdbde987d38a4fbc939811934e5d5) Importer(2089858483,0ecaa5967403d082aa24f35e1b516d23)
Start importing Assets/KinematicCharacterController/Examples/Prefabs/AICharacter.prefab using Guid(1dbbdbde987d38a4fbc939811934e5d5) Importer(2089858483,0ecaa5967403d082aa24f35e1b516d23) Generated GUIDs only implemented for interfaces!
 -> (artifact id: '2cd1ad63aeb60f8c31d0b64b4d9700ae') in 0.056218 seconds
Number of updated asset objects reloaded before import = 0
Number of asset objects unloaded after import = 18
========================================================================
Received Import Request.
  Time since last request: 0.000014 seconds.
  path: Assets/KinematicCharacterController/Examples/Materials/Sky.mat
  artifactKey: Guid(10a503df4c24e194b936fc9ce33f55a9) Importer(2089858483,0ecaa5967403d082aa24f35e1b516d23)
Start importing Assets/KinematicCharacterController/Examples/Materials/Sky.mat using Guid(10a503df4c24e194b936fc9ce33f55a9) Importer(2089858483,0ecaa5967403d082aa24f35e1b516d23) Generated GUIDs only implemented for interfaces!
 -> (artifact id: '421e5a7dbc4ec762458722b965201359') in 0.045502 seconds
Number of updated asset objects reloaded before import = 0
Number of asset objects unloaded after import = 1
========================================================================
Received Import Request.
  Time since last request: 0.000016 seconds.
  path: Assets/KinematicCharacterController/Walkthrough/9- Custom collision filtering/Scene/WalkthroughScene9.unity
  artifactKey: Guid(8cc49b03a1094994ebd78092eb7b94d7) Importer(2089858483,0ecaa5967403d082aa24f35e1b516d23)
Start importing Assets/KinematicCharacterController/Walkthrough/9- Custom collision filtering/Scene/WalkthroughScene9.unity using Guid(8cc49b03a1094994ebd78092eb7b94d7) Importer(2089858483,0ecaa5967403d082aa24f35e1b516d23) Generated GUIDs only implemented for interfaces!
 -> (artifact id: 'ed93b63f0ee9f3bbe87fef88f7543056') in 0.021601 seconds
Number of updated asset objects reloaded before import = 0
Number of asset objects unloaded after import = 1
========================================================================
Received Import Request.
  Time since last request: 0.000037 seconds.
  path: Assets/KinematicCharacterController/Walkthrough/8- Creating a moving platform/Scene/WalkthroughScene8.unity
  artifactKey: Guid(f274f7ebe2ca52e4da40ffda0ce3320e) Importer(2089858483,0ecaa5967403d082aa24f35e1b516d23)
Start importing Assets/KinematicCharacterController/Walkthrough/8- Creating a moving platform/Scene/WalkthroughScene8.unity using Guid(f274f7ebe2ca52e4da40ffda0ce3320e) Importer(2089858483,0ecaa5967403d082aa24f35e1b516d23) Generated GUIDs only implemented for interfaces!
 -> (artifact id: '4a99c2b1903a302ad14748085ab7b06a') in 0.021049 seconds
Number of updated asset objects reloaded before import = 0
Number of asset objects unloaded after import = 1
========================================================================
Received Import Request.
  Time since last request: 0.000014 seconds.
  path: Assets/KinematicCharacterController/Walkthrough/15- Root motion example/EthanCharacter/Prefabs/Ethan.prefab
  artifactKey: Guid(7737647c22c1fc64a88d5cd030c352ce) Importer(2089858483,0ecaa5967403d082aa24f35e1b516d23)
Start importing Assets/KinematicCharacterController/Walkthrough/15- Root motion example/EthanCharacter/Prefabs/Ethan.prefab using Guid(7737647c22c1fc64a88d5cd030c352ce) Importer(2089858483,0ecaa5967403d082aa24f35e1b516d23) Generated GUIDs only implemented for interfaces!
 -> (artifact id: '4c1efb773f4d31afac4d835194403f0c') in 0.157471 seconds
Number of updated asset objects reloaded before import = 0
Number of asset objects unloaded after import = 195
========================================================================
Received Import Request.
  Time since last request: 0.000017 seconds.
  path: Assets/KinematicCharacterController/Walkthrough/16- FramePerfect Rotation/Scene/WalkthroughScene16/ReflectionProbe-0.exr
  artifactKey: Guid(c733e3c15e7ba85459a07eb54383f06a) Importer(2089858483,0ecaa5967403d082aa24f35e1b516d23)
Start importing Assets/KinematicCharacterController/Walkthrough/16- FramePerfect Rotation/Scene/WalkthroughScene16/ReflectionProbe-0.exr using Guid(c733e3c15e7ba85459a07eb54383f06a) Importer(2089858483,0ecaa5967403d082aa24f35e1b516d23) Generated GUIDs only implemented for interfaces!
 -> (artifact id: '04f20a6caafcd8b02a248c2585fbdc3b') in 0.018522 seconds
Number of updated asset objects reloaded before import = 0
Number of asset objects unloaded after import = 1
========================================================================
Received Import Request.
  Time since last request: 0.000025 seconds.
  path: Assets/KinematicCharacterController/Walkthrough/5- Adding velocities and impulses/Scene/WalkthroughScene5/LightingData.asset
  artifactKey: Guid(81aaaad5c637dc74abb08eb1fd28486d) Importer(2089858483,0ecaa5967403d082aa24f35e1b516d23)
Start importing Assets/KinematicCharacterController/Walkthrough/5- Adding velocities and impulses/Scene/WalkthroughScene5/LightingData.asset using Guid(81aaaad5c637dc74abb08eb1fd28486d) Importer(2089858483,0ecaa5967403d082aa24f35e1b516d23) Generated GUIDs only implemented for interfaces!
 -> (artifact id: '997e6db499fc5cfb32835ea729063c08') in 0.034886 seconds
Number of updated asset objects reloaded before import = 0
Number of asset objects unloaded after import = 2
========================================================================
Received Import Request.
  Time since last request: 0.000013 seconds.
  path: Assets/KinematicCharacterController/Walkthrough/13- Swimming state/Scene/WalkthroughScene13/ReflectionProbe-0.exr
  artifactKey: Guid(46581c5748209e84fb9336a40afd83c4) Importer(2089858483,0ecaa5967403d082aa24f35e1b516d23)
Start importing Assets/KinematicCharacterController/Walkthrough/13- Swimming state/Scene/WalkthroughScene13/ReflectionProbe-0.exr using Guid(46581c5748209e84fb9336a40afd83c4) Importer(2089858483,0ecaa5967403d082aa24f35e1b516d23) Generated GUIDs only implemented for interfaces!
 -> (artifact id: '8373f2d48f0137f66d5e62e82b254cf0') in 0.020611 seconds
Number of updated asset objects reloaded before import = 0
Number of asset objects unloaded after import = 1
========================================================================
Received Import Request.
  Time since last request: 0.000015 seconds.
  path: Assets/KinematicCharacterController/Walkthrough/15- Root motion example/EthanCharacter/Animation/HumanoidMidAir.fbx
  artifactKey: Guid(f03e10c73f30b4ab4aa8ea8f1cc16d36) Importer(2089858483,0ecaa5967403d082aa24f35e1b516d23)
Start importing Assets/KinematicCharacterController/Walkthrough/15- Root motion example/EthanCharacter/Animation/HumanoidMidAir.fbx using Guid(f03e10c73f30b4ab4aa8ea8f1cc16d36) Importer(2089858483,0ecaa5967403d082aa24f35e1b516d23) Generated GUIDs only implemented for interfaces!
 -> (artifact id: '607ba182b9ffd88368982d9cc5b5e5e6') in 0.084354 seconds
Number of updated asset objects reloaded before import = 0
Number of asset objects unloaded after import = 184
========================================================================
Received Import Request.
  Time since last request: 0.000013 seconds.
  path: Assets/KinematicCharacterController/Walkthrough/9- Custom collision filtering/Scripts/MyCharacterController.cs
  artifactKey: Guid(eb2b1275c8cbcb94192c9ec38d260257) Importer(2089858483,0ecaa5967403d082aa24f35e1b516d23)
Start importing Assets/KinematicCharacterController/Walkthrough/9- Custom collision filtering/Scripts/MyCharacterController.cs using Guid(eb2b1275c8cbcb94192c9ec38d260257) Importer(2089858483,0ecaa5967403d082aa24f35e1b516d23) Generated GUIDs only implemented for interfaces!
 -> (artifact id: 'd0347263215fb2127cd5caca6183178d') in 0.010047 seconds
Number of updated asset objects reloaded before import = 0
Number of asset objects unloaded after import = 1
========================================================================
Received Import Request.
  Time since last request: 0.000018 seconds.
  path: Assets/KinematicCharacterController/Walkthrough/15- Root motion example/EthanCharacter/Textures/EthanOcclusion.png
  artifactKey: Guid(4e2f32e9a1fefc24092337ae061f3dbc) Importer(2089858483,0ecaa5967403d082aa24f35e1b516d23)
Start importing Assets/KinematicCharacterController/Walkthrough/15- Root motion example/EthanCharacter/Textures/EthanOcclusion.png using Guid(4e2f32e9a1fefc24092337ae061f3dbc) Importer(2089858483,0ecaa5967403d082aa24f35e1b516d23) Generated GUIDs only implemented for interfaces!
 -> (artifact id: '958ac2ee18a0ec55351a71b7f32234d9') in 0.078662 seconds
Number of updated asset objects reloaded before import = 0
Number of asset objects unloaded after import = 1
========================================================================
Received Import Request.
  Time since last request: 0.000016 seconds.
  path: Assets/KinematicCharacterController/Walkthrough/11- Charging state/Scene/WalkthroughScene11/ReflectionProbe-0.exr
  artifactKey: Guid(bfe22d4c784ad9e47a9cdd1582da2c26) Importer(2089858483,0ecaa5967403d082aa24f35e1b516d23)
Start importing Assets/KinematicCharacterController/Walkthrough/11- Charging state/Scene/WalkthroughScene11/ReflectionProbe-0.exr using Guid(bfe22d4c784ad9e47a9cdd1582da2c26) Importer(2089858483,0ecaa5967403d082aa24f35e1b516d23) Generated GUIDs only implemented for interfaces!
 -> (artifact id: '40ee141e9d9d97f048b923115f1b0969') in 0.024364 seconds
Number of updated asset objects reloaded before import = 0
Number of asset objects unloaded after import = 1
========================================================================
Received Import Request.
  Time since last request: 0.000030 seconds.
  path: Assets/KinematicCharacterController/Walkthrough/8- Creating a moving platform/Scripts/MyMovingPlatform.cs
  artifactKey: Guid(0b6a0daf518d7f54f913855065b51001) Importer(2089858483,0ecaa5967403d082aa24f35e1b516d23)
Start importing Assets/KinematicCharacterController/Walkthrough/8- Creating a moving platform/Scripts/MyMovingPlatform.cs using Guid(0b6a0daf518d7f54f913855065b51001) Importer(2089858483,0ecaa5967403d082aa24f35e1b516d23) Generated GUIDs only implemented for interfaces!
 -> (artifact id: '4e606c01dedf0672f522bcc3486d2ead') in 0.016149 seconds
Number of updated asset objects reloaded before import = 0
Number of asset objects unloaded after import = 1
========================================================================
Received Import Request.
  Time since last request: 0.000017 seconds.
  path: Assets/KinematicCharacterController/Walkthrough/9- Custom collision filtering/Scene/WalkthroughScene9/LightingData.asset
  artifactKey: Guid(0e66b3ac85745e6499de4d690f8f71fd) Importer(2089858483,0ecaa5967403d082aa24f35e1b516d23)
Start importing Assets/KinematicCharacterController/Walkthrough/9- Custom collision filtering/Scene/WalkthroughScene9/LightingData.asset using Guid(0e66b3ac85745e6499de4d690f8f71fd) Importer(2089858483,0ecaa5967403d082aa24f35e1b516d23) Generated GUIDs only implemented for interfaces!
 -> (artifact id: 'b76bb738c2df85dd1a0daa7588281801') in 0.037586 seconds
Number of updated asset objects reloaded before import = 0
Number of asset objects unloaded after import = 2
========================================================================
Received Import Request.
  Time since last request: 0.000212 seconds.
  path: Assets/KinematicCharacterController/Core/IMoverController.cs
  artifactKey: Guid(8ae7eceec45f1be4c8450edc46c0ad36) Importer(2089858483,0ecaa5967403d082aa24f35e1b516d23)
Start importing Assets/KinematicCharacterController/Core/IMoverController.cs using Guid(8ae7eceec45f1be4c8450edc46c0ad36) Importer(2089858483,0ecaa5967403d082aa24f35e1b516d23) Generated GUIDs only implemented for interfaces!
 -> (artifact id: '4b9a541c34dbd36d84c1841963ae4e85') in 0.017400 seconds
Number of updated asset objects reloaded before import = 0
Number of asset objects unloaded after import = 1
========================================================================
Received Import Request.
  Time since last request: 0.000017 seconds.
  path: Assets/KinematicCharacterController/Walkthrough/15- Root motion example/EthanCharacter/Animation/HumanoidWalkTurn.fbx
  artifactKey: Guid(1c52c953c83c2254a9fa72d50250f028) Importer(2089858483,0ecaa5967403d082aa24f35e1b516d23)
Start importing Assets/KinematicCharacterController/Walkthrough/15- Root motion example/EthanCharacter/Animation/HumanoidWalkTurn.fbx using Guid(1c52c953c83c2254a9fa72d50250f028) Importer(2089858483,0ecaa5967403d082aa24f35e1b516d23) Generated GUIDs only implemented for interfaces!
 -> (artifact id: 'd535299c5cd3ad6ee87ba7320a50fa3d') in 0.047558 seconds
Number of updated asset objects reloaded before import = 0
Number of asset objects unloaded after import = 158
========================================================================
Received Import Request.
  Time since last request: 0.000014 seconds.
  path: Assets/KinematicCharacterController/Walkthrough/12- NoClip state/Scripts/MyPlayer.cs
  artifactKey: Guid(04d7db6fb3ef0f548bf93754f0bbe224) Importer(2089858483,0ecaa5967403d082aa24f35e1b516d23)
Start importing Assets/KinematicCharacterController/Walkthrough/12- NoClip state/Scripts/MyPlayer.cs using Guid(04d7db6fb3ef0f548bf93754f0bbe224) Importer(2089858483,0ecaa5967403d082aa24f35e1b516d23) Generated GUIDs only implemented for interfaces!
 -> (artifact id: 'd0195c17ec97a65c62f93d3c2a56897c') in 0.021271 seconds
Number of updated asset objects reloaded before import = 0
Number of asset objects unloaded after import = 1
========================================================================
Received Import Request.
  Time since last request: 0.000014 seconds.
  path: Assets/KinematicCharacterController/Walkthrough/3- Jumping/Scene/WalkthroughScene3/LightingData.asset
  artifactKey: Guid(9a0121041686b2045a832bb37b8cb164) Importer(2089858483,0ecaa5967403d082aa24f35e1b516d23)
Start importing Assets/KinematicCharacterController/Walkthrough/3- Jumping/Scene/WalkthroughScene3/LightingData.asset using Guid(9a0121041686b2045a832bb37b8cb164) Importer(2089858483,0ecaa5967403d082aa24f35e1b516d23) Generated GUIDs only implemented for interfaces!
 -> (artifact id: '4ab8a3965086392a29fdade43a7f99d1') in 0.030405 seconds
Number of updated asset objects reloaded before import = 0
Number of asset objects unloaded after import = 2
========================================================================
Received Import Request.
  Time since last request: 0.000012 seconds.
  path: Assets/KinematicCharacterController/Walkthrough/1- Player Camera Character Setup/Scripts/MyCharacterController.cs
  artifactKey: Guid(4b647278478c8694ab6b00ac51347de7) Importer(2089858483,0ecaa5967403d082aa24f35e1b516d23)
Start importing Assets/KinematicCharacterController/Walkthrough/1- Player Camera Character Setup/Scripts/MyCharacterController.cs using Guid(4b647278478c8694ab6b00ac51347de7) Importer(2089858483,0ecaa5967403d082aa24f35e1b516d23) Generated GUIDs only implemented for interfaces!
 -> (artifact id: '38ad0e74a9021007ab3d6cb01db97960') in 0.016852 seconds
Number of updated asset objects reloaded before import = 0
Number of asset objects unloaded after import = 1
========================================================================
Received Import Request.
  Time since last request: 0.000091 seconds.
  path: Assets/KinematicCharacterController/Examples/Scripts/PlayableMover.cs
  artifactKey: Guid(160d994062e8fe6418c50c339a9e34e0) Importer(2089858483,0ecaa5967403d082aa24f35e1b516d23)
Start importing Assets/KinematicCharacterController/Examples/Scripts/PlayableMover.cs using Guid(160d994062e8fe6418c50c339a9e34e0) Importer(2089858483,0ecaa5967403d082aa24f35e1b516d23) Generated GUIDs only implemented for interfaces!
 -> (artifact id: '2e143adc7b1c8dd9bc51eba6274d0f1b') in 0.012807 seconds
Number of updated asset objects reloaded before import = 0
Number of asset objects unloaded after import = 1
========================================================================
Received Import Request.
  Time since last request: 0.000045 seconds.
  path: Assets/KinematicCharacterController/Walkthrough/16- FramePerfect Rotation/Scene/WalkthroughScene16/LightingData.asset
  artifactKey: Guid(4ed041c1c0909eb41a79b0d908f018f9) Importer(2089858483,0ecaa5967403d082aa24f35e1b516d23)
Start importing Assets/KinematicCharacterController/Walkthrough/16- FramePerfect Rotation/Scene/WalkthroughScene16/LightingData.asset using Guid(4ed041c1c0909eb41a79b0d908f018f9) Importer(2089858483,0ecaa5967403d082aa24f35e1b516d23) Generated GUIDs only implemented for interfaces!
 -> (artifact id: '18c4ba91760914e7e4c59a1ceb1d4a9a') in 0.028676 seconds
Number of updated asset objects reloaded before import = 0
Number of asset objects unloaded after import = 2
========================================================================
Received Import Request.
  Time since last request: 0.000164 seconds.
  path: Assets/KinematicCharacterController/Examples/Models/DualTriSlope.fbx
  artifactKey: Guid(2e973c5a9dd49cf409c99021ad5a63a4) Importer(2089858483,0ecaa5967403d082aa24f35e1b516d23)
Start importing Assets/KinematicCharacterController/Examples/Models/DualTriSlope.fbx using Guid(2e973c5a9dd49cf409c99021ad5a63a4) Importer(2089858483,0ecaa5967403d082aa24f35e1b516d23) Generated GUIDs only implemented for interfaces!
 -> (artifact id: '19baabca20802319196af597265719d8') in 0.046304 seconds
Number of updated asset objects reloaded before import = 0
Number of asset objects unloaded after import = 16
========================================================================
Received Import Request.
  Time since last request: 0.000020 seconds.
  path: Assets/Scripts/Objects/LaserBeamTrap.cs
  artifactKey: Guid(32778b3ee4785c64cb8522128edc42e6) Importer(2089858483,0ecaa5967403d082aa24f35e1b516d23)
Start importing Assets/Scripts/Objects/LaserBeamTrap.cs using Guid(32778b3ee4785c64cb8522128edc42e6) Importer(2089858483,0ecaa5967403d082aa24f35e1b516d23) Generated GUIDs only implemented for interfaces!
 -> (artifact id: '0feb5c4fc764c12367ab80071097236d') in 0.019422 seconds
Number of updated asset objects reloaded before import = 0
Number of asset objects unloaded after import = 1
========================================================================
Received Import Request.
  Time since last request: 0.000069 seconds.
  path: Assets/KinematicCharacterController/Walkthrough/11- Charging state/Scripts/MyPlayer.cs
  artifactKey: Guid(391e1ac2a4b71dc42ae1a24fabdc143a) Importer(2089858483,0ecaa5967403d082aa24f35e1b516d23)
Start importing Assets/KinematicCharacterController/Walkthrough/11- Charging state/Scripts/MyPlayer.cs using Guid(391e1ac2a4b71dc42ae1a24fabdc143a) Importer(2089858483,0ecaa5967403d082aa24f35e1b516d23) Generated GUIDs only implemented for interfaces!
 -> (artifact id: 'cd3053f30d7fa66eb4c61f6e8c93e42e') in 0.024424 seconds
Number of updated asset objects reloaded before import = 0
Number of asset objects unloaded after import = 1
========================================================================
Received Import Request.
  Time since last request: 0.000015 seconds.
  path: Assets/KinematicCharacterController/Walkthrough/15- Root motion example/EthanCharacter/Textures/EthanNormals.png
  artifactKey: Guid(3b5b7be0f2332c24f89a2af018daa62d) Importer(2089858483,0ecaa5967403d082aa24f35e1b516d23)
Start importing Assets/KinematicCharacterController/Walkthrough/15- Root motion example/EthanCharacter/Textures/EthanNormals.png using Guid(3b5b7be0f2332c24f89a2af018daa62d) Importer(2089858483,0ecaa5967403d082aa24f35e1b516d23) Generated GUIDs only implemented for interfaces!
 -> (artifact id: 'fa7c8b965c7f7c24fff93671ce31c8ad') in 0.055499 seconds
Number of updated asset objects reloaded before import = 0
Number of asset objects unloaded after import = 1
========================================================================
Received Import Request.
  Time since last request: 0.000014 seconds.
  path: Assets/KinematicCharacterController/Walkthrough/13- Swimming state/Scripts/MyPlayer.cs
  artifactKey: Guid(4713c253e1b718441b5183e3e7a50f24) Importer(2089858483,0ecaa5967403d082aa24f35e1b516d23)
Start importing Assets/KinematicCharacterController/Walkthrough/13- Swimming state/Scripts/MyPlayer.cs using Guid(4713c253e1b718441b5183e3e7a50f24) Importer(2089858483,0ecaa5967403d082aa24f35e1b516d23) Generated GUIDs only implemented for interfaces!
 -> (artifact id: '489b8da3c6e33cfbd6231ae30900c37d') in 0.023420 seconds
Number of updated asset objects reloaded before import = 0
Number of asset objects unloaded after import = 1
========================================================================
Received Prepare
Begin MonoManager ReloadAssembly
Symbol file LoadedFromMemory doesn't match image C:\Users\Lolita\Desktop\Crawling3dd\Library\PackageCache\com.unity.visualscripting@1.8.0\Editor\VisualScripting.Core\Dependencies\YamlDotNet\Unity.VisualScripting.YamlDotNet.dll
Symbol file LoadedFromMemory doesn't match image C:\Users\Lolita\Desktop\Crawling3dd\Library\PackageCache\com.unity.visualscripting@1.8.0\Editor\VisualScripting.Core\Dependencies\DotNetZip\Unity.VisualScripting.IonicZip.dll
- Loaded All Assemblies, in  0.547 seconds
Refreshing native plugins compatible for Editor in 3.19 ms, found 3 plugins.
Native extension for WindowsStandalone target not found
Mono: successfully reloaded assembly
- Finished resetting the current domain, in  0.844 seconds
Domain Reload Profiling: 1389ms
	BeginReloadAssembly (112ms)
		ExecutionOrderSort (0ms)
		DisableScriptedObjects (2ms)
		BackupInstance (0ms)
		ReleaseScriptingObjects (0ms)
		CreateAndSetChildDomain (35ms)
	RebuildCommonClasses (23ms)
	RebuildNativeTypeToScriptingClass (7ms)
	initialDomainReloadingComplete (23ms)
	LoadAllAssembliesAndSetupDomain (380ms)
		LoadAssemblies (188ms)
		RebuildTransferFunctionScriptingTraits (0ms)
		AnalyzeDomain (233ms)
			TypeCache.Refresh (227ms)
				TypeCache.ScanAssembly (216ms)
			ScanForSourceGeneratedMonoScriptInfo (0ms)
			ResolveRequiredComponents (6ms)
	FinalizeReload (844ms)
		ReleaseScriptCaches (0ms)
		RebuildScriptCaches (0ms)
		SetupLoadedEditorAssemblies (495ms)
			LogAssemblyErrors (0ms)
			InitializePlatformSupportModulesInManaged (5ms)
			SetLoadedEditorAssemblies (4ms)
			RefreshPlugins (0ms)
			BeforeProcessingInitializeOnLoad (53ms)
			ProcessInitializeOnLoadAttributes (414ms)
			ProcessInitializeOnLoadMethodAttributes (12ms)
			AfterProcessingInitializeOnLoad (6ms)
			EditorAssembliesLoaded (0ms)
		ExecutionOrderSort2 (0ms)
		AwakeInstancesAfterBackupRestoration (5ms)
Refreshing native plugins compatible for Editor in 1.68 ms, found 3 plugins.
Preloading 0 native plugins for Editor in 0.00 ms.
Unloading 3166 Unused Serialized files (Serialized files now loaded: 0)
Unloading 22 unused Assets / (429.5 KB). Loaded Objects now: 3644.
Memory consumption went from 117.4 MB to 117.0 MB.
Total: 2.329900 ms (FindLiveObjects: 0.153600 ms CreateObjectMapping: 0.072300 ms MarkObjects: 1.943500 ms  DeleteObjects: 0.159500 ms)

Prepare: number of updated asset objects reloaded= 0
AssetImportParameters requested are different than current active one (requested -> active):
  custom:container-demuxer-ogg: 62fdf1f143b41e24485cea50d1cbac27 -> 
  custom:video-codec-MediaFoundation-h265: 746d11721c4dcdbdad8f713fa42b33f4 -> 
  custom:video-decoder-ogg-theora: a1e56fd34408186e4bbccfd4996cb3dc -> 
  custom:framework-win-MediaFoundation: 216162199b28c13a410421893ffa2e32 -> 
  custom:container-demuxer-webm: 4f35f7cbe854078d1ac9338744f61a02 -> 
  custom:container-muxer-webm: aa71ff27fc2769a1b78a27578f13a17b -> 
  custom:video-decoder-webm-vp8: 9c59270c3fd7afecdb556c50c9e8de78 -> 
  custom:SearchIndexIgnoredProperties: e643bd26f0fe6173181afceb89e7c659 -> 
  custom:AudioImporter_EditorPlatform: d09bf68614088b80899f8185d706f6e7 -> 
  custom:video-encoder-webm-vp8: eb34c28f22e8b96e1ab97ce403110664 -> 
  custom:audio-decoder-ogg-vorbis: bf7c407c2cedff20999df2af8eb42d56 -> 
  custom:audio-encoder-webm-vorbis: bf7c407c2cedff20999df2af8eb42d56 -> 
Editor requested this worker to shutdown with reason: Scaling down because of idle timeout
TcpMessagingSession - receive error: operation aborted. errorcode: 995, details: The I/O operation has been aborted because of either a thread exit or an application request.
AssetImportWorker is now disconnected from the server
Process exiting
Exiting without the bug reporter. Application will terminate with return code 0