Using pre-set license
Built from '2022.3/staging' branch; Version is '2022.3.2f1 (d74737c6db50) revision 14108471'; Using compiler version '192829333'; Build Type 'Release'
OS: 'Windows 11  (10.0.22631) 64bit Core' Language: 'en' Physical Memory: 16087 MB
BatchMode: 1, IsHumanControllingUs: 0, StartBugReporterOnCrash: 0, Is64bit: 1, IsPro: 1

COMMAND LINE ARGUMENTS:
C:\Program Files\Unity\Hub\Editor\2022.3.2f1\Editor\Unity.exe
-adb2
-batchMode
-noUpm
-name
AssetImportWorker5
-projectPath
C:/Users/Lolita/Desktop/Crawling3dd
-logFile
Logs/AssetImportWorker5.log
-srvPort
55411
Successfully changed project path to: C:/Users/Lolita/Desktop/Crawling3dd
C:/Users/Lolita/Desktop/Crawling3dd
[UnityMemory] Configuration Parameters - Can be set up in boot.config
    "memorysetup-bucket-allocator-granularity=16"
    "memorysetup-bucket-allocator-bucket-count=8"
    "memorysetup-bucket-allocator-block-size=33554432"
    "memorysetup-bucket-allocator-block-count=8"
    "memorysetup-main-allocator-block-size=16777216"
    "memorysetup-thread-allocator-block-size=16777216"
    "memorysetup-gfx-main-allocator-block-size=16777216"
    "memorysetup-gfx-thread-allocator-block-size=16777216"
    "memorysetup-cache-allocator-block-size=4194304"
    "memorysetup-typetree-allocator-block-size=2097152"
    "memorysetup-profiler-bucket-allocator-granularity=16"
    "memorysetup-profiler-bucket-allocator-bucket-count=8"
    "memorysetup-profiler-bucket-allocator-block-size=33554432"
    "memorysetup-profiler-bucket-allocator-block-count=8"
    "memorysetup-profiler-allocator-block-size=16777216"
    "memorysetup-profiler-editor-allocator-block-size=1048576"
    "memorysetup-temp-allocator-size-main=16777216"
    "memorysetup-job-temp-allocator-block-size=2097152"
    "memorysetup-job-temp-allocator-block-size-background=1048576"
    "memorysetup-job-temp-allocator-reduction-small-platforms=262144"
    "memorysetup-allocator-temp-initial-block-size-main=262144"
    "memorysetup-allocator-temp-initial-block-size-worker=262144"
    "memorysetup-temp-allocator-size-background-worker=32768"
    "memorysetup-temp-allocator-size-job-worker=262144"
    "memorysetup-temp-allocator-size-preload-manager=33554432"
    "memorysetup-temp-allocator-size-nav-mesh-worker=65536"
    "memorysetup-temp-allocator-size-audio-worker=65536"
    "memorysetup-temp-allocator-size-cloud-worker=32768"
    "memorysetup-temp-allocator-size-gi-baking-worker=262144"
    "memorysetup-temp-allocator-size-gfx=262144"
Player connection [15680] Host "[IP] 192.168.56.1 [Port] 0 [Flags] 2 [Guid] 2379785436 [EditorId] 2379785436 [Version] 1048832 [Id] WindowsEditor(7,MSI) [Debug] 1 [PackageName] WindowsEditor [ProjectName] Editor" joined multi-casting on [225.0.0.222:54997]...

Player connection [15680] Host "[IP] 192.168.56.1 [Port] 0 [Flags] 2 [Guid] 2379785436 [EditorId] 2379785436 [Version] 1048832 [Id] WindowsEditor(7,MSI) [Debug] 1 [PackageName] WindowsEditor [ProjectName] Editor" joined alternative multi-casting on [225.0.0.222:34997]...

Refreshing native plugins compatible for Editor in 5.16 ms, found 3 plugins.
Preloading 0 native plugins for Editor in 0.00 ms.
Initialize engine version: 2022.3.2f1 (d74737c6db50)
[Subsystems] Discovering subsystems at path C:/Program Files/Unity/Hub/Editor/2022.3.2f1/Editor/Data/Resources/UnitySubsystems
[Subsystems] Discovering subsystems at path C:/Users/Lolita/Desktop/Crawling3dd/Assets
GfxDevice: creating device client; threaded=0; jobified=0
Direct3D:
    Version:  Direct3D 11.0 [level 11.1]
    Renderer: NVIDIA GeForce RTX 4070 Laptop GPU (ID=0x2820)
    Vendor:   NVIDIA
    VRAM:     7948 MB
    Driver:   32.0.15.6636
Initialize mono
Mono path[0] = 'C:/Program Files/Unity/Hub/Editor/2022.3.2f1/Editor/Data/Managed'
Mono path[1] = 'C:/Program Files/Unity/Hub/Editor/2022.3.2f1/Editor/Data/MonoBleedingEdge/lib/mono/unityjit-win32'
Mono config path = 'C:/Program Files/Unity/Hub/Editor/2022.3.2f1/Editor/Data/MonoBleedingEdge/etc'
Using monoOptions --debugger-agent=transport=dt_socket,embedding=1,server=y,suspend=n,address=127.0.0.1:56696
Begin MonoManager ReloadAssembly
Registering precompiled unity dll's ...
Register platform support module: C:/Program Files/Unity/Hub/Editor/2022.3.2f1/Editor/Data/PlaybackEngines/WindowsStandaloneSupport/UnityEditor.WindowsStandalone.Extensions.dll
Registered in 0.286445 seconds.
- Loaded All Assemblies, in  3.511 seconds
Native extension for WindowsStandalone target not found
Mono: successfully reloaded assembly
- Finished resetting the current domain, in  0.195 seconds
Domain Reload Profiling: 3704ms
	BeginReloadAssembly (57ms)
		ExecutionOrderSort (0ms)
		DisableScriptedObjects (0ms)
		BackupInstance (0ms)
		ReleaseScriptingObjects (0ms)
		CreateAndSetChildDomain (1ms)
	RebuildCommonClasses (21ms)
	RebuildNativeTypeToScriptingClass (9ms)
	initialDomainReloadingComplete (327ms)
	LoadAllAssembliesAndSetupDomain (3094ms)
		LoadAssemblies (55ms)
		RebuildTransferFunctionScriptingTraits (0ms)
		AnalyzeDomain (3090ms)
			TypeCache.Refresh (3089ms)
				TypeCache.ScanAssembly (2196ms)
			ScanForSourceGeneratedMonoScriptInfo (0ms)
			ResolveRequiredComponents (0ms)
	FinalizeReload (195ms)
		ReleaseScriptCaches (0ms)
		RebuildScriptCaches (0ms)
		SetupLoadedEditorAssemblies (157ms)
			LogAssemblyErrors (0ms)
			InitializePlatformSupportModulesInManaged (7ms)
			SetLoadedEditorAssemblies (7ms)
			RefreshPlugins (0ms)
			BeforeProcessingInitializeOnLoad (2ms)
			ProcessInitializeOnLoadAttributes (93ms)
			ProcessInitializeOnLoadMethodAttributes (48ms)
			AfterProcessingInitializeOnLoad (0ms)
			EditorAssembliesLoaded (0ms)
		ExecutionOrderSort2 (0ms)
		AwakeInstancesAfterBackupRestoration (0ms)
========================================================================
Worker process is ready to serve import requests
Begin MonoManager ReloadAssembly
Symbol file LoadedFromMemory doesn't match image C:\Users\Lolita\Desktop\Crawling3dd\Library\PackageCache\com.unity.visualscripting@1.8.0\Editor\VisualScripting.Core\Dependencies\YamlDotNet\Unity.VisualScripting.YamlDotNet.dll
Symbol file LoadedFromMemory doesn't match image C:\Users\Lolita\Desktop\Crawling3dd\Library\PackageCache\com.unity.visualscripting@1.8.0\Editor\VisualScripting.Core\Dependencies\DotNetZip\Unity.VisualScripting.IonicZip.dll
- Loaded All Assemblies, in 14.277 seconds
Refreshing native plugins compatible for Editor in 2.13 ms, found 3 plugins.
Native extension for WindowsStandalone target not found
Mono: successfully reloaded assembly
- Finished resetting the current domain, in  0.692 seconds
Domain Reload Profiling: 14967ms
	BeginReloadAssembly (105ms)
		ExecutionOrderSort (0ms)
		DisableScriptedObjects (4ms)
		BackupInstance (0ms)
		ReleaseScriptingObjects (0ms)
		CreateAndSetChildDomain (18ms)
	RebuildCommonClasses (31ms)
	RebuildNativeTypeToScriptingClass (9ms)
	initialDomainReloadingComplete (35ms)
	LoadAllAssembliesAndSetupDomain (14094ms)
		LoadAssemblies (13075ms)
		RebuildTransferFunctionScriptingTraits (0ms)
		AnalyzeDomain (1073ms)
			TypeCache.Refresh (1056ms)
				TypeCache.ScanAssembly (953ms)
			ScanForSourceGeneratedMonoScriptInfo (10ms)
			ResolveRequiredComponents (7ms)
	FinalizeReload (692ms)
		ReleaseScriptCaches (0ms)
		RebuildScriptCaches (0ms)
		SetupLoadedEditorAssemblies (555ms)
			LogAssemblyErrors (0ms)
			InitializePlatformSupportModulesInManaged (6ms)
			SetLoadedEditorAssemblies (4ms)
			RefreshPlugins (0ms)
			BeforeProcessingInitializeOnLoad (43ms)
			ProcessInitializeOnLoadAttributes (482ms)
			ProcessInitializeOnLoadMethodAttributes (14ms)
			AfterProcessingInitializeOnLoad (6ms)
			EditorAssembliesLoaded (0ms)
		ExecutionOrderSort2 (0ms)
		AwakeInstancesAfterBackupRestoration (7ms)
Launched and connected shader compiler UnityShaderCompiler.exe after 0.10 seconds
Refreshing native plugins compatible for Editor in 2.90 ms, found 3 plugins.
Preloading 0 native plugins for Editor in 0.00 ms.
Unloading 3174 Unused Serialized files (Serialized files now loaded: 0)
Unloading 29 unused Assets / (56.3 KB). Loaded Objects now: 3638.
Memory consumption went from 117.8 MB to 117.7 MB.
Total: 3.357400 ms (FindLiveObjects: 0.151400 ms CreateObjectMapping: 0.083800 ms MarkObjects: 3.024100 ms  DeleteObjects: 0.097500 ms)

AssetImportParameters requested are different than current active one (requested -> active):
  custom:container-demuxer-ogg: 62fdf1f143b41e24485cea50d1cbac27 -> 
  custom:video-codec-MediaFoundation-h265: 746d11721c4dcdbdad8f713fa42b33f4 -> 
  custom:video-decoder-ogg-theora: a1e56fd34408186e4bbccfd4996cb3dc -> 
  custom:framework-win-MediaFoundation: 216162199b28c13a410421893ffa2e32 -> 
  custom:container-demuxer-webm: 4f35f7cbe854078d1ac9338744f61a02 -> 
  custom:container-muxer-webm: aa71ff27fc2769a1b78a27578f13a17b -> 
  custom:video-decoder-webm-vp8: 9c59270c3fd7afecdb556c50c9e8de78 -> 
  custom:AudioImporter_EditorPlatform: d09bf68614088b80899f8185d706f6e7 -> 
  custom:video-encoder-webm-vp8: eb34c28f22e8b96e1ab97ce403110664 -> 
  custom:audio-decoder-ogg-vorbis: bf7c407c2cedff20999df2af8eb42d56 -> 
  custom:audio-encoder-webm-vorbis: bf7c407c2cedff20999df2af8eb42d56 -> 
========================================================================
Received Prepare
Refreshing native plugins compatible for Editor in 2.70 ms, found 3 plugins.
Preloading 0 native plugins for Editor in 0.00 ms.
Unloading 1 Unused Serialized files (Serialized files now loaded: 0)
Unloading 1 unused Assets / (3.0 KB). Loaded Objects now: 3638.
Memory consumption went from 68.0 MB to 68.0 MB.
Total: 2.994900 ms (FindLiveObjects: 0.187200 ms CreateObjectMapping: 0.072800 ms MarkObjects: 2.704000 ms  DeleteObjects: 0.029700 ms)

Prepare: number of updated asset objects reloaded= 0
AssetImportParameters requested are different than current active one (requested -> active):
  custom:container-demuxer-ogg: 62fdf1f143b41e24485cea50d1cbac27 -> 
  custom:video-codec-MediaFoundation-h265: 746d11721c4dcdbdad8f713fa42b33f4 -> 
  custom:video-decoder-ogg-theora: a1e56fd34408186e4bbccfd4996cb3dc -> 
  custom:framework-win-MediaFoundation: 216162199b28c13a410421893ffa2e32 -> 
  custom:container-demuxer-webm: 4f35f7cbe854078d1ac9338744f61a02 -> 
  custom:container-muxer-webm: aa71ff27fc2769a1b78a27578f13a17b -> 
  custom:video-decoder-webm-vp8: 9c59270c3fd7afecdb556c50c9e8de78 -> 
  custom:SearchIndexIgnoredProperties: e643bd26f0fe6173181afceb89e7c659 -> 
  custom:AudioImporter_EditorPlatform: d09bf68614088b80899f8185d706f6e7 -> 
  custom:video-encoder-webm-vp8: eb34c28f22e8b96e1ab97ce403110664 -> 
  custom:audio-decoder-ogg-vorbis: bf7c407c2cedff20999df2af8eb42d56 -> 
  custom:audio-encoder-webm-vorbis: bf7c407c2cedff20999df2af8eb42d56 -> 
========================================================================
Received Import Request.
  Time since last request: 268431.633699 seconds.
  path: Assets/Scripts/Players/Weapons/Spell.cs
  artifactKey: Guid(6734323334747564e8f8096ddfa6e190) Importer(2089858483,0ecaa5967403d082aa24f35e1b516d23)
Start importing Assets/Scripts/Players/Weapons/Spell.cs using Guid(6734323334747564e8f8096ddfa6e190) Importer(2089858483,0ecaa5967403d082aa24f35e1b516d23) Generated GUIDs only implemented for interfaces!
 -> (artifact id: '39552bc87b619ff367b9b4f27ff9e8b4') in 0.083982 seconds
Number of updated asset objects reloaded before import = 0
Number of asset objects unloaded after import = 1
========================================================================
Received Import Request.
  Time since last request: 0.000014 seconds.
  path: Assets/KinematicCharacterController/Examples/Models/Suzanne.fbx
  artifactKey: Guid(24cbc0be5f22f1c4681decf899eac879) Importer(2089858483,0ecaa5967403d082aa24f35e1b516d23)
Start importing Assets/KinematicCharacterController/Examples/Models/Suzanne.fbx using Guid(24cbc0be5f22f1c4681decf899eac879) Importer(2089858483,0ecaa5967403d082aa24f35e1b516d23) Generated GUIDs only implemented for interfaces!
 -> (artifact id: 'da20d48235d1ee6e93b529b254a0ee07') in 0.063454 seconds
Number of updated asset objects reloaded before import = 0
Number of asset objects unloaded after import = 8
========================================================================
Received Import Request.
  Time since last request: 0.000015 seconds.
  path: Assets/KinematicCharacterController/Examples/Models/TriSlope4.fbx
  artifactKey: Guid(a1fb5ad061b41ec4f88dee5615c25a82) Importer(2089858483,0ecaa5967403d082aa24f35e1b516d23)
Start importing Assets/KinematicCharacterController/Examples/Models/TriSlope4.fbx using Guid(a1fb5ad061b41ec4f88dee5615c25a82) Importer(2089858483,0ecaa5967403d082aa24f35e1b516d23) Generated GUIDs only implemented for interfaces!
 -> (artifact id: '757ef3c5f629c489b2f5591c63ded2d2') in 0.042280 seconds
Number of updated asset objects reloaded before import = 0
Number of asset objects unloaded after import = 8
========================================================================
Received Import Request.
  Time since last request: 0.000039 seconds.
  path: Assets/Scripts/Players/Weapons/Sword.cs
  artifactKey: Guid(720317d12aff2e1409ce84036db81b3c) Importer(2089858483,0ecaa5967403d082aa24f35e1b516d23)
Start importing Assets/Scripts/Players/Weapons/Sword.cs using Guid(720317d12aff2e1409ce84036db81b3c) Importer(2089858483,0ecaa5967403d082aa24f35e1b516d23) Generated GUIDs only implemented for interfaces!
 -> (artifact id: 'f9175fd6284e0dc032e259702fb0c844') in 0.024030 seconds
Number of updated asset objects reloaded before import = 0
Number of asset objects unloaded after import = 1
========================================================================
Received Import Request.
  Time since last request: 0.000015 seconds.
  path: Assets/Scripts/Players/Player.cs
  artifactKey: Guid(f86cfdaba7255c544aa0cd4393dcb494) Importer(2089858483,0ecaa5967403d082aa24f35e1b516d23)
Start importing Assets/Scripts/Players/Player.cs using Guid(f86cfdaba7255c544aa0cd4393dcb494) Importer(2089858483,0ecaa5967403d082aa24f35e1b516d23) Generated GUIDs only implemented for interfaces!
 -> (artifact id: 'bd870236a337cea43afa521e2a767454') in 0.019950 seconds
Number of updated asset objects reloaded before import = 0
Number of asset objects unloaded after import = 1
========================================================================
Received Import Request.
  Time since last request: 0.000042 seconds.
  path: Assets/KinematicCharacterController/Examples/Materials/Green.mat
  artifactKey: Guid(83b277cab1b0a6146b3877fdc32581fe) Importer(2089858483,0ecaa5967403d082aa24f35e1b516d23)
Start importing Assets/KinematicCharacterController/Examples/Materials/Green.mat using Guid(83b277cab1b0a6146b3877fdc32581fe) Importer(2089858483,0ecaa5967403d082aa24f35e1b516d23) Generated GUIDs only implemented for interfaces!
 -> (artifact id: '33abd8944c61311884e5a8a97a662c9c') in 0.043890 seconds
Number of updated asset objects reloaded before import = 0
Number of asset objects unloaded after import = 1
========================================================================
Received Import Request.
  Time since last request: 0.000062 seconds.
  path: Assets/KinematicCharacterController/ExampleCharacter/Prefabs/ExampleCharacter.prefab
  artifactKey: Guid(d295472d4ce25404e9aed2627c34801f) Importer(2089858483,0ecaa5967403d082aa24f35e1b516d23)
Start importing Assets/KinematicCharacterController/ExampleCharacter/Prefabs/ExampleCharacter.prefab using Guid(d295472d4ce25404e9aed2627c34801f) Importer(2089858483,0ecaa5967403d082aa24f35e1b516d23) Generated GUIDs only implemented for interfaces!
 -> (artifact id: '2633ab1ce74bd77add8582d8d5d55fb3') in 0.058251 seconds
Number of updated asset objects reloaded before import = 0
Number of asset objects unloaded after import = 22
========================================================================
Received Import Request.
  Time since last request: 0.000014 seconds.
  path: Assets/KinematicCharacterController/Core/KinematicCharacterMotor.cs
  artifactKey: Guid(4d1bc5515e3ab954e80599c538834774) Importer(2089858483,0ecaa5967403d082aa24f35e1b516d23)
Start importing Assets/KinematicCharacterController/Core/KinematicCharacterMotor.cs using Guid(4d1bc5515e3ab954e80599c538834774) Importer(2089858483,0ecaa5967403d082aa24f35e1b516d23) Generated GUIDs only implemented for interfaces!
 -> (artifact id: 'c29583fbdbdb9c197bbd01e529495139') in 0.021477 seconds
Number of updated asset objects reloaded before import = 0
Number of asset objects unloaded after import = 1
========================================================================
Received Import Request.
  Time since last request: 0.000015 seconds.
  path: Assets/KinematicCharacterController/Examples/Models/TriSlope1.fbx
  artifactKey: Guid(d6d109edf651dc54697e5b35f498a328) Importer(2089858483,0ecaa5967403d082aa24f35e1b516d23)
Start importing Assets/KinematicCharacterController/Examples/Models/TriSlope1.fbx using Guid(d6d109edf651dc54697e5b35f498a328) Importer(2089858483,0ecaa5967403d082aa24f35e1b516d23) Generated GUIDs only implemented for interfaces!
 -> (artifact id: '0619945fa3746e165ffa6cf12ed68c7f') in 0.041081 seconds
Number of updated asset objects reloaded before import = 0
Number of asset objects unloaded after import = 8
========================================================================
Received Import Request.
  Time since last request: 0.000017 seconds.
  path: Assets/KinematicCharacterController/Examples/Models/ConcaveSteps.fbx
  artifactKey: Guid(ea44a31176a10784b9002ca976fea196) Importer(2089858483,0ecaa5967403d082aa24f35e1b516d23)
Start importing Assets/KinematicCharacterController/Examples/Models/ConcaveSteps.fbx using Guid(ea44a31176a10784b9002ca976fea196) Importer(2089858483,0ecaa5967403d082aa24f35e1b516d23) Generated GUIDs only implemented for interfaces!
 -> (artifact id: 'cde6d2d40b04f8799f4a7466748a4bff') in 0.040387 seconds
Number of updated asset objects reloaded before import = 0
Number of asset objects unloaded after import = 8
========================================================================
Received Import Request.
  Time since last request: 0.000027 seconds.
  path: Assets/KinematicCharacterController/Examples/Models/LedgeSlope.fbx
  artifactKey: Guid(2b3e390293a5bb142868f65fe568b1f7) Importer(2089858483,0ecaa5967403d082aa24f35e1b516d23)
Start importing Assets/KinematicCharacterController/Examples/Models/LedgeSlope.fbx using Guid(2b3e390293a5bb142868f65fe568b1f7) Importer(2089858483,0ecaa5967403d082aa24f35e1b516d23) Generated GUIDs only implemented for interfaces!
 -> (artifact id: '1daa3f934a6d6bb90f5efa6f091f9450') in 0.044204 seconds
Number of updated asset objects reloaded before import = 0
Number of asset objects unloaded after import = 8
========================================================================
Received Import Request.
  Time since last request: 0.000015 seconds.
  path: Assets/KinematicCharacterController/Walkthrough/4- Landing and leaving ground/Scripts/MyPlayer.cs
  artifactKey: Guid(f17daa08753e6c14199407b2f3971697) Importer(2089858483,0ecaa5967403d082aa24f35e1b516d23)
Start importing Assets/KinematicCharacterController/Walkthrough/4- Landing and leaving ground/Scripts/MyPlayer.cs using Guid(f17daa08753e6c14199407b2f3971697) Importer(2089858483,0ecaa5967403d082aa24f35e1b516d23) Generated GUIDs only implemented for interfaces!
 -> (artifact id: 'b52d9d69bc02fb53528937771f651b01') in 0.023425 seconds
Number of updated asset objects reloaded before import = 0
Number of asset objects unloaded after import = 1
========================================================================
Received Import Request.
  Time since last request: 0.000012 seconds.
  path: Assets/KinematicCharacterController/Walkthrough/16- FramePerfect Rotation/Scene/WalkthroughScene16.unity
  artifactKey: Guid(2f43bad5593a08441acafcff9faa40ca) Importer(2089858483,0ecaa5967403d082aa24f35e1b516d23)
Start importing Assets/KinematicCharacterController/Walkthrough/16- FramePerfect Rotation/Scene/WalkthroughScene16.unity using Guid(2f43bad5593a08441acafcff9faa40ca) Importer(2089858483,0ecaa5967403d082aa24f35e1b516d23) Generated GUIDs only implemented for interfaces!
 -> (artifact id: 'ed6f63d9086af031a31ea61297edd199') in 0.017801 seconds
Number of updated asset objects reloaded before import = 0
Number of asset objects unloaded after import = 1
========================================================================
Received Import Request.
  Time since last request: 0.000035 seconds.
  path: Assets/KinematicCharacterController/Walkthrough/15- Root motion example/Scripts/MyPlayer.cs
  artifactKey: Guid(34acb1750e367084bac169843c2821b7) Importer(2089858483,0ecaa5967403d082aa24f35e1b516d23)
Start importing Assets/KinematicCharacterController/Walkthrough/15- Root motion example/Scripts/MyPlayer.cs using Guid(34acb1750e367084bac169843c2821b7) Importer(2089858483,0ecaa5967403d082aa24f35e1b516d23) Generated GUIDs only implemented for interfaces!
 -> (artifact id: '8797ced290b5984a53fa9516345919a1') in 0.022956 seconds
Number of updated asset objects reloaded before import = 0
Number of asset objects unloaded after import = 1
========================================================================
Received Import Request.
  Time since last request: 0.000017 seconds.
  path: Assets/Scripts/Players/Monster.cs
  artifactKey: Guid(2fdf1f78b9d356845b43afb714344ba1) Importer(2089858483,0ecaa5967403d082aa24f35e1b516d23)
Start importing Assets/Scripts/Players/Monster.cs using Guid(2fdf1f78b9d356845b43afb714344ba1) Importer(2089858483,0ecaa5967403d082aa24f35e1b516d23) Generated GUIDs only implemented for interfaces!
 -> (artifact id: '46586d913a2141c2fecb0a966765bc5e') in 0.023411 seconds
Number of updated asset objects reloaded before import = 0
Number of asset objects unloaded after import = 1
========================================================================
Received Import Request.
  Time since last request: 0.000013 seconds.
  path: Assets/KinematicCharacterController/Examples/Scripts/StressTestManager.cs
  artifactKey: Guid(3d701116f722c264688042f476bbb604) Importer(2089858483,0ecaa5967403d082aa24f35e1b516d23)
Start importing Assets/KinematicCharacterController/Examples/Scripts/StressTestManager.cs using Guid(3d701116f722c264688042f476bbb604) Importer(2089858483,0ecaa5967403d082aa24f35e1b516d23) Generated GUIDs only implemented for interfaces!
 -> (artifact id: '02f3839904ea3377fafa83b3bb246244') in 0.034680 seconds
Number of updated asset objects reloaded before import = 0
Number of asset objects unloaded after import = 1
========================================================================
Received Import Request.
  Time since last request: 0.000035 seconds.
  path: Assets/KinematicCharacterController/Walkthrough/4- Landing and leaving ground/Scripts/MyCharacterController.cs
  artifactKey: Guid(df091ad91c1a6844b87fb18b9188f06d) Importer(2089858483,0ecaa5967403d082aa24f35e1b516d23)
Start importing Assets/KinematicCharacterController/Walkthrough/4- Landing and leaving ground/Scripts/MyCharacterController.cs using Guid(df091ad91c1a6844b87fb18b9188f06d) Importer(2089858483,0ecaa5967403d082aa24f35e1b516d23) Generated GUIDs only implemented for interfaces!
 -> (artifact id: 'dcb459d5671daa72ada8b2f3db8bfcfb') in 0.027106 seconds
Number of updated asset objects reloaded before import = 0
Number of asset objects unloaded after import = 1
========================================================================
Received Import Request.
  Time since last request: 0.000028 seconds.
  path: Assets/KinematicCharacterController/Walkthrough/5- Adding velocities and impulses/Scene/WalkthroughScene5.unity
  artifactKey: Guid(72f69ede5f46b3346a594a903a529a3b) Importer(2089858483,0ecaa5967403d082aa24f35e1b516d23)
Start importing Assets/KinematicCharacterController/Walkthrough/5- Adding velocities and impulses/Scene/WalkthroughScene5.unity using Guid(72f69ede5f46b3346a594a903a529a3b) Importer(2089858483,0ecaa5967403d082aa24f35e1b516d23) Generated GUIDs only implemented for interfaces!
 -> (artifact id: '867675fbe9672a7e44c72007a33df525') in 0.021388 seconds
Number of updated asset objects reloaded before import = 0
Number of asset objects unloaded after import = 1
========================================================================
Received Import Request.
  Time since last request: 0.000028 seconds.
  path: Assets/KinematicCharacterController/Core/PhysicsMover.cs
  artifactKey: Guid(075ccbe9837b0744985e09ba3f015b9b) Importer(2089858483,0ecaa5967403d082aa24f35e1b516d23)
Start importing Assets/KinematicCharacterController/Core/PhysicsMover.cs using Guid(075ccbe9837b0744985e09ba3f015b9b) Importer(2089858483,0ecaa5967403d082aa24f35e1b516d23) Generated GUIDs only implemented for interfaces!
 -> (artifact id: 'bb9680d2ae2d5832d8fe764500bb0554') in 0.023056 seconds
Number of updated asset objects reloaded before import = 0
Number of asset objects unloaded after import = 1
========================================================================
Received Import Request.
  Time since last request: 0.000017 seconds.
  path: Assets/KinematicCharacterController/Walkthrough/6- Crouching/Scripts/MyCharacterController.cs
  artifactKey: Guid(6219781d6ef1ea5479df78d516db814d) Importer(2089858483,0ecaa5967403d082aa24f35e1b516d23)
Start importing Assets/KinematicCharacterController/Walkthrough/6- Crouching/Scripts/MyCharacterController.cs using Guid(6219781d6ef1ea5479df78d516db814d) Importer(2089858483,0ecaa5967403d082aa24f35e1b516d23) Generated GUIDs only implemented for interfaces!
 -> (artifact id: '4d97f269ddc6e034cfe634c72d099195') in 0.017677 seconds
Number of updated asset objects reloaded before import = 0
Number of asset objects unloaded after import = 1
========================================================================
Received Import Request.
  Time since last request: 0.000022 seconds.
  path: Assets/KinematicCharacterController/Walkthrough/10- Multiple movement states setup/Scene/WalkthroughScene10.unity
  artifactKey: Guid(2500a88107e4f1f469181f22f53c0b3f) Importer(2089858483,0ecaa5967403d082aa24f35e1b516d23)
Start importing Assets/KinematicCharacterController/Walkthrough/10- Multiple movement states setup/Scene/WalkthroughScene10.unity using Guid(2500a88107e4f1f469181f22f53c0b3f) Importer(2089858483,0ecaa5967403d082aa24f35e1b516d23) Generated GUIDs only implemented for interfaces!
 -> (artifact id: '6ca4f2ac0797f7bb841f2eb025c140a8') in 0.022397 seconds
Number of updated asset objects reloaded before import = 0
Number of asset objects unloaded after import = 1
========================================================================
Received Import Request.
  Time since last request: 0.000017 seconds.
  path: Assets/KinematicCharacterController/Examples/Materials/tile_green.mat
  artifactKey: Guid(23e3b7ca47e071348bb2ec2a2bbabe75) Importer(2089858483,0ecaa5967403d082aa24f35e1b516d23)
Start importing Assets/KinematicCharacterController/Examples/Materials/tile_green.mat using Guid(23e3b7ca47e071348bb2ec2a2bbabe75) Importer(2089858483,0ecaa5967403d082aa24f35e1b516d23) Generated GUIDs only implemented for interfaces!
 -> (artifact id: '0fbab2e2e01fb3aa9eacc9d2aade02b8') in 0.047657 seconds
Number of updated asset objects reloaded before import = 0
Number of asset objects unloaded after import = 2
========================================================================
Received Import Request.
  Time since last request: 0.000014 seconds.
  path: Assets/KinematicCharacterController/Examples/Models/ComplexShape.fbx
  artifactKey: Guid(8ff8d641e32922b46af689259eba176b) Importer(2089858483,0ecaa5967403d082aa24f35e1b516d23)
Start importing Assets/KinematicCharacterController/Examples/Models/ComplexShape.fbx using Guid(8ff8d641e32922b46af689259eba176b) Importer(2089858483,0ecaa5967403d082aa24f35e1b516d23) Generated GUIDs only implemented for interfaces!
 -> (artifact id: '2962836186c75ddec7dda8b22576f7bd') in 0.041873 seconds
Number of updated asset objects reloaded before import = 0
Number of asset objects unloaded after import = 28
========================================================================
Received Import Request.
  Time since last request: 0.000015 seconds.
  path: Assets/KinematicCharacterController/Examples/Scripts/Editor/PauseStateHandler.cs
  artifactKey: Guid(23fa5eb46266f154aa2d50e3538b4eca) Importer(2089858483,0ecaa5967403d082aa24f35e1b516d23)
Start importing Assets/KinematicCharacterController/Examples/Scripts/Editor/PauseStateHandler.cs using Guid(23fa5eb46266f154aa2d50e3538b4eca) Importer(2089858483,0ecaa5967403d082aa24f35e1b516d23) Generated GUIDs only implemented for interfaces!
 -> (artifact id: '2aabe807188a212ee9a1c20128304598') in 0.017613 seconds
Number of updated asset objects reloaded before import = 0
Number of asset objects unloaded after import = 1
========================================================================
Received Import Request.
  Time since last request: 0.000079 seconds.
  path: Assets/KinematicCharacterController/Walkthrough/2- Basic Movement and Gravity/Scripts/MyCharacterController.cs
  artifactKey: Guid(31e9f34d26f4f374f97ce0f3ef08b1a1) Importer(2089858483,0ecaa5967403d082aa24f35e1b516d23)
Start importing Assets/KinematicCharacterController/Walkthrough/2- Basic Movement and Gravity/Scripts/MyCharacterController.cs using Guid(31e9f34d26f4f374f97ce0f3ef08b1a1) Importer(2089858483,0ecaa5967403d082aa24f35e1b516d23) Generated GUIDs only implemented for interfaces!
 -> (artifact id: 'b054c5e37c8ca9f6cf8bde89c153d0ec') in 0.021267 seconds
Number of updated asset objects reloaded before import = 0
Number of asset objects unloaded after import = 1
========================================================================
Received Import Request.
  Time since last request: 0.000032 seconds.
  path: Assets/KinematicCharacterController/Walkthrough/4- Landing and leaving ground/Scene/WalkthroughScene4.unity
  artifactKey: Guid(be9d19b057b8aaa4e8b5f70b92ff6e53) Importer(2089858483,0ecaa5967403d082aa24f35e1b516d23)
Start importing Assets/KinematicCharacterController/Walkthrough/4- Landing and leaving ground/Scene/WalkthroughScene4.unity using Guid(be9d19b057b8aaa4e8b5f70b92ff6e53) Importer(2089858483,0ecaa5967403d082aa24f35e1b516d23) Generated GUIDs only implemented for interfaces!
 -> (artifact id: '4810faad1f80d2ab9add95051ffcee57') in 0.011467 seconds
Number of updated asset objects reloaded before import = 0
Number of asset objects unloaded after import = 1
========================================================================
Received Import Request.
  Time since last request: 0.000048 seconds.
  path: Assets/Scripts/Objects/PiercingLaserTrap.cs
  artifactKey: Guid(4bea087e46be26645897b1db76a10ce3) Importer(2089858483,0ecaa5967403d082aa24f35e1b516d23)
Start importing Assets/Scripts/Objects/PiercingLaserTrap.cs using Guid(4bea087e46be26645897b1db76a10ce3) Importer(2089858483,0ecaa5967403d082aa24f35e1b516d23) Generated GUIDs only implemented for interfaces!
 -> (artifact id: '393194e648813c69f65ed195986876ef') in 0.022536 seconds
Number of updated asset objects reloaded before import = 0
Number of asset objects unloaded after import = 1
========================================================================
Received Import Request.
  Time since last request: 0.000020 seconds.
  path: Assets/KinematicCharacterController/UserGuide.pdf
  artifactKey: Guid(218002b0df18c6f408925b74449e3784) Importer(2089858483,0ecaa5967403d082aa24f35e1b516d23)
Start importing Assets/KinematicCharacterController/UserGuide.pdf using Guid(218002b0df18c6f408925b74449e3784) Importer(2089858483,0ecaa5967403d082aa24f35e1b516d23) Generated GUIDs only implemented for interfaces!
 -> (artifact id: '2a7d420684a5c110385814145720dafc') in 0.015185 seconds
Number of updated asset objects reloaded before import = 0
Number of asset objects unloaded after import = 1
========================================================================
Received Import Request.
  Time since last request: 0.000044 seconds.
  path: Assets/Scenes/testScene.unity
  artifactKey: Guid(568e59b616f90a041a236dcc9819fd95) Importer(2089858483,0ecaa5967403d082aa24f35e1b516d23)
Start importing Assets/Scenes/testScene.unity using Guid(568e59b616f90a041a236dcc9819fd95) Importer(2089858483,0ecaa5967403d082aa24f35e1b516d23) Generated GUIDs only implemented for interfaces!
 -> (artifact id: 'd5cca2bd1c847f697330186f8b01bb82') in 0.025887 seconds
Number of updated asset objects reloaded before import = 0
Number of asset objects unloaded after import = 1
========================================================================
Received Import Request.
  Time since last request: 0.000024 seconds.
  path: Assets/KinematicCharacterController/Examples/Materials/Purple.mat
  artifactKey: Guid(52282d09a261eb0459b1d8dc25495f2c) Importer(2089858483,0ecaa5967403d082aa24f35e1b516d23)
Start importing Assets/KinematicCharacterController/Examples/Materials/Purple.mat using Guid(52282d09a261eb0459b1d8dc25495f2c) Importer(2089858483,0ecaa5967403d082aa24f35e1b516d23) Generated GUIDs only implemented for interfaces!
 -> (artifact id: '4734a222552cf6e590272eb0ddeb2073') in 0.081742 seconds
Number of updated asset objects reloaded before import = 0
Number of asset objects unloaded after import = 1
========================================================================
Received Import Request.
  Time since last request: 0.000015 seconds.
  path: Assets/KinematicCharacterController/Walkthrough/1- Player Camera Character Setup/Scene/WalkthroughScene1/ReflectionProbe-0.exr
  artifactKey: Guid(b6444c446b97c3949a4e91a10723a1db) Importer(2089858483,0ecaa5967403d082aa24f35e1b516d23)
Start importing Assets/KinematicCharacterController/Walkthrough/1- Player Camera Character Setup/Scene/WalkthroughScene1/ReflectionProbe-0.exr using Guid(b6444c446b97c3949a4e91a10723a1db) Importer(2089858483,0ecaa5967403d082aa24f35e1b516d23) Generated GUIDs only implemented for interfaces!
 -> (artifact id: 'e5c138c30b002639988f3a0b2ef9cca8') in 0.058084 seconds
Number of updated asset objects reloaded before import = 0
Number of asset objects unloaded after import = 1
========================================================================
Received Import Request.
  Time since last request: 0.000017 seconds.
  path: Assets/KinematicCharacterController/Walkthrough/15- Root motion example/EthanCharacter/Animation/HumanoidWalkTurnSharp.fbx
  artifactKey: Guid(bb141fc9a700c9c4ca7e6dadb8acf24b) Importer(2089858483,0ecaa5967403d082aa24f35e1b516d23)
Start importing Assets/KinematicCharacterController/Walkthrough/15- Root motion example/EthanCharacter/Animation/HumanoidWalkTurnSharp.fbx using Guid(bb141fc9a700c9c4ca7e6dadb8acf24b) Importer(2089858483,0ecaa5967403d082aa24f35e1b516d23) Generated GUIDs only implemented for interfaces!
 -> (artifact id: '0ccbbfcae313f56e2463f2f05c3fcf79') in 0.066756 seconds
Number of updated asset objects reloaded before import = 0
Number of asset objects unloaded after import = 158
========================================================================
Received Import Request.
  Time since last request: 0.000021 seconds.
  path: Assets/KinematicCharacterController/Walkthrough/12- NoClip state/Scene/WalkthroughScene12/ReflectionProbe-0.exr
  artifactKey: Guid(60c6db21975c662438028db7f6265ec9) Importer(2089858483,0ecaa5967403d082aa24f35e1b516d23)
Start importing Assets/KinematicCharacterController/Walkthrough/12- NoClip state/Scene/WalkthroughScene12/ReflectionProbe-0.exr using Guid(60c6db21975c662438028db7f6265ec9) Importer(2089858483,0ecaa5967403d082aa24f35e1b516d23) Generated GUIDs only implemented for interfaces!
 -> (artifact id: 'feedb5d70a99e83a9c730e90a8511ccc') in 0.019899 seconds
Number of updated asset objects reloaded before import = 0
Number of asset objects unloaded after import = 1
========================================================================
Received Import Request.
  Time since last request: 0.000033 seconds.
  path: Assets/KinematicCharacterController/Walkthrough/10- Multiple movement states setup/Scene/WalkthroughScene10/LightingData.asset
  artifactKey: Guid(dcd109c9b01494f49b5a633a2a184afd) Importer(2089858483,0ecaa5967403d082aa24f35e1b516d23)
Start importing Assets/KinematicCharacterController/Walkthrough/10- Multiple movement states setup/Scene/WalkthroughScene10/LightingData.asset using Guid(dcd109c9b01494f49b5a633a2a184afd) Importer(2089858483,0ecaa5967403d082aa24f35e1b516d23) Generated GUIDs only implemented for interfaces!
 -> (artifact id: '496be1154a91e7e7f773c01228aa61c7') in 0.027437 seconds
Number of updated asset objects reloaded before import = 0
Number of asset objects unloaded after import = 2
========================================================================
Received Import Request.
  Time since last request: 0.000015 seconds.
  path: Assets/KinematicCharacterController/Walkthrough/7- Orienting towards arbitrary up direction/Scene/WalkthroughScene7.unity
  artifactKey: Guid(91d7fc9842553e74aa71f6322dbeb400) Importer(2089858483,0ecaa5967403d082aa24f35e1b516d23)
Start importing Assets/KinematicCharacterController/Walkthrough/7- Orienting towards arbitrary up direction/Scene/WalkthroughScene7.unity using Guid(91d7fc9842553e74aa71f6322dbeb400) Importer(2089858483,0ecaa5967403d082aa24f35e1b516d23) Generated GUIDs only implemented for interfaces!
 -> (artifact id: 'dff2e18ddaf7d0cee9028ad037b7af0c') in 0.015692 seconds
Number of updated asset objects reloaded before import = 0
Number of asset objects unloaded after import = 1
========================================================================
Received Import Request.
  Time since last request: 0.000037 seconds.
  path: Assets/KinematicCharacterController/Walkthrough/7- Orienting towards arbitrary up direction/Scripts/MyPlayer.cs
  artifactKey: Guid(ff0421c50ba7dc9449dcc2547c937b63) Importer(2089858483,0ecaa5967403d082aa24f35e1b516d23)
Start importing Assets/KinematicCharacterController/Walkthrough/7- Orienting towards arbitrary up direction/Scripts/MyPlayer.cs using Guid(ff0421c50ba7dc9449dcc2547c937b63) Importer(2089858483,0ecaa5967403d082aa24f35e1b516d23) Generated GUIDs only implemented for interfaces!
 -> (artifact id: '8bc27225e0249afc24d0744fbf933143') in 0.018411 seconds
Number of updated asset objects reloaded before import = 0
Number of asset objects unloaded after import = 1
========================================================================
Received Import Request.
  Time since last request: 0.000022 seconds.
  path: Assets/KinematicCharacterController/Walkthrough/15- Root motion example/Scene/WalkthroughScene15/ReflectionProbe-0.exr
  artifactKey: Guid(34f807ae1d1a50d4f8bee7f51ea51083) Importer(2089858483,0ecaa5967403d082aa24f35e1b516d23)
Start importing Assets/KinematicCharacterController/Walkthrough/15- Root motion example/Scene/WalkthroughScene15/ReflectionProbe-0.exr using Guid(34f807ae1d1a50d4f8bee7f51ea51083) Importer(2089858483,0ecaa5967403d082aa24f35e1b516d23) Generated GUIDs only implemented for interfaces!
 -> (artifact id: '537a4a210ccbca70bd43f6f34a3c7fc9') in 0.023064 seconds
Number of updated asset objects reloaded before import = 0
Number of asset objects unloaded after import = 1
========================================================================
Received Import Request.
  Time since last request: 0.000032 seconds.
  path: Assets/KinematicCharacterController/Walkthrough/3- Jumping/Scripts/c- Wall Jumping/MyPlayer.cs
  artifactKey: Guid(5ab774effe3d22149bec95ad5454a24c) Importer(2089858483,0ecaa5967403d082aa24f35e1b516d23)
Start importing Assets/KinematicCharacterController/Walkthrough/3- Jumping/Scripts/c- Wall Jumping/MyPlayer.cs using Guid(5ab774effe3d22149bec95ad5454a24c) Importer(2089858483,0ecaa5967403d082aa24f35e1b516d23) Generated GUIDs only implemented for interfaces!
 -> (artifact id: 'd0422827e25a3cdaee1e04a2ec6cd90c') in 0.017159 seconds
Number of updated asset objects reloaded before import = 0
Number of asset objects unloaded after import = 1
========================================================================
Received Import Request.
  Time since last request: 0.000040 seconds.
  path: Assets/KinematicCharacterController/Walkthrough/15- Root motion example/EthanCharacter/Animation/HumanoidJumpAndFall.fbx
  artifactKey: Guid(51dd2e4c869794f75a0df7d54b210214) Importer(2089858483,0ecaa5967403d082aa24f35e1b516d23)
Start importing Assets/KinematicCharacterController/Walkthrough/15- Root motion example/EthanCharacter/Animation/HumanoidJumpAndFall.fbx using Guid(51dd2e4c869794f75a0df7d54b210214) Importer(2089858483,0ecaa5967403d082aa24f35e1b516d23) Generated GUIDs only implemented for interfaces!
 -> (artifact id: '7836e45c545948922bcad8b04b1923fa') in 0.111609 seconds
Number of updated asset objects reloaded before import = 0
Number of asset objects unloaded after import = 160
========================================================================
Received Import Request.
  Time since last request: 0.000018 seconds.
  path: Assets/KinematicCharacterController/Walkthrough/3- Jumping/Scripts/b- Double Jumping/MyPlayer.cs
  artifactKey: Guid(c1d3de52431e52141b1432cc9c5a1a80) Importer(2089858483,0ecaa5967403d082aa24f35e1b516d23)
Start importing Assets/KinematicCharacterController/Walkthrough/3- Jumping/Scripts/b- Double Jumping/MyPlayer.cs using Guid(c1d3de52431e52141b1432cc9c5a1a80) Importer(2089858483,0ecaa5967403d082aa24f35e1b516d23) Generated GUIDs only implemented for interfaces!
 -> (artifact id: '9d8a482e00d7ff0910bde7a201d1183e') in 0.016236 seconds
Number of updated asset objects reloaded before import = 0
Number of asset objects unloaded after import = 1
========================================================================
Received Import Request.
  Time since last request: 0.000089 seconds.
  path: Assets/KinematicCharacterController/Walkthrough/14- Climbing Ladders/Scene/WalkthroughScene14/ReflectionProbe-0.exr
  artifactKey: Guid(b0adf4a148ffe70438e744834048a5c0) Importer(2089858483,0ecaa5967403d082aa24f35e1b516d23)
Start importing Assets/KinematicCharacterController/Walkthrough/14- Climbing Ladders/Scene/WalkthroughScene14/ReflectionProbe-0.exr using Guid(b0adf4a148ffe70438e744834048a5c0) Importer(2089858483,0ecaa5967403d082aa24f35e1b516d23) Generated GUIDs only implemented for interfaces!
 -> (artifact id: '3dcfcf334dce22d4193539cea7da1d36') in 0.020183 seconds
Number of updated asset objects reloaded before import = 0
Number of asset objects unloaded after import = 1
========================================================================
Received Import Request.
  Time since last request: 0.000062 seconds.
  path: Assets/KinematicCharacterController/Walkthrough/3- Jumping/Scripts/c- Wall Jumping/MyCharacterController.cs
  artifactKey: Guid(2fd76c082aede85429438d24ce95942c) Importer(2089858483,0ecaa5967403d082aa24f35e1b516d23)
Start importing Assets/KinematicCharacterController/Walkthrough/3- Jumping/Scripts/c- Wall Jumping/MyCharacterController.cs using Guid(2fd76c082aede85429438d24ce95942c) Importer(2089858483,0ecaa5967403d082aa24f35e1b516d23) Generated GUIDs only implemented for interfaces!
 -> (artifact id: 'fe3401de9d840c439163973e7a6024f0') in 0.016717 seconds
Number of updated asset objects reloaded before import = 0
Number of asset objects unloaded after import = 1
========================================================================
Received Import Request.
  Time since last request: 0.000073 seconds.
  path: Assets/KinematicCharacterController/Walkthrough/7- Orienting towards arbitrary up direction/Materials/No Name.mat
  artifactKey: Guid(08d3ab7f95f8da54ebaf9e4ac33267b9) Importer(2089858483,0ecaa5967403d082aa24f35e1b516d23)
Start importing Assets/KinematicCharacterController/Walkthrough/7- Orienting towards arbitrary up direction/Materials/No Name.mat using Guid(08d3ab7f95f8da54ebaf9e4ac33267b9) Importer(2089858483,0ecaa5967403d082aa24f35e1b516d23) Generated GUIDs only implemented for interfaces!
 -> (artifact id: '0dc7e958594e1e1991394f3b305f2342') in 0.017098 seconds
Number of updated asset objects reloaded before import = 0
Number of asset objects unloaded after import = 1
========================================================================
Received Import Request.
  Time since last request: 0.000014 seconds.
  path: Assets/KinematicCharacterController/Walkthrough/5- Adding velocities and impulses/Scripts/MyPlayer.cs
  artifactKey: Guid(0d61a6c592b89654bb126e173fa60ab7) Importer(2089858483,0ecaa5967403d082aa24f35e1b516d23)
Start importing Assets/KinematicCharacterController/Walkthrough/5- Adding velocities and impulses/Scripts/MyPlayer.cs using Guid(0d61a6c592b89654bb126e173fa60ab7) Importer(2089858483,0ecaa5967403d082aa24f35e1b516d23) Generated GUIDs only implemented for interfaces!
 -> (artifact id: '82f61b2c60f91b7bf88463f22764d2e8') in 0.018664 seconds
Number of updated asset objects reloaded before import = 0
Number of asset objects unloaded after import = 1
========================================================================
Received Import Request.
  Time since last request: 0.000043 seconds.
  path: Assets/KinematicCharacterController/Walkthrough/2- Basic Movement and Gravity/Scene/WalkthroughScene2/ReflectionProbe-0.exr
  artifactKey: Guid(64c3c84a45faf7f42ab02b7082b558b5) Importer(2089858483,0ecaa5967403d082aa24f35e1b516d23)
Start importing Assets/KinematicCharacterController/Walkthrough/2- Basic Movement and Gravity/Scene/WalkthroughScene2/ReflectionProbe-0.exr using Guid(64c3c84a45faf7f42ab02b7082b558b5) Importer(2089858483,0ecaa5967403d082aa24f35e1b516d23) Generated GUIDs only implemented for interfaces!
 -> (artifact id: '8fed07cc3f194ef6bd65c5055d24bbc0') in 0.021888 seconds
Number of updated asset objects reloaded before import = 0
Number of asset objects unloaded after import = 1
========================================================================
Received Import Request.
  Time since last request: 0.000014 seconds.
  path: Assets/KinematicCharacterController/Walkthrough/2- Basic Movement and Gravity/Scripts/MyPlayer.cs
  artifactKey: Guid(d3088a987cfc4884d8034b717aae4a89) Importer(2089858483,0ecaa5967403d082aa24f35e1b516d23)
Start importing Assets/KinematicCharacterController/Walkthrough/2- Basic Movement and Gravity/Scripts/MyPlayer.cs using Guid(d3088a987cfc4884d8034b717aae4a89) Importer(2089858483,0ecaa5967403d082aa24f35e1b516d23) Generated GUIDs only implemented for interfaces!
 -> (artifact id: '4aeaaf30d002e2cfd18fe2a96eb1d689') in 0.023349 seconds
Number of updated asset objects reloaded before import = 0
Number of asset objects unloaded after import = 1
========================================================================
Received Import Request.
  Time since last request: 0.000018 seconds.
  path: Assets/Scripts/Managers/MyController.cs
  artifactKey: Guid(0dfa0d3e9029b15459a5d38ca0d8c41b) Importer(2089858483,0ecaa5967403d082aa24f35e1b516d23)
Start importing Assets/Scripts/Managers/MyController.cs using Guid(0dfa0d3e9029b15459a5d38ca0d8c41b) Importer(2089858483,0ecaa5967403d082aa24f35e1b516d23) Generated GUIDs only implemented for interfaces!
 -> (artifact id: '65b35eba2c0a2052074483935f75705d') in 0.021093 seconds
Number of updated asset objects reloaded before import = 0
Number of asset objects unloaded after import = 1
========================================================================
Received Import Request.
  Time since last request: 0.000014 seconds.
  path: Assets/KinematicCharacterController/Examples/Models/weirdthingy.fbx
  artifactKey: Guid(6e73d5ad97bcae4479606a8f6e375fa7) Importer(2089858483,0ecaa5967403d082aa24f35e1b516d23)
Start importing Assets/KinematicCharacterController/Examples/Models/weirdthingy.fbx using Guid(6e73d5ad97bcae4479606a8f6e375fa7) Importer(2089858483,0ecaa5967403d082aa24f35e1b516d23) Generated GUIDs only implemented for interfaces!
 -> (artifact id: 'aaefbd2098572390116ff40a69531055') in 0.045131 seconds
Number of updated asset objects reloaded before import = 0
Number of asset objects unloaded after import = 9
========================================================================
Received Import Request.
  Time since last request: 0.000015 seconds.
  path: Assets/KinematicCharacterController/Examples/Scripts/FrameratePanel.cs
  artifactKey: Guid(e404bfefdeb79904e847365ad9c6c205) Importer(2089858483,0ecaa5967403d082aa24f35e1b516d23)
Start importing Assets/KinematicCharacterController/Examples/Scripts/FrameratePanel.cs using Guid(e404bfefdeb79904e847365ad9c6c205) Importer(2089858483,0ecaa5967403d082aa24f35e1b516d23) Generated GUIDs only implemented for interfaces!
 -> (artifact id: '59cf849265840fafb43d0c452f062e1a') in 0.016447 seconds
Number of updated asset objects reloaded before import = 0
Number of asset objects unloaded after import = 1
========================================================================
Received Import Request.
  Time since last request: 0.000022 seconds.
  path: Assets/KinematicCharacterController/Walkthrough/15- Root motion example/EthanCharacter/Materials/Ethan.mat
  artifactKey: Guid(1a3fc9516df07da4ebbb643fe79bc80b) Importer(2089858483,0ecaa5967403d082aa24f35e1b516d23)
Start importing Assets/KinematicCharacterController/Walkthrough/15- Root motion example/EthanCharacter/Materials/Ethan.mat using Guid(1a3fc9516df07da4ebbb643fe79bc80b) Importer(2089858483,0ecaa5967403d082aa24f35e1b516d23) Generated GUIDs only implemented for interfaces!
 -> (artifact id: '3a259f572b95f2c136a8718110272678') in 0.100759 seconds
Number of updated asset objects reloaded before import = 0
Number of asset objects unloaded after import = 3
========================================================================
Received Import Request.
  Time since last request: 0.000036 seconds.
  path: Assets/KinematicCharacterController/Walkthrough/6- Crouching/Scripts/MyPlayer.cs
  artifactKey: Guid(7ee0baee98708fb428704385c47f518e) Importer(2089858483,0ecaa5967403d082aa24f35e1b516d23)
Start importing Assets/KinematicCharacterController/Walkthrough/6- Crouching/Scripts/MyPlayer.cs using Guid(7ee0baee98708fb428704385c47f518e) Importer(2089858483,0ecaa5967403d082aa24f35e1b516d23) Generated GUIDs only implemented for interfaces!
 -> (artifact id: '199e680514edc714ba1fe2b5ec7ead1f') in 0.009793 seconds
Number of updated asset objects reloaded before import = 0
Number of asset objects unloaded after import = 1
========================================================================
Received Import Request.
  Time since last request: 0.000015 seconds.
  path: Assets/Scripts/Objects/ProjectileLaserTrap.cs
  artifactKey: Guid(6149c33ce74ec404c84fa390abffbaec) Importer(2089858483,0ecaa5967403d082aa24f35e1b516d23)
Start importing Assets/Scripts/Objects/ProjectileLaserTrap.cs using Guid(6149c33ce74ec404c84fa390abffbaec) Importer(2089858483,0ecaa5967403d082aa24f35e1b516d23) Generated GUIDs only implemented for interfaces!
 -> (artifact id: 'd3d78b926b21b8afef5abf92fa052ad0') in 0.015364 seconds
Number of updated asset objects reloaded before import = 0
Number of asset objects unloaded after import = 1
========================================================================
Received Import Request.
  Time since last request: 0.000028 seconds.
  path: Assets/KinematicCharacterController/Walkthrough/6- Crouching/Scene/WalkthroughScene6/ReflectionProbe-0.exr
  artifactKey: Guid(7845e0b558d50c041b91b4794f8d3d79) Importer(2089858483,0ecaa5967403d082aa24f35e1b516d23)
Start importing Assets/KinematicCharacterController/Walkthrough/6- Crouching/Scene/WalkthroughScene6/ReflectionProbe-0.exr using Guid(7845e0b558d50c041b91b4794f8d3d79) Importer(2089858483,0ecaa5967403d082aa24f35e1b516d23) Generated GUIDs only implemented for interfaces!
 -> (artifact id: 'd3fa0ade659885959527cfadcf32b364') in 0.031316 seconds
Number of updated asset objects reloaded before import = 0
Number of asset objects unloaded after import = 1
========================================================================
Received Import Request.
  Time since last request: 0.000016 seconds.
  path: Assets/KinematicCharacterController/Walkthrough/10- Multiple movement states setup/Scene/WalkthroughScene10/ReflectionProbe-0.exr
  artifactKey: Guid(577436d930a350c4b98a31b783f58237) Importer(2089858483,0ecaa5967403d082aa24f35e1b516d23)
Start importing Assets/KinematicCharacterController/Walkthrough/10- Multiple movement states setup/Scene/WalkthroughScene10/ReflectionProbe-0.exr using Guid(577436d930a350c4b98a31b783f58237) Importer(2089858483,0ecaa5967403d082aa24f35e1b516d23) Generated GUIDs only implemented for interfaces!
 -> (artifact id: 'daa97a459f046c799eda19db98551eaf') in 0.023120 seconds
Number of updated asset objects reloaded before import = 0
Number of asset objects unloaded after import = 1
========================================================================
Received Import Request.
  Time since last request: 0.000022 seconds.
  path: Assets/KinematicCharacterController/Walkthrough/16- FramePerfect Rotation/Scripts/MyCharacterController.cs
  artifactKey: Guid(e02114dc2e1293b4f8244608a11fd813) Importer(2089858483,0ecaa5967403d082aa24f35e1b516d23)
Start importing Assets/KinematicCharacterController/Walkthrough/16- FramePerfect Rotation/Scripts/MyCharacterController.cs using Guid(e02114dc2e1293b4f8244608a11fd813) Importer(2089858483,0ecaa5967403d082aa24f35e1b516d23) Generated GUIDs only implemented for interfaces!
 -> (artifact id: '9d4c0f8f6ab5d1b1f69b187c5cfacaad') in 0.020668 seconds
Number of updated asset objects reloaded before import = 0
Number of asset objects unloaded after import = 1
========================================================================
Received Import Request.
  Time since last request: 0.000016 seconds.
  path: Assets/KinematicCharacterController/Walkthrough/15- Root motion example/EthanCharacter/Animation/HumanoidRunTurn.fbx
  artifactKey: Guid(1062212255550964e974f3ffb3cbaae3) Importer(2089858483,0ecaa5967403d082aa24f35e1b516d23)
Start importing Assets/KinematicCharacterController/Walkthrough/15- Root motion example/EthanCharacter/Animation/HumanoidRunTurn.fbx using Guid(1062212255550964e974f3ffb3cbaae3) Importer(2089858483,0ecaa5967403d082aa24f35e1b516d23) Generated GUIDs only implemented for interfaces!
 -> (artifact id: '8f5ac4521f86c4a5386ce8c3d87ab2ed') in 0.067543 seconds
Number of updated asset objects reloaded before import = 0
Number of asset objects unloaded after import = 184
========================================================================
Received Prepare
Begin MonoManager ReloadAssembly
Symbol file LoadedFromMemory doesn't match image C:\Users\Lolita\Desktop\Crawling3dd\Library\PackageCache\com.unity.visualscripting@1.8.0\Editor\VisualScripting.Core\Dependencies\YamlDotNet\Unity.VisualScripting.YamlDotNet.dll
Symbol file LoadedFromMemory doesn't match image C:\Users\Lolita\Desktop\Crawling3dd\Library\PackageCache\com.unity.visualscripting@1.8.0\Editor\VisualScripting.Core\Dependencies\DotNetZip\Unity.VisualScripting.IonicZip.dll
- Loaded All Assemblies, in  0.530 seconds
Refreshing native plugins compatible for Editor in 3.15 ms, found 3 plugins.
Native extension for WindowsStandalone target not found
Mono: successfully reloaded assembly
- Finished resetting the current domain, in  0.848 seconds
Domain Reload Profiling: 1377ms
	BeginReloadAssembly (107ms)
		ExecutionOrderSort (0ms)
		DisableScriptedObjects (3ms)
		BackupInstance (0ms)
		ReleaseScriptingObjects (0ms)
		CreateAndSetChildDomain (32ms)
	RebuildCommonClasses (25ms)
	RebuildNativeTypeToScriptingClass (7ms)
	initialDomainReloadingComplete (21ms)
	LoadAllAssembliesAndSetupDomain (369ms)
		LoadAssemblies (192ms)
		RebuildTransferFunctionScriptingTraits (0ms)
		AnalyzeDomain (222ms)
			TypeCache.Refresh (216ms)
				TypeCache.ScanAssembly (205ms)
			ScanForSourceGeneratedMonoScriptInfo (0ms)
			ResolveRequiredComponents (6ms)
	FinalizeReload (849ms)
		ReleaseScriptCaches (0ms)
		RebuildScriptCaches (0ms)
		SetupLoadedEditorAssemblies (506ms)
			LogAssemblyErrors (0ms)
			InitializePlatformSupportModulesInManaged (6ms)
			SetLoadedEditorAssemblies (4ms)
			RefreshPlugins (0ms)
			BeforeProcessingInitializeOnLoad (54ms)
			ProcessInitializeOnLoadAttributes (425ms)
			ProcessInitializeOnLoadMethodAttributes (13ms)
			AfterProcessingInitializeOnLoad (4ms)
			EditorAssembliesLoaded (0ms)
		ExecutionOrderSort2 (0ms)
		AwakeInstancesAfterBackupRestoration (4ms)
Refreshing native plugins compatible for Editor in 1.75 ms, found 3 plugins.
Preloading 0 native plugins for Editor in 0.00 ms.
Unloading 3166 Unused Serialized files (Serialized files now loaded: 0)
Unloading 20 unused Assets / (30.6 KB). Loaded Objects now: 3643.
Memory consumption went from 116.8 MB to 116.7 MB.
Total: 2.150800 ms (FindLiveObjects: 0.134100 ms CreateObjectMapping: 0.049400 ms MarkObjects: 1.931100 ms  DeleteObjects: 0.035300 ms)

Prepare: number of updated asset objects reloaded= 0
AssetImportParameters requested are different than current active one (requested -> active):
  custom:container-demuxer-ogg: 62fdf1f143b41e24485cea50d1cbac27 -> 
  custom:video-codec-MediaFoundation-h265: 746d11721c4dcdbdad8f713fa42b33f4 -> 
  custom:video-decoder-ogg-theora: a1e56fd34408186e4bbccfd4996cb3dc -> 
  custom:framework-win-MediaFoundation: 216162199b28c13a410421893ffa2e32 -> 
  custom:container-demuxer-webm: 4f35f7cbe854078d1ac9338744f61a02 -> 
  custom:container-muxer-webm: aa71ff27fc2769a1b78a27578f13a17b -> 
  custom:video-decoder-webm-vp8: 9c59270c3fd7afecdb556c50c9e8de78 -> 
  custom:SearchIndexIgnoredProperties: e643bd26f0fe6173181afceb89e7c659 -> 
  custom:AudioImporter_EditorPlatform: d09bf68614088b80899f8185d706f6e7 -> 
  custom:video-encoder-webm-vp8: eb34c28f22e8b96e1ab97ce403110664 -> 
  custom:audio-decoder-ogg-vorbis: bf7c407c2cedff20999df2af8eb42d56 -> 
  custom:audio-encoder-webm-vorbis: bf7c407c2cedff20999df2af8eb42d56 -> 
Editor requested this worker to shutdown with reason: Scaling down because of idle timeout
TcpMessagingSession - receive error: operation aborted. errorcode: 995, details: The I/O operation has been aborted because of either a thread exit or an application request.
AssetImportWorker is now disconnected from the server
Process exiting
Exiting without the bug reporter. Application will terminate with return code 0