Using pre-set license
Built from '2022.3/staging' branch; Version is '2022.3.2f1 (d74737c6db50) revision 14108471'; Using compiler version '192829333'; Build Type 'Release'
OS: 'Windows 11  (10.0.22631) 64bit Core' Language: 'en' Physical Memory: 16087 MB
BatchMode: 1, IsHumanControllingUs: 0, StartBugReporterOnCrash: 0, Is64bit: 1, IsPro: 1

COMMAND LINE ARGUMENTS:
C:\Program Files\Unity\Hub\Editor\2022.3.2f1\Editor\Unity.exe
-adb2
-batchMode
-noUpm
-name
AssetImportWorker6
-projectPath
C:/Users/Lolita/Desktop/Crawling3dd
-logFile
Logs/AssetImportWorker6.log
-srvPort
55411
Successfully changed project path to: C:/Users/Lolita/Desktop/Crawling3dd
C:/Users/Lolita/Desktop/Crawling3dd
[UnityMemory] Configuration Parameters - Can be set up in boot.config
    "memorysetup-bucket-allocator-granularity=16"
    "memorysetup-bucket-allocator-bucket-count=8"
    "memorysetup-bucket-allocator-block-size=33554432"
    "memorysetup-bucket-allocator-block-count=8"
    "memorysetup-main-allocator-block-size=16777216"
    "memorysetup-thread-allocator-block-size=16777216"
    "memorysetup-gfx-main-allocator-block-size=16777216"
    "memorysetup-gfx-thread-allocator-block-size=16777216"
    "memorysetup-cache-allocator-block-size=4194304"
    "memorysetup-typetree-allocator-block-size=2097152"
    "memorysetup-profiler-bucket-allocator-granularity=16"
    "memorysetup-profiler-bucket-allocator-bucket-count=8"
    "memorysetup-profiler-bucket-allocator-block-size=33554432"
    "memorysetup-profiler-bucket-allocator-block-count=8"
    "memorysetup-profiler-allocator-block-size=16777216"
    "memorysetup-profiler-editor-allocator-block-size=1048576"
    "memorysetup-temp-allocator-size-main=16777216"
    "memorysetup-job-temp-allocator-block-size=2097152"
    "memorysetup-job-temp-allocator-block-size-background=1048576"
    "memorysetup-job-temp-allocator-reduction-small-platforms=262144"
    "memorysetup-allocator-temp-initial-block-size-main=262144"
    "memorysetup-allocator-temp-initial-block-size-worker=262144"
    "memorysetup-temp-allocator-size-background-worker=32768"
    "memorysetup-temp-allocator-size-job-worker=262144"
    "memorysetup-temp-allocator-size-preload-manager=33554432"
    "memorysetup-temp-allocator-size-nav-mesh-worker=65536"
    "memorysetup-temp-allocator-size-audio-worker=65536"
    "memorysetup-temp-allocator-size-cloud-worker=32768"
    "memorysetup-temp-allocator-size-gi-baking-worker=262144"
    "memorysetup-temp-allocator-size-gfx=262144"
Player connection [33272] Host "[IP] 192.168.56.1 [Port] 0 [Flags] 2 [Guid] 1352139350 [EditorId] 1352139350 [Version] 1048832 [Id] WindowsEditor(7,MSI) [Debug] 1 [PackageName] WindowsEditor [ProjectName] Editor" joined multi-casting on [225.0.0.222:54997]...

Player connection [33272] Host "[IP] 192.168.56.1 [Port] 0 [Flags] 2 [Guid] 1352139350 [EditorId] 1352139350 [Version] 1048832 [Id] WindowsEditor(7,MSI) [Debug] 1 [PackageName] WindowsEditor [ProjectName] Editor" joined alternative multi-casting on [225.0.0.222:34997]...

Refreshing native plugins compatible for Editor in 5.19 ms, found 3 plugins.
Preloading 0 native plugins for Editor in 0.00 ms.
Initialize engine version: 2022.3.2f1 (d74737c6db50)
[Subsystems] Discovering subsystems at path C:/Program Files/Unity/Hub/Editor/2022.3.2f1/Editor/Data/Resources/UnitySubsystems
[Subsystems] Discovering subsystems at path C:/Users/Lolita/Desktop/Crawling3dd/Assets
GfxDevice: creating device client; threaded=0; jobified=0
Direct3D:
    Version:  Direct3D 11.0 [level 11.1]
    Renderer: NVIDIA GeForce RTX 4070 Laptop GPU (ID=0x2820)
    Vendor:   NVIDIA
    VRAM:     7948 MB
    Driver:   32.0.15.6636
Initialize mono
Mono path[0] = 'C:/Program Files/Unity/Hub/Editor/2022.3.2f1/Editor/Data/Managed'
Mono path[1] = 'C:/Program Files/Unity/Hub/Editor/2022.3.2f1/Editor/Data/MonoBleedingEdge/lib/mono/unityjit-win32'
Mono config path = 'C:/Program Files/Unity/Hub/Editor/2022.3.2f1/Editor/Data/MonoBleedingEdge/etc'
Using monoOptions --debugger-agent=transport=dt_socket,embedding=1,server=y,suspend=n,address=127.0.0.1:56856
Begin MonoManager ReloadAssembly
Registering precompiled unity dll's ...
Register platform support module: C:/Program Files/Unity/Hub/Editor/2022.3.2f1/Editor/Data/PlaybackEngines/WindowsStandaloneSupport/UnityEditor.WindowsStandalone.Extensions.dll
Registered in 0.004101 seconds.
- Loaded All Assemblies, in  2.091 seconds
Native extension for WindowsStandalone target not found
Mono: successfully reloaded assembly
- Finished resetting the current domain, in  0.195 seconds
Domain Reload Profiling: 2286ms
	BeginReloadAssembly (56ms)
		ExecutionOrderSort (0ms)
		DisableScriptedObjects (0ms)
		BackupInstance (0ms)
		ReleaseScriptingObjects (0ms)
		CreateAndSetChildDomain (0ms)
	RebuildCommonClasses (22ms)
	RebuildNativeTypeToScriptingClass (7ms)
	initialDomainReloadingComplete (37ms)
	LoadAllAssembliesAndSetupDomain (1969ms)
		LoadAssemblies (55ms)
		RebuildTransferFunctionScriptingTraits (0ms)
		AnalyzeDomain (1966ms)
			TypeCache.Refresh (1965ms)
				TypeCache.ScanAssembly (1074ms)
			ScanForSourceGeneratedMonoScriptInfo (0ms)
			ResolveRequiredComponents (1ms)
	FinalizeReload (195ms)
		ReleaseScriptCaches (0ms)
		RebuildScriptCaches (0ms)
		SetupLoadedEditorAssemblies (156ms)
			LogAssemblyErrors (0ms)
			InitializePlatformSupportModulesInManaged (7ms)
			SetLoadedEditorAssemblies (7ms)
			RefreshPlugins (0ms)
			BeforeProcessingInitializeOnLoad (1ms)
			ProcessInitializeOnLoadAttributes (94ms)
			ProcessInitializeOnLoadMethodAttributes (47ms)
			AfterProcessingInitializeOnLoad (0ms)
			EditorAssembliesLoaded (0ms)
		ExecutionOrderSort2 (0ms)
		AwakeInstancesAfterBackupRestoration (0ms)
========================================================================
Worker process is ready to serve import requests
Begin MonoManager ReloadAssembly
Symbol file LoadedFromMemory doesn't match image C:\Users\Lolita\Desktop\Crawling3dd\Library\PackageCache\com.unity.visualscripting@1.8.0\Editor\VisualScripting.Core\Dependencies\YamlDotNet\Unity.VisualScripting.YamlDotNet.dll
Symbol file LoadedFromMemory doesn't match image C:\Users\Lolita\Desktop\Crawling3dd\Library\PackageCache\com.unity.visualscripting@1.8.0\Editor\VisualScripting.Core\Dependencies\DotNetZip\Unity.VisualScripting.IonicZip.dll
- Loaded All Assemblies, in 14.273 seconds
Refreshing native plugins compatible for Editor in 1.74 ms, found 3 plugins.
Native extension for WindowsStandalone target not found
Mono: successfully reloaded assembly
- Finished resetting the current domain, in  0.692 seconds
Domain Reload Profiling: 14962ms
	BeginReloadAssembly (106ms)
		ExecutionOrderSort (0ms)
		DisableScriptedObjects (3ms)
		BackupInstance (0ms)
		ReleaseScriptingObjects (0ms)
		CreateAndSetChildDomain (20ms)
	RebuildCommonClasses (30ms)
	RebuildNativeTypeToScriptingClass (10ms)
	initialDomainReloadingComplete (34ms)
	LoadAllAssembliesAndSetupDomain (14090ms)
		LoadAssemblies (13075ms)
		RebuildTransferFunctionScriptingTraits (0ms)
		AnalyzeDomain (1068ms)
			TypeCache.Refresh (1054ms)
				TypeCache.ScanAssembly (954ms)
			ScanForSourceGeneratedMonoScriptInfo (12ms)
			ResolveRequiredComponents (3ms)
	FinalizeReload (692ms)
		ReleaseScriptCaches (0ms)
		RebuildScriptCaches (0ms)
		SetupLoadedEditorAssemblies (577ms)
			LogAssemblyErrors (0ms)
			InitializePlatformSupportModulesInManaged (5ms)
			SetLoadedEditorAssemblies (3ms)
			RefreshPlugins (0ms)
			BeforeProcessingInitializeOnLoad (47ms)
			ProcessInitializeOnLoadAttributes (500ms)
			ProcessInitializeOnLoadMethodAttributes (16ms)
			AfterProcessingInitializeOnLoad (6ms)
			EditorAssembliesLoaded (0ms)
		ExecutionOrderSort2 (0ms)
		AwakeInstancesAfterBackupRestoration (7ms)
Launched and connected shader compiler UnityShaderCompiler.exe after 0.09 seconds
Refreshing native plugins compatible for Editor in 2.76 ms, found 3 plugins.
Preloading 0 native plugins for Editor in 0.00 ms.
Unloading 3174 Unused Serialized files (Serialized files now loaded: 0)
Unloading 29 unused Assets / (56.3 KB). Loaded Objects now: 3638.
Memory consumption went from 117.8 MB to 117.7 MB.
Total: 2.870800 ms (FindLiveObjects: 0.185800 ms CreateObjectMapping: 0.105500 ms MarkObjects: 2.484900 ms  DeleteObjects: 0.093800 ms)

AssetImportParameters requested are different than current active one (requested -> active):
  custom:container-demuxer-ogg: 62fdf1f143b41e24485cea50d1cbac27 -> 
  custom:video-codec-MediaFoundation-h265: 746d11721c4dcdbdad8f713fa42b33f4 -> 
  custom:video-decoder-ogg-theora: a1e56fd34408186e4bbccfd4996cb3dc -> 
  custom:framework-win-MediaFoundation: 216162199b28c13a410421893ffa2e32 -> 
  custom:container-demuxer-webm: 4f35f7cbe854078d1ac9338744f61a02 -> 
  custom:container-muxer-webm: aa71ff27fc2769a1b78a27578f13a17b -> 
  custom:video-decoder-webm-vp8: 9c59270c3fd7afecdb556c50c9e8de78 -> 
  custom:AudioImporter_EditorPlatform: d09bf68614088b80899f8185d706f6e7 -> 
  custom:video-encoder-webm-vp8: eb34c28f22e8b96e1ab97ce403110664 -> 
  custom:audio-decoder-ogg-vorbis: bf7c407c2cedff20999df2af8eb42d56 -> 
  custom:audio-encoder-webm-vorbis: bf7c407c2cedff20999df2af8eb42d56 -> 
========================================================================
Received Prepare
Refreshing native plugins compatible for Editor in 3.22 ms, found 3 plugins.
Preloading 0 native plugins for Editor in 0.00 ms.
Unloading 1 Unused Serialized files (Serialized files now loaded: 0)
Unloading 1 unused Assets / (3.0 KB). Loaded Objects now: 3638.
Memory consumption went from 68.0 MB to 68.0 MB.
Total: 2.969900 ms (FindLiveObjects: 0.187500 ms CreateObjectMapping: 0.114300 ms MarkObjects: 2.642900 ms  DeleteObjects: 0.024000 ms)

Prepare: number of updated asset objects reloaded= 0
AssetImportParameters requested are different than current active one (requested -> active):
  custom:container-demuxer-ogg: 62fdf1f143b41e24485cea50d1cbac27 -> 
  custom:video-codec-MediaFoundation-h265: 746d11721c4dcdbdad8f713fa42b33f4 -> 
  custom:video-decoder-ogg-theora: a1e56fd34408186e4bbccfd4996cb3dc -> 
  custom:framework-win-MediaFoundation: 216162199b28c13a410421893ffa2e32 -> 
  custom:container-demuxer-webm: 4f35f7cbe854078d1ac9338744f61a02 -> 
  custom:container-muxer-webm: aa71ff27fc2769a1b78a27578f13a17b -> 
  custom:video-decoder-webm-vp8: 9c59270c3fd7afecdb556c50c9e8de78 -> 
  custom:SearchIndexIgnoredProperties: e643bd26f0fe6173181afceb89e7c659 -> 
  custom:AudioImporter_EditorPlatform: d09bf68614088b80899f8185d706f6e7 -> 
  custom:video-encoder-webm-vp8: eb34c28f22e8b96e1ab97ce403110664 -> 
  custom:audio-decoder-ogg-vorbis: bf7c407c2cedff20999df2af8eb42d56 -> 
  custom:audio-encoder-webm-vorbis: bf7c407c2cedff20999df2af8eb42d56 -> 
========================================================================
Received Import Request.
  Time since last request: 268431.646036 seconds.
  path: Assets/KinematicCharacterController/Examples/Materials/PlanetMaterial.mat
  artifactKey: Guid(27fb3f3f32e1b9948ae86dac6add45e7) Importer(2089858483,0ecaa5967403d082aa24f35e1b516d23)
Start importing Assets/KinematicCharacterController/Examples/Materials/PlanetMaterial.mat using Guid(27fb3f3f32e1b9948ae86dac6add45e7) Importer(2089858483,0ecaa5967403d082aa24f35e1b516d23) Generated GUIDs only implemented for interfaces!
 -> (artifact id: '933f35accc248a784d79603917be0394') in 0.139566 seconds
Number of updated asset objects reloaded before import = 0
Number of asset objects unloaded after import = 2
========================================================================
Received Import Request.
  Time since last request: 0.000019 seconds.
  path: Assets/KinematicCharacterController/Examples/Materials/Ghost.mat
  artifactKey: Guid(95ff44eaf07f3af4a8f8506dc52b2f49) Importer(2089858483,0ecaa5967403d082aa24f35e1b516d23)
Start importing Assets/KinematicCharacterController/Examples/Materials/Ghost.mat using Guid(95ff44eaf07f3af4a8f8506dc52b2f49) Importer(2089858483,0ecaa5967403d082aa24f35e1b516d23) Generated GUIDs only implemented for interfaces!
 -> (artifact id: 'a7aa2771f8f121d7fd1cbaf72cba430a') in 0.059407 seconds
Number of updated asset objects reloaded before import = 0
Number of asset objects unloaded after import = 1
========================================================================
Received Import Request.
  Time since last request: 0.000029 seconds.
  path: Assets/KinematicCharacterController/Examples/Materials/Teleporter.mat
  artifactKey: Guid(a4dda9ab07d60364890bdfe5abf41670) Importer(2089858483,0ecaa5967403d082aa24f35e1b516d23)
Start importing Assets/KinematicCharacterController/Examples/Materials/Teleporter.mat using Guid(a4dda9ab07d60364890bdfe5abf41670) Importer(2089858483,0ecaa5967403d082aa24f35e1b516d23) Generated GUIDs only implemented for interfaces!
 -> (artifact id: '9edacb1242d0849cca1aecbe77bff404') in 0.064383 seconds
Number of updated asset objects reloaded before import = 0
Number of asset objects unloaded after import = 1
========================================================================
Received Import Request.
  Time since last request: 0.000016 seconds.
  path: Assets/KinematicCharacterController/ExampleCharacter/Materials/White.mat
  artifactKey: Guid(cf774b4c734b1d04e9fbf6d71e964591) Importer(2089858483,0ecaa5967403d082aa24f35e1b516d23)
Start importing Assets/KinematicCharacterController/ExampleCharacter/Materials/White.mat using Guid(cf774b4c734b1d04e9fbf6d71e964591) Importer(2089858483,0ecaa5967403d082aa24f35e1b516d23) Generated GUIDs only implemented for interfaces!
 -> (artifact id: '52adaf4e6c1c53d4210739343e8b032b') in 0.035243 seconds
Number of updated asset objects reloaded before import = 0
Number of asset objects unloaded after import = 1
========================================================================
Received Import Request.
  Time since last request: 0.000041 seconds.
  path: Assets/KinematicCharacterController/Examples/Materials/Blue.mat
  artifactKey: Guid(60c42fb470eea2b4198867ba20e2b905) Importer(2089858483,0ecaa5967403d082aa24f35e1b516d23)
Start importing Assets/KinematicCharacterController/Examples/Materials/Blue.mat using Guid(60c42fb470eea2b4198867ba20e2b905) Importer(2089858483,0ecaa5967403d082aa24f35e1b516d23) Generated GUIDs only implemented for interfaces!
 -> (artifact id: 'de92aff843af2431017b019b903b192f') in 0.034187 seconds
Number of updated asset objects reloaded before import = 0
Number of asset objects unloaded after import = 1
========================================================================
Received Import Request.
  Time since last request: 0.000044 seconds.
  path: Assets/KinematicCharacterController/Examples/Scripts/PrefabLauncher.cs
  artifactKey: Guid(a743ceeddb93f0e4981433a18d793f00) Importer(2089858483,0ecaa5967403d082aa24f35e1b516d23)
Start importing Assets/KinematicCharacterController/Examples/Scripts/PrefabLauncher.cs using Guid(a743ceeddb93f0e4981433a18d793f00) Importer(2089858483,0ecaa5967403d082aa24f35e1b516d23) Generated GUIDs only implemented for interfaces!
 -> (artifact id: '2636bb2e49cd91f0a09cb97c3263a856') in 0.022777 seconds
Number of updated asset objects reloaded before import = 0
Number of asset objects unloaded after import = 1
========================================================================
Received Import Request.
  Time since last request: 0.000018 seconds.
  path: Assets/KinematicCharacterController/Examples/Scripts/BuildManager.cs
  artifactKey: Guid(4f83a0772ca2f284c97e6c2e3b8b6c5b) Importer(2089858483,0ecaa5967403d082aa24f35e1b516d23)
Start importing Assets/KinematicCharacterController/Examples/Scripts/BuildManager.cs using Guid(4f83a0772ca2f284c97e6c2e3b8b6c5b) Importer(2089858483,0ecaa5967403d082aa24f35e1b516d23) Generated GUIDs only implemented for interfaces!
 -> (artifact id: 'a04d246b518748dd6fcdf2754004ec63') in 0.012762 seconds
Number of updated asset objects reloaded before import = 0
Number of asset objects unloaded after import = 1
========================================================================
Received Import Request.
  Time since last request: 0.000016 seconds.
  path: Assets/KinematicCharacterController/Examples/Models/ring.fbx
  artifactKey: Guid(94c29bfdbb24c4e45a3bc0982aedb13b) Importer(2089858483,0ecaa5967403d082aa24f35e1b516d23)
Start importing Assets/KinematicCharacterController/Examples/Models/ring.fbx using Guid(94c29bfdbb24c4e45a3bc0982aedb13b) Importer(2089858483,0ecaa5967403d082aa24f35e1b516d23) Generated GUIDs only implemented for interfaces!
 -> (artifact id: '04e56fea6b9accfd890df6e15ee99cf7') in 0.073710 seconds
Number of updated asset objects reloaded before import = 0
Number of asset objects unloaded after import = 9
========================================================================
Received Import Request.
  Time since last request: 0.000021 seconds.
  path: Assets/KinematicCharacterController/ExampleCharacter/Scripts/ExamplePlayer.cs
  artifactKey: Guid(461cd396e3fc7cc4eb9c92bde05c1b9a) Importer(2089858483,0ecaa5967403d082aa24f35e1b516d23)
Start importing Assets/KinematicCharacterController/ExampleCharacter/Scripts/ExamplePlayer.cs using Guid(461cd396e3fc7cc4eb9c92bde05c1b9a) Importer(2089858483,0ecaa5967403d082aa24f35e1b516d23) Generated GUIDs only implemented for interfaces!
 -> (artifact id: '3076efd386be4294a5e74c7833681dbd') in 0.019758 seconds
Number of updated asset objects reloaded before import = 0
Number of asset objects unloaded after import = 1
========================================================================
Received Import Request.
  Time since last request: 0.000021 seconds.
  path: Assets/KinematicCharacterController/Walkthrough/5- Adding velocities and impulses/Scripts/MyCharacterController.cs
  artifactKey: Guid(76afa3ea12e7d63489360dc431d1d060) Importer(2089858483,0ecaa5967403d082aa24f35e1b516d23)
Start importing Assets/KinematicCharacterController/Walkthrough/5- Adding velocities and impulses/Scripts/MyCharacterController.cs using Guid(76afa3ea12e7d63489360dc431d1d060) Importer(2089858483,0ecaa5967403d082aa24f35e1b516d23) Generated GUIDs only implemented for interfaces!
 -> (artifact id: 'c85c4d78149482e6606319bfd711662e') in 0.019624 seconds
Number of updated asset objects reloaded before import = 0
Number of asset objects unloaded after import = 1
========================================================================
Received Import Request.
  Time since last request: 0.000017 seconds.
  path: Assets/KinematicCharacterController/Walkthrough/3- Jumping/Scene/WalkthroughScene3.unity
  artifactKey: Guid(10d8a9820a4bc8641b664104d8ab9b0b) Importer(2089858483,0ecaa5967403d082aa24f35e1b516d23)
Start importing Assets/KinematicCharacterController/Walkthrough/3- Jumping/Scene/WalkthroughScene3.unity using Guid(10d8a9820a4bc8641b664104d8ab9b0b) Importer(2089858483,0ecaa5967403d082aa24f35e1b516d23) Generated GUIDs only implemented for interfaces!
 -> (artifact id: '48925152ef2d858dae1e7c4ba3293b95') in 0.020650 seconds
Number of updated asset objects reloaded before import = 0
Number of asset objects unloaded after import = 1
========================================================================
Received Import Request.
  Time since last request: 0.000142 seconds.
  path: Assets/KinematicCharacterController/Walkthrough/12- NoClip state/Scripts/MyCharacterController.cs
  artifactKey: Guid(78ff0994cb11f364795e0da470aceef8) Importer(2089858483,0ecaa5967403d082aa24f35e1b516d23)
Start importing Assets/KinematicCharacterController/Walkthrough/12- NoClip state/Scripts/MyCharacterController.cs using Guid(78ff0994cb11f364795e0da470aceef8) Importer(2089858483,0ecaa5967403d082aa24f35e1b516d23) Generated GUIDs only implemented for interfaces!
 -> (artifact id: 'cebe334bd4a5d9c1c9579f0253b60ab2') in 0.025902 seconds
Number of updated asset objects reloaded before import = 0
Number of asset objects unloaded after import = 1
========================================================================
Received Import Request.
  Time since last request: 0.000042 seconds.
  path: Assets/KinematicCharacterController/ExampleCharacter/Prefabs/ExampleCamera.prefab
  artifactKey: Guid(c75e91cf060bbf04e89204fa400606df) Importer(2089858483,0ecaa5967403d082aa24f35e1b516d23)
Start importing Assets/KinematicCharacterController/ExampleCharacter/Prefabs/ExampleCamera.prefab using Guid(c75e91cf060bbf04e89204fa400606df) Importer(2089858483,0ecaa5967403d082aa24f35e1b516d23) Generated GUIDs only implemented for interfaces!
 -> (artifact id: '6278bd785fbeefca23fa48006466ecec') in 0.042334 seconds
Number of updated asset objects reloaded before import = 0
Number of asset objects unloaded after import = 8
========================================================================
Received Import Request.
  Time since last request: 0.000014 seconds.
  path: Assets/KinematicCharacterController/Examples/Prefabs/DynamicCube.prefab
  artifactKey: Guid(10c808cfbee7a32428c98c49e3fd5643) Importer(2089858483,0ecaa5967403d082aa24f35e1b516d23)
Start importing Assets/KinematicCharacterController/Examples/Prefabs/DynamicCube.prefab using Guid(10c808cfbee7a32428c98c49e3fd5643) Importer(2089858483,0ecaa5967403d082aa24f35e1b516d23) Generated GUIDs only implemented for interfaces!
 -> (artifact id: '902eb5d7f6b808ebe359a4dcad68d341') in 0.089553 seconds
Number of updated asset objects reloaded before import = 0
Number of asset objects unloaded after import = 9
========================================================================
Received Import Request.
  Time since last request: 0.000015 seconds.
  path: Assets/Scripts/Managers/KineCharSystem.cs
  artifactKey: Guid(de9752f741475fa44b60703da47ff94b) Importer(2089858483,0ecaa5967403d082aa24f35e1b516d23)
Start importing Assets/Scripts/Managers/KineCharSystem.cs using Guid(de9752f741475fa44b60703da47ff94b) Importer(2089858483,0ecaa5967403d082aa24f35e1b516d23) Generated GUIDs only implemented for interfaces!
 -> (artifact id: 'a14be1cc6002cf020bbddd0bd52f0598') in 0.015717 seconds
Number of updated asset objects reloaded before import = 0
Number of asset objects unloaded after import = 1
========================================================================
Received Import Request.
  Time since last request: 0.000017 seconds.
  path: Assets/KinematicCharacterController/Examples/Models/boat.fbx
  artifactKey: Guid(2bf2215389819b342a877f12b9473126) Importer(2089858483,0ecaa5967403d082aa24f35e1b516d23)
Start importing Assets/KinematicCharacterController/Examples/Models/boat.fbx using Guid(2bf2215389819b342a877f12b9473126) Importer(2089858483,0ecaa5967403d082aa24f35e1b516d23) Generated GUIDs only implemented for interfaces!
 -> (artifact id: 'fbe2b51352a4042d0467b2d1af12cbed') in 0.053269 seconds
Number of updated asset objects reloaded before import = 0
Number of asset objects unloaded after import = 47
========================================================================
Received Import Request.
  Time since last request: 0.000040 seconds.
  path: Assets/KinematicCharacterController/Walkthrough/13- Swimming state/Scene/WalkthroughScene13.unity
  artifactKey: Guid(dd899887b2fc18b46b5bd2b474774a2d) Importer(2089858483,0ecaa5967403d082aa24f35e1b516d23)
Start importing Assets/KinematicCharacterController/Walkthrough/13- Swimming state/Scene/WalkthroughScene13.unity using Guid(dd899887b2fc18b46b5bd2b474774a2d) Importer(2089858483,0ecaa5967403d082aa24f35e1b516d23) Generated GUIDs only implemented for interfaces!
 -> (artifact id: 'e582a471c762f2c07e1aebb0dfe74405') in 0.034685 seconds
Number of updated asset objects reloaded before import = 0
Number of asset objects unloaded after import = 1
========================================================================
Received Import Request.
  Time since last request: 0.000017 seconds.
  path: Assets/KinematicCharacterController/Examples/Textures/tile_green.png
  artifactKey: Guid(36b5b147a1e526747bad753e77aa33c1) Importer(2089858483,0ecaa5967403d082aa24f35e1b516d23)
Start importing Assets/KinematicCharacterController/Examples/Textures/tile_green.png using Guid(36b5b147a1e526747bad753e77aa33c1) Importer(2089858483,0ecaa5967403d082aa24f35e1b516d23) Generated GUIDs only implemented for interfaces!
 -> (artifact id: '45302d79f2f05a9b717785c4c17b8c16') in 0.056342 seconds
Number of updated asset objects reloaded before import = 0
Number of asset objects unloaded after import = 1
========================================================================
Received Import Request.
  Time since last request: 0.000018 seconds.
  path: Assets/KinematicCharacterController/Examples/Scripts/Teleporter.cs
  artifactKey: Guid(d9b74e337ef86d944adf66d1906f11e2) Importer(2089858483,0ecaa5967403d082aa24f35e1b516d23)
Start importing Assets/KinematicCharacterController/Examples/Scripts/Teleporter.cs using Guid(d9b74e337ef86d944adf66d1906f11e2) Importer(2089858483,0ecaa5967403d082aa24f35e1b516d23) Generated GUIDs only implemented for interfaces!
 -> (artifact id: 'c2c6708b15cb12f5de9e46b43a3c2e28') in 0.020201 seconds
Number of updated asset objects reloaded before import = 0
Number of asset objects unloaded after import = 1
========================================================================
Received Import Request.
  Time since last request: 0.000020 seconds.
  path: Assets/KinematicCharacterController/Walkthrough/14- Climbing Ladders/Scripts/MyLadder.cs
  artifactKey: Guid(7c9bfe760a258784bac7a3dfe4c2018d) Importer(2089858483,0ecaa5967403d082aa24f35e1b516d23)
Start importing Assets/KinematicCharacterController/Walkthrough/14- Climbing Ladders/Scripts/MyLadder.cs using Guid(7c9bfe760a258784bac7a3dfe4c2018d) Importer(2089858483,0ecaa5967403d082aa24f35e1b516d23) Generated GUIDs only implemented for interfaces!
 -> (artifact id: 'ee2d23298e103dbe52b895a2ebb98b16') in 0.022612 seconds
Number of updated asset objects reloaded before import = 0
Number of asset objects unloaded after import = 1
========================================================================
Received Import Request.
  Time since last request: 0.000038 seconds.
  path: Assets/KinematicCharacterController/Walkthrough/14- Climbing Ladders/Scene/WalkthroughScene14.unity
  artifactKey: Guid(99217385d36556848a4019cc1e7fa0d8) Importer(2089858483,0ecaa5967403d082aa24f35e1b516d23)
Start importing Assets/KinematicCharacterController/Walkthrough/14- Climbing Ladders/Scene/WalkthroughScene14.unity using Guid(99217385d36556848a4019cc1e7fa0d8) Importer(2089858483,0ecaa5967403d082aa24f35e1b516d23) Generated GUIDs only implemented for interfaces!
 -> (artifact id: '3025f6cc0f04ff48e2bffff65915d563') in 0.017525 seconds
Number of updated asset objects reloaded before import = 0
Number of asset objects unloaded after import = 1
========================================================================
Received Import Request.
  Time since last request: 0.000019 seconds.
  path: Assets/KinematicCharacterController/Walkthrough/14- Climbing Ladders/Scripts/MyCharacterController.cs
  artifactKey: Guid(8d44422eef151e74c8387f4da8838cf6) Importer(2089858483,0ecaa5967403d082aa24f35e1b516d23)
Start importing Assets/KinematicCharacterController/Walkthrough/14- Climbing Ladders/Scripts/MyCharacterController.cs using Guid(8d44422eef151e74c8387f4da8838cf6) Importer(2089858483,0ecaa5967403d082aa24f35e1b516d23) Generated GUIDs only implemented for interfaces!
 -> (artifact id: '2ae1c68d7f7f7cc11603a432b364262f') in 0.018586 seconds
Number of updated asset objects reloaded before import = 0
Number of asset objects unloaded after import = 1
========================================================================
Received Import Request.
  Time since last request: 0.000020 seconds.
  path: Assets/KinematicCharacterController/Examples/Materials/Water.mat
  artifactKey: Guid(1625f63737c872043b06db73c8670208) Importer(2089858483,0ecaa5967403d082aa24f35e1b516d23)
Start importing Assets/KinematicCharacterController/Examples/Materials/Water.mat using Guid(1625f63737c872043b06db73c8670208) Importer(2089858483,0ecaa5967403d082aa24f35e1b516d23) Generated GUIDs only implemented for interfaces!
 -> (artifact id: '3229146713fa4e8e4c7418be77c98e58') in 0.041066 seconds
Number of updated asset objects reloaded before import = 0
Number of asset objects unloaded after import = 1
========================================================================
Received Import Request.
  Time since last request: 0.000020 seconds.
  path: Assets/KinematicCharacterController/Examples/Prefabs/MovingPlatform (3).prefab
  artifactKey: Guid(21942bc8bd928e949a81a4291e63b4d0) Importer(2089858483,0ecaa5967403d082aa24f35e1b516d23)
Start importing Assets/KinematicCharacterController/Examples/Prefabs/MovingPlatform (3).prefab using Guid(21942bc8bd928e949a81a4291e63b4d0) Importer(2089858483,0ecaa5967403d082aa24f35e1b516d23) Generated GUIDs only implemented for interfaces!
 -> (artifact id: '28a9957781281fc070e0007d3d3c6e56') in 0.044541 seconds
Number of updated asset objects reloaded before import = 0
Number of asset objects unloaded after import = 12
========================================================================
Received Import Request.
  Time since last request: 0.000029 seconds.
  path: Assets/KinematicCharacterController/Walkthrough/7- Orienting towards arbitrary up direction/Scene/WalkthroughScene7/ReflectionProbe-0.exr
  artifactKey: Guid(b6a45624d7d32844b8bb269ec7827a86) Importer(2089858483,0ecaa5967403d082aa24f35e1b516d23)
Start importing Assets/KinematicCharacterController/Walkthrough/7- Orienting towards arbitrary up direction/Scene/WalkthroughScene7/ReflectionProbe-0.exr using Guid(b6a45624d7d32844b8bb269ec7827a86) Importer(2089858483,0ecaa5967403d082aa24f35e1b516d23) Generated GUIDs only implemented for interfaces!
 -> (artifact id: '00c237fa1302dea9e96793a12651e505') in 0.048921 seconds
Number of updated asset objects reloaded before import = 0
Number of asset objects unloaded after import = 1
========================================================================
Received Import Request.
  Time since last request: 0.000023 seconds.
  path: Assets/KinematicCharacterController/Walkthrough/12- NoClip state/Scene/WalkthroughScene12/LightingData.asset
  artifactKey: Guid(eeeef78adc5f0f948ae5ce452c42d9bf) Importer(2089858483,0ecaa5967403d082aa24f35e1b516d23)
Start importing Assets/KinematicCharacterController/Walkthrough/12- NoClip state/Scene/WalkthroughScene12/LightingData.asset using Guid(eeeef78adc5f0f948ae5ce452c42d9bf) Importer(2089858483,0ecaa5967403d082aa24f35e1b516d23) Generated GUIDs only implemented for interfaces!
 -> (artifact id: '4be9930db5d3d5ab058ce78b396daf78') in 0.032409 seconds
Number of updated asset objects reloaded before import = 0
Number of asset objects unloaded after import = 2
========================================================================
Received Import Request.
  Time since last request: 0.000013 seconds.
  path: Assets/KinematicCharacterController/Walkthrough/13- Swimming state/Scene/WalkthroughScene13/LightingData.asset
  artifactKey: Guid(ad04f42b5c282df45b6cb76c9d5d0ce7) Importer(2089858483,0ecaa5967403d082aa24f35e1b516d23)
Start importing Assets/KinematicCharacterController/Walkthrough/13- Swimming state/Scene/WalkthroughScene13/LightingData.asset using Guid(ad04f42b5c282df45b6cb76c9d5d0ce7) Importer(2089858483,0ecaa5967403d082aa24f35e1b516d23) Generated GUIDs only implemented for interfaces!
 -> (artifact id: '36df0fd5ec1bd5e5c4ab67f04be16392') in 0.019065 seconds
Number of updated asset objects reloaded before import = 0
Number of asset objects unloaded after import = 2
========================================================================
Received Import Request.
  Time since last request: 0.000012 seconds.
  path: Assets/KinematicCharacterController/Walkthrough/8- Creating a moving platform/Scene/WalkthroughScene8/ReflectionProbe-0.exr
  artifactKey: Guid(fbf7b294135fc4249a3b96454a47202f) Importer(2089858483,0ecaa5967403d082aa24f35e1b516d23)
Start importing Assets/KinematicCharacterController/Walkthrough/8- Creating a moving platform/Scene/WalkthroughScene8/ReflectionProbe-0.exr using Guid(fbf7b294135fc4249a3b96454a47202f) Importer(2089858483,0ecaa5967403d082aa24f35e1b516d23) Generated GUIDs only implemented for interfaces!
 -> (artifact id: '950b70c6bc0c9a28e1cdcb12be0e7921') in 0.026566 seconds
Number of updated asset objects reloaded before import = 0
Number of asset objects unloaded after import = 1
========================================================================
Received Import Request.
  Time since last request: 0.000012 seconds.
  path: Assets/KinematicCharacterController/Walkthrough/7- Orienting towards arbitrary up direction/Scripts/MyCharacterController.cs
  artifactKey: Guid(a5897ffdcb56cb34fad7242e28bb068f) Importer(2089858483,0ecaa5967403d082aa24f35e1b516d23)
Start importing Assets/KinematicCharacterController/Walkthrough/7- Orienting towards arbitrary up direction/Scripts/MyCharacterController.cs using Guid(a5897ffdcb56cb34fad7242e28bb068f) Importer(2089858483,0ecaa5967403d082aa24f35e1b516d23) Generated GUIDs only implemented for interfaces!
 -> (artifact id: 'a3c3274a43255046d88d065a110cb543') in 0.014574 seconds
Number of updated asset objects reloaded before import = 0
Number of asset objects unloaded after import = 1
========================================================================
Received Import Request.
  Time since last request: 0.000076 seconds.
  path: Assets/KinematicCharacterController/Walkthrough/8- Creating a moving platform/Scripts/MyCharacterController.cs
  artifactKey: Guid(4090afa9dd8ffc54ca975f9e29324797) Importer(2089858483,0ecaa5967403d082aa24f35e1b516d23)
Start importing Assets/KinematicCharacterController/Walkthrough/8- Creating a moving platform/Scripts/MyCharacterController.cs using Guid(4090afa9dd8ffc54ca975f9e29324797) Importer(2089858483,0ecaa5967403d082aa24f35e1b516d23) Generated GUIDs only implemented for interfaces!
 -> (artifact id: 'e1749fdc3701f6964344726e8419be8e') in 0.018752 seconds
Number of updated asset objects reloaded before import = 0
Number of asset objects unloaded after import = 1
========================================================================
Received Import Request.
  Time since last request: 0.000016 seconds.
  path: Assets/KinematicCharacterController/Walkthrough/3- Jumping/Scene/WalkthroughScene3/ReflectionProbe-0.exr
  artifactKey: Guid(18d9b5cfbe4e1f9459f9d9c422562181) Importer(2089858483,0ecaa5967403d082aa24f35e1b516d23)
Start importing Assets/KinematicCharacterController/Walkthrough/3- Jumping/Scene/WalkthroughScene3/ReflectionProbe-0.exr using Guid(18d9b5cfbe4e1f9459f9d9c422562181) Importer(2089858483,0ecaa5967403d082aa24f35e1b516d23) Generated GUIDs only implemented for interfaces!
 -> (artifact id: '45a55aefa4b91d777abb1f1f617a62a7') in 0.019346 seconds
Number of updated asset objects reloaded before import = 0
Number of asset objects unloaded after import = 1
========================================================================
Received Import Request.
  Time since last request: 0.000015 seconds.
  path: Assets/KinematicCharacterController/Walkthrough/9- Custom collision filtering/Scripts/MyPlayer.cs
  artifactKey: Guid(66147f6206095b548bf949f7637c6fe7) Importer(2089858483,0ecaa5967403d082aa24f35e1b516d23)
Start importing Assets/KinematicCharacterController/Walkthrough/9- Custom collision filtering/Scripts/MyPlayer.cs using Guid(66147f6206095b548bf949f7637c6fe7) Importer(2089858483,0ecaa5967403d082aa24f35e1b516d23) Generated GUIDs only implemented for interfaces!
 -> (artifact id: 'b9aae7331d3e8d8340eb87666b0bf566') in 0.015679 seconds
Number of updated asset objects reloaded before import = 0
Number of asset objects unloaded after import = 1
========================================================================
Received Import Request.
  Time since last request: 0.000014 seconds.
  path: Assets/KinematicCharacterController/Walkthrough/7- Orienting towards arbitrary up direction/Scene/WalkthroughScene7/LightingData.asset
  artifactKey: Guid(84876b735d66b0d42bb1765f7e84d2fc) Importer(2089858483,0ecaa5967403d082aa24f35e1b516d23)
Start importing Assets/KinematicCharacterController/Walkthrough/7- Orienting towards arbitrary up direction/Scene/WalkthroughScene7/LightingData.asset using Guid(84876b735d66b0d42bb1765f7e84d2fc) Importer(2089858483,0ecaa5967403d082aa24f35e1b516d23) Generated GUIDs only implemented for interfaces!
 -> (artifact id: '08d5c04c6a88887ce827f84af0af30e2') in 0.025779 seconds
Number of updated asset objects reloaded before import = 0
Number of asset objects unloaded after import = 2
========================================================================
Received Import Request.
  Time since last request: 0.000017 seconds.
  path: Assets/KinematicCharacterController/Walkthrough/1- Player Camera Character Setup/Scene/WalkthroughScene1/LightingData.asset
  artifactKey: Guid(59c94ba19ccaba442811b429355d9346) Importer(2089858483,0ecaa5967403d082aa24f35e1b516d23)
Start importing Assets/KinematicCharacterController/Walkthrough/1- Player Camera Character Setup/Scene/WalkthroughScene1/LightingData.asset using Guid(59c94ba19ccaba442811b429355d9346) Importer(2089858483,0ecaa5967403d082aa24f35e1b516d23) Generated GUIDs only implemented for interfaces!
 -> (artifact id: '2cc4a50403bd14d2c6ee2bf9c0e0f4ad') in 0.026932 seconds
Number of updated asset objects reloaded before import = 0
Number of asset objects unloaded after import = 2
========================================================================
Received Import Request.
  Time since last request: 0.000017 seconds.
  path: Assets/KinematicCharacterController/Walkthrough/15- Root motion example/EthanCharacter/Animation/HumanoidIdleJumpUp.fbx
  artifactKey: Guid(0d9d26e2162aa4d11ab075b34c029673) Importer(2089858483,0ecaa5967403d082aa24f35e1b516d23)
Start importing Assets/KinematicCharacterController/Walkthrough/15- Root motion example/EthanCharacter/Animation/HumanoidIdleJumpUp.fbx using Guid(0d9d26e2162aa4d11ab075b34c029673) Importer(2089858483,0ecaa5967403d082aa24f35e1b516d23) Generated GUIDs only implemented for interfaces!
 -> (artifact id: '20aa75d6df30fb801f5cce92e8c36d20') in 0.196515 seconds
Number of updated asset objects reloaded before import = 0
Number of asset objects unloaded after import = 182
========================================================================
Received Import Request.
  Time since last request: 0.000020 seconds.
  path: Assets/KinematicCharacterController/Walkthrough/15- Root motion example/EthanCharacter/Animation/HumanoidRunTurnSharp.fbx
  artifactKey: Guid(f2bed5dc5afacff44a00de8daae9703b) Importer(2089858483,0ecaa5967403d082aa24f35e1b516d23)
Start importing Assets/KinematicCharacterController/Walkthrough/15- Root motion example/EthanCharacter/Animation/HumanoidRunTurnSharp.fbx using Guid(f2bed5dc5afacff44a00de8daae9703b) Importer(2089858483,0ecaa5967403d082aa24f35e1b516d23) Generated GUIDs only implemented for interfaces!
 -> (artifact id: 'e8e587ecc1815083473d24943f7dfe0e') in 0.059513 seconds
Number of updated asset objects reloaded before import = 0
Number of asset objects unloaded after import = 158
========================================================================
Received Import Request.
  Time since last request: 0.000028 seconds.
  path: Assets/Scripts/Objects/SlowProjectileLaserTrap.cs
  artifactKey: Guid(9121e0a1827aebe4b82f34d646809a83) Importer(2089858483,0ecaa5967403d082aa24f35e1b516d23)
Start importing Assets/Scripts/Objects/SlowProjectileLaserTrap.cs using Guid(9121e0a1827aebe4b82f34d646809a83) Importer(2089858483,0ecaa5967403d082aa24f35e1b516d23) Generated GUIDs only implemented for interfaces!
 -> (artifact id: 'dc32555eae5b0bfe9f220a39dd108a62') in 0.019864 seconds
Number of updated asset objects reloaded before import = 0
Number of asset objects unloaded after import = 1
========================================================================
Received Import Request.
  Time since last request: 0.000032 seconds.
  path: Assets/KinematicCharacterController/Walkthrough/14- Climbing Ladders/Scripts/MyPlayer.cs
  artifactKey: Guid(73ad718951a54cd4da442fee50532dd1) Importer(2089858483,0ecaa5967403d082aa24f35e1b516d23)
Start importing Assets/KinematicCharacterController/Walkthrough/14- Climbing Ladders/Scripts/MyPlayer.cs using Guid(73ad718951a54cd4da442fee50532dd1) Importer(2089858483,0ecaa5967403d082aa24f35e1b516d23) Generated GUIDs only implemented for interfaces!
 -> (artifact id: '0b471858405b95973961a1be0ddb959b') in 0.017209 seconds
Number of updated asset objects reloaded before import = 0
Number of asset objects unloaded after import = 1
========================================================================
Received Import Request.
  Time since last request: 0.000014 seconds.
  path: Assets/KinematicCharacterController/Walkthrough/15- Root motion example/EthanCharacter/Models/Materials/EthanWhite.mat
  artifactKey: Guid(409d23918fda94d4daf83122bcb63ead) Importer(2089858483,0ecaa5967403d082aa24f35e1b516d23)
Start importing Assets/KinematicCharacterController/Walkthrough/15- Root motion example/EthanCharacter/Models/Materials/EthanWhite.mat using Guid(409d23918fda94d4daf83122bcb63ead) Importer(2089858483,0ecaa5967403d082aa24f35e1b516d23) Generated GUIDs only implemented for interfaces!
 -> (artifact id: '667b81a637398c68df03419e14de5a9c') in 0.032627 seconds
Number of updated asset objects reloaded before import = 0
Number of asset objects unloaded after import = 1
========================================================================
Received Import Request.
  Time since last request: 0.000016 seconds.
  path: Assets/KinematicCharacterController/Examples/Models/BigMesh.fbx
  artifactKey: Guid(7b3263440d2fce2469af539f2ea112d4) Importer(2089858483,0ecaa5967403d082aa24f35e1b516d23)
Start importing Assets/KinematicCharacterController/Examples/Models/BigMesh.fbx using Guid(7b3263440d2fce2469af539f2ea112d4) Importer(2089858483,0ecaa5967403d082aa24f35e1b516d23) Generated GUIDs only implemented for interfaces!
 -> (artifact id: '6ca9b6d6d5c9c784cc7f3820ad0d535e') in 0.048846 seconds
Number of updated asset objects reloaded before import = 0
Number of asset objects unloaded after import = 9
========================================================================
Received Import Request.
  Time since last request: 0.000016 seconds.
  path: Assets/Scripts/Managers/KineMotor.cs
  artifactKey: Guid(794c96334980b3c4687251e8cd111afd) Importer(2089858483,0ecaa5967403d082aa24f35e1b516d23)
Start importing Assets/Scripts/Managers/KineMotor.cs using Guid(794c96334980b3c4687251e8cd111afd) Importer(2089858483,0ecaa5967403d082aa24f35e1b516d23) Generated GUIDs only implemented for interfaces!
 -> (artifact id: '88f2f0e26c439f7ec631d42f0c336b11') in 0.017490 seconds
Number of updated asset objects reloaded before import = 0
Number of asset objects unloaded after import = 1
========================================================================
Received Import Request.
  Time since last request: 0.000039 seconds.
  path: Assets/KinematicCharacterController/Walkthrough/9- Custom collision filtering/Scene/WalkthroughScene9/ReflectionProbe-0.exr
  artifactKey: Guid(5fc3e69c31cba1f438f44440dd8e4dfc) Importer(2089858483,0ecaa5967403d082aa24f35e1b516d23)
Start importing Assets/KinematicCharacterController/Walkthrough/9- Custom collision filtering/Scene/WalkthroughScene9/ReflectionProbe-0.exr using Guid(5fc3e69c31cba1f438f44440dd8e4dfc) Importer(2089858483,0ecaa5967403d082aa24f35e1b516d23) Generated GUIDs only implemented for interfaces!
 -> (artifact id: '8e4e3afc35d94dfad2129f1690cbdf94') in 0.025126 seconds
Number of updated asset objects reloaded before import = 0
Number of asset objects unloaded after import = 1
========================================================================
Received Import Request.
  Time since last request: 0.000023 seconds.
  path: Assets/KinematicCharacterController/Examples/Models/StepTest3.fbx
  artifactKey: Guid(541ef61594cba1c4b848171826d808e0) Importer(2089858483,0ecaa5967403d082aa24f35e1b516d23)
Start importing Assets/KinematicCharacterController/Examples/Models/StepTest3.fbx using Guid(541ef61594cba1c4b848171826d808e0) Importer(2089858483,0ecaa5967403d082aa24f35e1b516d23) Generated GUIDs only implemented for interfaces!
 -> (artifact id: 'c8763239bb19e9807bd0943faa290553') in 0.037076 seconds
Number of updated asset objects reloaded before import = 0
Number of asset objects unloaded after import = 9
========================================================================
Received Import Request.
  Time since last request: 0.000014 seconds.
  path: Assets/KinematicCharacterController/Walkthrough/15- Root motion example/EthanCharacter/Animation/HumanoidStandTurn.fbx
  artifactKey: Guid(6fb3851da6a6f5948ab6892bee8ba920) Importer(2089858483,0ecaa5967403d082aa24f35e1b516d23)
Start importing Assets/KinematicCharacterController/Walkthrough/15- Root motion example/EthanCharacter/Animation/HumanoidStandTurn.fbx using Guid(6fb3851da6a6f5948ab6892bee8ba920) Importer(2089858483,0ecaa5967403d082aa24f35e1b516d23) Generated GUIDs only implemented for interfaces!
 -> (artifact id: '9093ad916696c8482cab7882ddaa8775') in 0.106514 seconds
Number of updated asset objects reloaded before import = 0
Number of asset objects unloaded after import = 160
========================================================================
Received Import Request.
  Time since last request: 0.000023 seconds.
  path: Assets/KinematicCharacterController/Walkthrough/6- Crouching/Scene/WalkthroughScene6/LightingData.asset
  artifactKey: Guid(3693a0216eec70942afc42b4c63cb5e6) Importer(2089858483,0ecaa5967403d082aa24f35e1b516d23)
Start importing Assets/KinematicCharacterController/Walkthrough/6- Crouching/Scene/WalkthroughScene6/LightingData.asset using Guid(3693a0216eec70942afc42b4c63cb5e6) Importer(2089858483,0ecaa5967403d082aa24f35e1b516d23) Generated GUIDs only implemented for interfaces!
 -> (artifact id: 'fcabeb881d57dd9230b6cb2c36ece4dc') in 0.037691 seconds
Number of updated asset objects reloaded before import = 0
Number of asset objects unloaded after import = 2
========================================================================
Received Import Request.
  Time since last request: 0.000025 seconds.
  path: Assets/KinematicCharacterController/Walkthrough/4- Landing and leaving ground/Scene/WalkthroughScene4/LightingData.asset
  artifactKey: Guid(ecf68cddd6f1b8a479a131105e9c5686) Importer(2089858483,0ecaa5967403d082aa24f35e1b516d23)
Start importing Assets/KinematicCharacterController/Walkthrough/4- Landing and leaving ground/Scene/WalkthroughScene4/LightingData.asset using Guid(ecf68cddd6f1b8a479a131105e9c5686) Importer(2089858483,0ecaa5967403d082aa24f35e1b516d23) Generated GUIDs only implemented for interfaces!
 -> (artifact id: 'b356ca03401de89299432078997f92f7') in 0.034822 seconds
Number of updated asset objects reloaded before import = 0
Number of asset objects unloaded after import = 2
========================================================================
Received Prepare
Begin MonoManager ReloadAssembly
Symbol file LoadedFromMemory doesn't match image C:\Users\Lolita\Desktop\Crawling3dd\Library\PackageCache\com.unity.visualscripting@1.8.0\Editor\VisualScripting.Core\Dependencies\YamlDotNet\Unity.VisualScripting.YamlDotNet.dll
Symbol file LoadedFromMemory doesn't match image C:\Users\Lolita\Desktop\Crawling3dd\Library\PackageCache\com.unity.visualscripting@1.8.0\Editor\VisualScripting.Core\Dependencies\DotNetZip\Unity.VisualScripting.IonicZip.dll
- Loaded All Assemblies, in  0.521 seconds
Refreshing native plugins compatible for Editor in 3.44 ms, found 3 plugins.
Native extension for WindowsStandalone target not found
Mono: successfully reloaded assembly
- Finished resetting the current domain, in  0.873 seconds
Domain Reload Profiling: 1392ms
	BeginReloadAssembly (113ms)
		ExecutionOrderSort (0ms)
		DisableScriptedObjects (2ms)
		BackupInstance (0ms)
		ReleaseScriptingObjects (0ms)
		CreateAndSetChildDomain (33ms)
	RebuildCommonClasses (23ms)
	RebuildNativeTypeToScriptingClass (8ms)
	initialDomainReloadingComplete (22ms)
	LoadAllAssembliesAndSetupDomain (353ms)
		LoadAssemblies (192ms)
		RebuildTransferFunctionScriptingTraits (0ms)
		AnalyzeDomain (206ms)
			TypeCache.Refresh (201ms)
				TypeCache.ScanAssembly (193ms)
			ScanForSourceGeneratedMonoScriptInfo (0ms)
			ResolveRequiredComponents (4ms)
	FinalizeReload (873ms)
		ReleaseScriptCaches (0ms)
		RebuildScriptCaches (0ms)
		SetupLoadedEditorAssemblies (514ms)
			LogAssemblyErrors (0ms)
			InitializePlatformSupportModulesInManaged (6ms)
			SetLoadedEditorAssemblies (4ms)
			RefreshPlugins (0ms)
			BeforeProcessingInitializeOnLoad (53ms)
			ProcessInitializeOnLoadAttributes (433ms)
			ProcessInitializeOnLoadMethodAttributes (12ms)
			AfterProcessingInitializeOnLoad (5ms)
			EditorAssembliesLoaded (0ms)
		ExecutionOrderSort2 (0ms)
		AwakeInstancesAfterBackupRestoration (6ms)
Refreshing native plugins compatible for Editor in 1.98 ms, found 3 plugins.
Preloading 0 native plugins for Editor in 0.00 ms.
Unloading 3166 Unused Serialized files (Serialized files now loaded: 0)
Unloading 20 unused Assets / (30.5 KB). Loaded Objects now: 3642.
Memory consumption went from 116.7 MB to 116.7 MB.
Total: 2.419100 ms (FindLiveObjects: 0.137300 ms CreateObjectMapping: 0.053800 ms MarkObjects: 2.179700 ms  DeleteObjects: 0.047300 ms)

Prepare: number of updated asset objects reloaded= 0
AssetImportParameters requested are different than current active one (requested -> active):
  custom:container-demuxer-ogg: 62fdf1f143b41e24485cea50d1cbac27 -> 
  custom:video-codec-MediaFoundation-h265: 746d11721c4dcdbdad8f713fa42b33f4 -> 
  custom:video-decoder-ogg-theora: a1e56fd34408186e4bbccfd4996cb3dc -> 
  custom:framework-win-MediaFoundation: 216162199b28c13a410421893ffa2e32 -> 
  custom:container-demuxer-webm: 4f35f7cbe854078d1ac9338744f61a02 -> 
  custom:container-muxer-webm: aa71ff27fc2769a1b78a27578f13a17b -> 
  custom:video-decoder-webm-vp8: 9c59270c3fd7afecdb556c50c9e8de78 -> 
  custom:SearchIndexIgnoredProperties: e643bd26f0fe6173181afceb89e7c659 -> 
  custom:AudioImporter_EditorPlatform: d09bf68614088b80899f8185d706f6e7 -> 
  custom:video-encoder-webm-vp8: eb34c28f22e8b96e1ab97ce403110664 -> 
  custom:audio-decoder-ogg-vorbis: bf7c407c2cedff20999df2af8eb42d56 -> 
  custom:audio-encoder-webm-vorbis: bf7c407c2cedff20999df2af8eb42d56 -> 
